Archive member included to satisfy reference by file (symbol)

/home/developer/SimplicityStudio_v5/developer/toolchains/gnu_arm/12.2.rel1_2023.7/bin/../lib/gcc/arm-none-eabi/12.2.1/thumb/v8-m.main+fp/hard/libgcc.a(_aeabi_ldivmod.o)
                              ./simplicity_sdk_2025.6.2/platform/emlib/src/em_eusart.o (__aeabi_ldivmod)
/home/developer/SimplicityStudio_v5/developer/toolchains/gnu_arm/12.2.rel1_2023.7/bin/../lib/gcc/arm-none-eabi/12.2.1/thumb/v8-m.main+fp/hard/libgcc.a(_aeabi_uldivmod.o)
                              ./simplicity_sdk_2025.6.2/platform/emlib/src/em_eusart.o (__aeabi_uldivmod)
/home/developer/SimplicityStudio_v5/developer/toolchains/gnu_arm/12.2.rel1_2023.7/bin/../lib/gcc/arm-none-eabi/12.2.1/thumb/v8-m.main+fp/hard/libgcc.a(_udivmoddi4.o)
                              /home/developer/SimplicityStudio_v5/developer/toolchains/gnu_arm/12.2.rel1_2023.7/bin/../lib/gcc/arm-none-eabi/12.2.1/thumb/v8-m.main+fp/hard/libgcc.a(_aeabi_ldivmod.o) (__udivmoddi4)
/home/developer/SimplicityStudio_v5/developer/toolchains/gnu_arm/12.2.rel1_2023.7/bin/../lib/gcc/arm-none-eabi/12.2.1/thumb/v8-m.main+fp/hard/libgcc.a(_dvmd_tls.o)
                              /home/developer/SimplicityStudio_v5/developer/toolchains/gnu_arm/12.2.rel1_2023.7/bin/../lib/gcc/arm-none-eabi/12.2.1/thumb/v8-m.main+fp/hard/libgcc.a(_aeabi_ldivmod.o) (__aeabi_ldiv0)
/home/developer/SimplicityStudio_v5/developer/toolchains/gnu_arm/12.2.rel1_2023.7/bin/../lib/gcc/arm-none-eabi/12.2.1/../../../../arm-none-eabi/lib/thumb/v8-m.main+fp/hard/libc_nano.a(libc_a-exit.o)
                              /home/developer/SimplicityStudio_v5/developer/toolchains/gnu_arm/12.2.rel1_2023.7/bin/../lib/gcc/arm-none-eabi/12.2.1/../../../../arm-none-eabi/lib/thumb/v8-m.main+fp/hard/crt0.o (exit)
/home/developer/SimplicityStudio_v5/developer/toolchains/gnu_arm/12.2.rel1_2023.7/bin/../lib/gcc/arm-none-eabi/12.2.1/../../../../arm-none-eabi/lib/thumb/v8-m.main+fp/hard/libc_nano.a(libc_a-init.o)
                              /home/developer/SimplicityStudio_v5/developer/toolchains/gnu_arm/12.2.rel1_2023.7/bin/../lib/gcc/arm-none-eabi/12.2.1/../../../../arm-none-eabi/lib/thumb/v8-m.main+fp/hard/crt0.o (__libc_init_array)
/home/developer/SimplicityStudio_v5/developer/toolchains/gnu_arm/12.2.rel1_2023.7/bin/../lib/gcc/arm-none-eabi/12.2.1/../../../../arm-none-eabi/lib/thumb/v8-m.main+fp/hard/libc_nano.a(libc_a-strcmp.o)
                              ./autogen/sl_iostream_handles.o (strcmp)
/home/developer/SimplicityStudio_v5/developer/toolchains/gnu_arm/12.2.rel1_2023.7/bin/../lib/gcc/arm-none-eabi/12.2.1/../../../../arm-none-eabi/lib/thumb/v8-m.main+fp/hard/libc_nano.a(libc_a-vprintf.o)
                              ./simplicity_sdk_2025.6.2/platform/service/iostream/src/sl_iostream.o (vprintf)
/home/developer/SimplicityStudio_v5/developer/toolchains/gnu_arm/12.2.rel1_2023.7/bin/../lib/gcc/arm-none-eabi/12.2.1/../../../../arm-none-eabi/lib/thumb/v8-m.main+fp/hard/libc_nano.a(libc_a-impure.o)
                              ./simplicity_sdk_2025.6.2/platform/service/iostream/src/sl_iostream_stdlib_config.o (_impure_ptr)
/home/developer/SimplicityStudio_v5/developer/toolchains/gnu_arm/12.2.rel1_2023.7/bin/../lib/gcc/arm-none-eabi/12.2.1/../../../../arm-none-eabi/lib/thumb/v8-m.main+fp/hard/libc_nano.a(libc_a-memcpy-stub.o)
                              ./simplicity_sdk_2025.6.2/platform/service/iostream/src/sl_iostream_uart.o (memcpy)
/home/developer/SimplicityStudio_v5/developer/toolchains/gnu_arm/12.2.rel1_2023.7/bin/../lib/gcc/arm-none-eabi/12.2.1/../../../../arm-none-eabi/lib/thumb/v8-m.main+fp/hard/libc_nano.a(libc_a-findfp.o)
                              /home/developer/SimplicityStudio_v5/developer/toolchains/gnu_arm/12.2.rel1_2023.7/bin/../lib/gcc/arm-none-eabi/12.2.1/../../../../arm-none-eabi/lib/thumb/v8-m.main+fp/hard/libc_nano.a(libc_a-exit.o) (__stdio_exit_handler)
/home/developer/SimplicityStudio_v5/developer/toolchains/gnu_arm/12.2.rel1_2023.7/bin/../lib/gcc/arm-none-eabi/12.2.1/../../../../arm-none-eabi/lib/thumb/v8-m.main+fp/hard/libc_nano.a(libc_a-setvbuf.o)
                              ./simplicity_sdk_2025.6.2/platform/service/iostream/src/sl_iostream_stdlib_config.o (setvbuf)
/home/developer/SimplicityStudio_v5/developer/toolchains/gnu_arm/12.2.rel1_2023.7/bin/../lib/gcc/arm-none-eabi/12.2.1/../../../../arm-none-eabi/lib/thumb/v8-m.main+fp/hard/libc_nano.a(libc_a-stdio.o)
                              /home/developer/SimplicityStudio_v5/developer/toolchains/gnu_arm/12.2.rel1_2023.7/bin/../lib/gcc/arm-none-eabi/12.2.1/../../../../arm-none-eabi/lib/thumb/v8-m.main+fp/hard/libc_nano.a(libc_a-findfp.o) (__sread)
/home/developer/SimplicityStudio_v5/developer/toolchains/gnu_arm/12.2.rel1_2023.7/bin/../lib/gcc/arm-none-eabi/12.2.1/../../../../arm-none-eabi/lib/thumb/v8-m.main+fp/hard/libc_nano.a(libc_a-ctype_.o)
                              ./simplicity_sdk_2025.6.2/platform/common/src/sl_string.o (_ctype_)
[...]
Memory Configuration

Name             Origin             Length             Attributes
FLASH            0x0000000008000000 0x000000000017e000 xr
RAM              0x0000000020000000 0x0000000000040000 xrw
*default*        0x0000000000000000 0xffffffffffffffff

Linker script and memory map

LOAD /home/developer/SimplicityStudio_v5/developer/toolchains/gnu_arm/12.2.rel1_2023.7/bin/../lib/gcc/arm-none-eabi/12.2.1/thumb/v8-m.main+fp/hard/crti.o
LOAD /home/developer/SimplicityStudio_v5/developer/toolchains/gnu_arm/12.2.rel1_2023.7/bin/../lib/gcc/arm-none-eabi/12.2.1/thumb/v8-m.main+fp/hard/crtbegin.o
LOAD /home/developer/SimplicityStudio_v5/developer/toolchains/gnu_arm/12.2.rel1_2023.7/bin/../lib/gcc/arm-none-eabi/12.2.1/../../../../arm-none-eabi/lib/thumb/v8-m.main+fp/hard/crt0.o
START GROUP
LOAD ./app.o
LOAD ./main.o
LOAD ./autogen/sl_board_default_init.o
LOAD ./autogen/sl_event_handler.o
LOAD ./autogen/sl_iostream_handles.o
LOAD ./autogen/sl_iostream_init_usart_instances.o
LOAD ./simplicity_sdk_2025.6.2/app/common/util/app_log/app_log.o
LOAD ./simplicity_sdk_2025.6.2/hardware/board/src/sl_board_control_gpio.o
LOAD ./simplicity_sdk_2025.6.2/hardware/board/src/sl_board_init.o
LOAD ./simplicity_sdk_2025.6.2/hardware/driver/configuration_over_swo/src/sl_cos.o
LOAD ./simplicity_sdk_2025.6.2/hardware/driver/mx25_flash_shutdown/src/sl_mx25_flash_shutdown_eusart/sl_mx25_flash_shutdown.o
LOAD ./simplicity_sdk_2025.6.2/platform/Device/SiliconLabs/EFR32MG24/Source/startup_efr32mg24.o
LOAD ./simplicity_sdk_2025.6.2/platform/Device/SiliconLabs/EFR32MG24/Source/system_efr32mg24.o
LOAD ./simplicity_sdk_2025.6.2/platform/common/src/sl_assert.o
LOAD ./simplicity_sdk_2025.6.2/platform/common/src/sl_core_cortexm.o
LOAD ./simplicity_sdk_2025.6.2/platform/common/src/sl_slist.o
LOAD ./simplicity_sdk_2025.6.2/platform/common/src/sl_string.o
LOAD ./simplicity_sdk_2025.6.2/platform/common/src/sl_syscalls.o
LOAD ./simplicity_sdk_2025.6.2/platform/driver/debug/src/sl_debug_swo.o
LOAD ./simplicity_sdk_2025.6.2/platform/driver/gpio/src/sl_gpio.o
LOAD ./simplicity_sdk_2025.6.2/platform/emdrv/dmadrv/src/dmadrv.o
LOAD ./simplicity_sdk_2025.6.2/platform/emlib/src/em_burtc.o
LOAD ./simplicity_sdk_2025.6.2/platform/emlib/src/em_cmu.o
LOAD ./simplicity_sdk_2025.6.2/platform/emlib/src/em_emu.o
LOAD ./simplicity_sdk_2025.6.2/platform/emlib/src/em_eusart.o
LOAD ./simplicity_sdk_2025.6.2/platform/emlib/src/em_gpio.o
LOAD ./simplicity_sdk_2025.6.2/platform/emlib/src/em_iadc.o
LOAD ./simplicity_sdk_2025.6.2/platform/emlib/src/em_ldma.o
LOAD ./simplicity_sdk_2025.6.2/platform/emlib/src/em_msc.o
LOAD ./simplicity_sdk_2025.6.2/platform/emlib/src/em_prs.o
LOAD ./simplicity_sdk_2025.6.2/platform/emlib/src/em_system.o
LOAD ./simplicity_sdk_2025.6.2/platform/emlib/src/em_timer.o
LOAD ./simplicity_sdk_2025.6.2/platform/emlib/src/em_usart.o
LOAD ./simplicity_sdk_2025.6.2/platform/peripheral/src/sl_hal_gpio.o
LOAD ./simplicity_sdk_2025.6.2/platform/peripheral/src/sl_hal_sysrtc.o
LOAD ./simplicity_sdk_2025.6.2/platform/service/clock_manager/src/sl_clock_manager.o
LOAD ./simplicity_sdk_2025.6.2/platform/service/clock_manager/src/sl_clock_manager_hal_s2.o
LOAD ./simplicity_sdk_2025.6.2/platform/service/clock_manager/src/sl_clock_manager_init.o
LOAD ./simplicity_sdk_2025.6.2/platform/service/clock_manager/src/sl_clock_manager_init_hal_s2.o
LOAD ./simplicity_sdk_2025.6.2/platform/service/device_init/src/sl_device_init_dcdc_s2.o
LOAD ./simplicity_sdk_2025.6.2/platform/service/device_init/src/sl_device_init_emu_s2.o
LOAD ./simplicity_sdk_2025.6.2/platform/service/device_manager/clocks/sl_device_clock_efr32xg24.o
LOAD ./simplicity_sdk_2025.6.2/platform/service/device_manager/devices/sl_device_peripheral_hal_efr32xg24.o
LOAD ./simplicity_sdk_2025.6.2/platform/service/device_manager/src/sl_device_clock.o
LOAD ./simplicity_sdk_2025.6.2/platform/service/device_manager/src/sl_device_gpio.o
LOAD ./simplicity_sdk_2025.6.2/platform/service/device_manager/src/sl_device_peripheral.o
LOAD ./simplicity_sdk_2025.6.2/platform/service/interrupt_manager/src/sl_interrupt_manager_cortexm.o
LOAD ./simplicity_sdk_2025.6.2/platform/service/iostream/src/sl_iostream.o
LOAD ./simplicity_sdk_2025.6.2/platform/service/iostream/src/sl_iostream_retarget_stdio.o
LOAD ./simplicity_sdk_2025.6.2/platform/service/iostream/src/sl_iostream_stdlib_config.o
LOAD ./simplicity_sdk_2025.6.2/platform/service/iostream/src/sl_iostream_uart.o
LOAD ./simplicity_sdk_2025.6.2/platform/service/iostream/src/sl_iostream_usart.o
LOAD ./simplicity_sdk_2025.6.2/platform/service/memory_manager/src/sl_memory_manager_region.o
LOAD ./simplicity_sdk_2025.6.2/platform/service/sl_main/sl_system_compatibility/src/sl_system_compatibility.o
LOAD ./simplicity_sdk_2025.6.2/platform/service/sl_main/src/sl_main_init.o
LOAD ./simplicity_sdk_2025.6.2/platform/service/sl_main/src/sl_main_init_memory.o
LOAD ./simplicity_sdk_2025.6.2/platform/service/sl_main/src/sl_main_process_action.o
LOAD ./simplicity_sdk_2025.6.2/platform/service/sleeptimer/src/sl_sleeptimer.o
LOAD ./simplicity_sdk_2025.6.2/platform/service/sleeptimer/src/sl_sleeptimer_hal_burtc.o
LOAD ./simplicity_sdk_2025.6.2/platform/service/sleeptimer/src/sl_sleeptimer_hal_sysrtc.o
LOAD ./simplicity_sdk_2025.6.2/platform/service/sleeptimer/src/sl_sleeptimer_hal_timer.o
LOAD ./simplicity_sdk_2025.6.2/platform/service/udelay/src/sl_udelay.o
LOAD ./simplicity_sdk_2025.6.2/platform/service/udelay/src/sl_udelay_armv6m_gcc.o
LOAD /home/developer/SimplicityStudio_v5/developer/toolchains/gnu_arm/12.2.rel1_2023.7/bin/../lib/gcc/arm-none-eabi/12.2.1/thumb/v8-m.main+fp/hard/libgcc.a
LOAD /home/developer/SimplicityStudio_v5/developer/toolchains/gnu_arm/12.2.rel1_2023.7/bin/../lib/gcc/arm-none-eabi/12.2.1/../../../../arm-none-eabi/lib/thumb/v8-m.main+fp/hard/libc_nano.a
LOAD /home/developer/SimplicityStudio_v5/developer/toolchains/gnu_arm/12.2.rel1_2023.7/bin/../lib/gcc/arm-none-eabi/12.2.1/../../../../arm-none-eabi/lib/thumb/v8-m.main+fp/hard/libm.a
LOAD /home/developer/SimplicityStudio_v5/developer/toolchains/gnu_arm/12.2.rel1_2023.7/bin/../lib/gcc/arm-none-eabi/12.2.1/../../../../arm-none-eabi/lib/thumb/v8-m.main+fp/hard/libnosys.a
END GROUP
START GROUP
LOAD /home/developer/SimplicityStudio_v5/developer/toolchains/gnu_arm/12.2.rel1_2023.7/bin/../lib/gcc/arm-none-eabi/12.2.1/thumb/v8-m.main+fp/hard/libgcc.a
LOAD /home/developer/SimplicityStudio_v5/developer/toolchains/gnu_arm/12.2.rel1_2023.7/bin/../lib/gcc/arm-none-eabi/12.2.1/../../../../arm-none-eabi/lib/thumb/v8-m.main+fp/hard/libc_nano.a
LOAD /home/developer/SimplicityStudio_v5/developer/toolchains/gnu_arm/12.2.rel1_2023.7/bin/../lib/gcc/arm-none-eabi/12.2.1/../../../../arm-none-eabi/lib/thumb/v8-m.main+fp/hard/libnosys.a
END GROUP
START GROUP
LOAD /home/developer/SimplicityStudio_v5/developer/toolchains/gnu_arm/12.2.rel1_2023.7/bin/../lib/gcc/arm-none-eabi/12.2.1/thumb/v8-m.main+fp/hard/libgcc.a
LOAD /home/developer/SimplicityStudio_v5/developer/toolchains/gnu_arm/12.2.rel1_2023.7/bin/../lib/gcc/arm-none-eabi/12.2.1/../../../../arm-none-eabi/lib/thumb/v8-m.main+fp/hard/libg_nano.a
LOAD /home/developer/SimplicityStudio_v5/developer/toolchains/gnu_arm/12.2.rel1_2023.7/bin/../lib/gcc/arm-none-eabi/12.2.1/../../../../arm-none-eabi/lib/thumb/v8-m.main+fp/hard/libc_nano.a
END GROUP
START GROUP
LOAD /home/developer/SimplicityStudio_v5/developer/toolchains/gnu_arm/12.2.rel1_2023.7/bin/../lib/gcc/arm-none-eabi/12.2.1/thumb/v8-m.main+fp/hard/libgcc.a
LOAD /home/developer/SimplicityStudio_v5/developer/toolchains/gnu_arm/12.2.rel1_2023.7/bin/../lib/gcc/arm-none-eabi/12.2.1/../../../../arm-none-eabi/lib/thumb/v8-m.main+fp/hard/libc_nano.a
END GROUP
LOAD /home/developer/SimplicityStudio_v5/developer/toolchains/gnu_arm/12.2.rel1_2023.7/bin/../lib/gcc/arm-none-eabi/12.2.1/thumb/v8-m.main+fp/hard/crtend.o
LOAD /home/developer/SimplicityStudio_v5/developer/toolchains/gnu_arm/12.2.rel1_2023.7/bin/../lib/gcc/arm-none-eabi/12.2.1/thumb/v8-m.main+fp/hard/crtn.o

.vectors        0x0000000008000000      0x170
                0x0000000008000000                linker_vectors_begin = .
 *(.vectors)
 .vectors       0x0000000008000000      0x170 ./simplicity_sdk_2025.6.2/platform/Device/SiliconLabs/EFR32MG24/Source/startup_efr32mg24.o
                0x0000000008000000                __Vectors
                0x0000000008000170                linker_vectors_end = .
                0x0000000008000170                __Vectors_End = .
                0x0000000008000170                __Vectors_Size = (__Vectors_End - __Vectors)

.stack          0x0000000020000000     0x1000
                0x0000000020000000                . = ALIGN (0x8)
                0x0000000020000000                __StackLimit = .
 *(.stack*)
 .stack         0x0000000020000000     0x1000 ./simplicity_sdk_2025.6.2/platform/service/memory_manager/src/sl_memory_manager_region.o
                0x0000000020001000                . = ALIGN (0x4)
                0x0000000020001000                __StackTop = .
                0x0000000020001000                PROVIDE (__stack = __StackTop)

.bss            0x0000000020001000      0x564
                0x0000000020001000                . = ALIGN (0x4)
                0x0000000020001000                __bss_start__ = .
 *(SORT_BY_ALIGNMENT(.bss*))
 .bss.object.0  0x0000000020001000       0x18 /home/developer/SimplicityStudio_v5/developer/toolchains/gnu_arm/12.2.rel1_2023.7/bin/../lib/gcc/arm-none-eabi/12.2.1/thumb/v8-m.main+fp/hard/crtbegin.o
 .bss.sl_iostream_recommended_console_stream
                0x0000000020001018        0x4 ./autogen/sl_iostream_handles.o
                0x0000000020001018                sl_iostream_recommended_console_stream
 .bss.context_log_uart
                0x000000002000101c       0xb4 ./autogen/sl_iostream_init_usart_instances.o
 .bss.sl_iostream_log_uart
                0x00000000200010d0       0x1c ./autogen/sl_iostream_init_usart_instances.o
 .bss.app_log_iostream
                0x00000000200010ec        0x4 ./simplicity_sdk_2025.6.2/app/common/util/app_log/app_log.o
                0x00000000200010ec                app_log_iostream
 .bss.gpio_interrupts
                0x00000000200010f0      0x168 ./simplicity_sdk_2025.6.2/platform/driver/gpio/src/sl_gpio.o
 .bss.dmaXfer   0x0000000020001258      0x100 ./simplicity_sdk_2025.6.2/platform/emdrv/dmadrv/src/dmadrv.o
 .bss.chTable   0x0000000020001358       0x80 ./simplicity_sdk_2025.6.2/platform/emdrv/dmadrv/src/dmadrv.o
 .bss.sli_iostream_default
                0x00000000200013d8        0x4 ./simplicity_sdk_2025.6.2/platform/service/iostream/src/sl_iostream.o
 .bss.max_millisecond_conversion
                0x00000000200013dc        0x4 ./simplicity_sdk_2025.6.2/platform/service/sleeptimer/src/sl_sleeptimer.o
 .bss.last_delta_update_count
                0x00000000200013e0        0x4 ./simplicity_sdk_2025.6.2/platform/service/sleeptimer/src/sl_sleeptimer.o
 .bss.timer_head
                0x00000000200013e4        0x4 ./simplicity_sdk_2025.6.2/platform/service/sleeptimer/src/sl_sleeptimer.o
 .bss.timer_frequency
                0x00000000200013e8        0x4 ./simplicity_sdk_2025.6.2/platform/service/sleeptimer/src/sl_sleeptimer.o
 .bss.overflow_counter
                0x00000000200013ec        0x4 ./simplicity_sdk_2025.6.2/platform/service/sleeptimer/src/sl_sleeptimer.o
 .bss.__sf      0x00000000200013f0      0x138 /home/developer/SimplicityStudio_v5/developer/toolchains/gnu_arm/12.2.rel1_2023.7/bin/../lib/gcc/arm-none-eabi/12.2.1/../../../../arm-none-eabi/lib/thumb/v8-m.main+fp/hard/libc_nano.a(libc_a-findfp.o)
                0x00000000200013f0                __sf
 .bss.__stdio_exit_handler
                0x0000000020001528        0x4 /home/developer/SimplicityStudio_v5/developer/toolchains/gnu_arm/12.2.rel1_2023.7/bin/../lib/gcc/arm-none-eabi/12.2.1/../../../../arm-none-eabi/lib/thumb/v8-m.main+fp/hard/libc_nano.a(libc_a-findfp.o)
                0x0000000020001528                __stdio_exit_handler
 .bss.errno     0x000000002000152c        0x4 /home/developer/SimplicityStudio_v5/developer/toolchains/gnu_arm/12.2.rel1_2023.7/bin/../lib/gcc/arm-none-eabi/12.2.1/../../../../arm-none-eabi/lib/thumb/v8-m.main+fp/hard/libc_nano.a(libc_a-reent.o)
                0x000000002000152c                errno
 .bss.__malloc_sbrk_start
                0x0000000020001530        0x4 /home/developer/SimplicityStudio_v5/developer/toolchains/gnu_arm/12.2.rel1_2023.7/bin/../lib/gcc/arm-none-eabi/12.2.1/../../../../arm-none-eabi/lib/thumb/v8-m.main+fp/hard/libc_nano.a(libc_a-mallocr.o)
                0x0000000020001530                __malloc_sbrk_start
 .bss.__malloc_free_list
                0x0000000020001534        0x4 /home/developer/SimplicityStudio_v5/developer/toolchains/gnu_arm/12.2.rel1_2023.7/bin/../lib/gcc/arm-none-eabi/12.2.1/../../../../arm-none-eabi/lib/thumb/v8-m.main+fp/hard/libc_nano.a(libc_a-mallocr.o)
                0x0000000020001534                __malloc_free_list
 .bss.completed.1
                0x0000000020001538        0x1 /home/developer/SimplicityStudio_v5/developer/toolchains/gnu_arm/12.2.rel1_2023.7/bin/../lib/gcc/arm-none-eabi/12.2.1/thumb/v8-m.main+fp/hard/crtbegin.o
 .bss.rx_buffer_log_uart
                0x0000000020001539       0x20 ./autogen/sl_iostream_init_usart_instances.o
 .bss.level_mask_enabled
                0x0000000020001559        0x1 ./simplicity_sdk_2025.6.2/app/common/util/app_log/app_log.o
 .bss.initialized
                0x000000002000155a        0x1 ./simplicity_sdk_2025.6.2/platform/emdrv/dmadrv/src/dmadrv.o
 .bss.pclkDiv   0x000000002000155b        0x1 ./simplicity_sdk_2025.6.2/platform/emlib/src/em_cmu.o
 .bss.vScaleEM01Config
                0x000000002000155c        0x1 ./simplicity_sdk_2025.6.2/platform/emlib/src/em_emu.o
 .bss.is_interrupt_manager_initialized
                0x000000002000155d        0x1 ./simplicity_sdk_2025.6.2/platform/service/interrupt_manager/src/sl_interrupt_manager_cortexm.o
 .bss.null_byte
                0x000000002000155e        0x1 ./simplicity_sdk_2025.6.2/platform/service/iostream/src/sl_iostream_uart.o
 .bss.sleep_on_isr_exit
                0x000000002000155f        0x1 ./simplicity_sdk_2025.6.2/platform/service/sleeptimer/src/sl_sleeptimer.o
 .bss.next_timer_to_expire_is_power_manager
                0x0000000020001560        0x1 ./simplicity_sdk_2025.6.2/platform/service/sleeptimer/src/sl_sleeptimer.o
 .bss.is_sleeptimer_initialized
                0x0000000020001561        0x1 ./simplicity_sdk_2025.6.2/platform/service/sleeptimer/src/sl_sleeptimer.o
 .bss.__lock___malloc_recursive_mutex
                0x0000000020001562        0x1 /home/developer/SimplicityStudio_v5/developer/toolchains/gnu_arm/12.2.rel1_2023.7/bin/../lib/gcc/arm-none-eabi/12.2.1/../../../../arm-none-eabi/lib/thumb/v8-m.main+fp/hard/libc_nano.a(libc_a-lock.o)
                0x0000000020001562                __lock___malloc_recursive_mutex
 .bss.__lock___sfp_recursive_mutex
                0x0000000020001563        0x1 /home/developer/SimplicityStudio_v5/developer/toolchains/gnu_arm/12.2.rel1_2023.7/bin/../lib/gcc/arm-none-eabi/12.2.1/../../../../arm-none-eabi/lib/thumb/v8-m.main+fp/hard/libc_nano.a(libc_a-lock.o)
                0x0000000020001563                __lock___sfp_recursive_mutex
 *(COMMON)
                0x0000000020001564                . = ALIGN (0x4)
                0x0000000020001564                __bss_end__ = .

.noinit
 *(.noinit*)

text_application_ram
                0x0000000020001564        0x0 load address 0x0000000008000170
                0x0000000020001564                . = ALIGN (0x4)
                0x0000000020001564                __vma_ramfuncs_start__ = .
                0x0000000020001564                __text_application_ram_start__ = .
 *(text_application_ram)
                0x0000000020001564                . = ALIGN (0x4)
                0x0000000020001564                __vma_ramfuncs_end__ = .
                0x0000000020001564                __text_application_ram_end__ = .
                0x0000000008000170                __lma_ramfuncs_start__ = LOADADDR (text_application_ram)
                0x0000000008000170                __lma_ramfuncs_end__ = (LOADADDR (text_application_ram) + SIZEOF (text_application_ram))

.rodata         0x0000000008000170        0x0
                0x0000000008000170                __rodata_end__ = .

.text           0x0000000008000170     0x7238
                0x0000000008000170                linker_code_begin = .
 *(SORT_BY_ALIGNMENT(.text*))
 .text          0x0000000008000170        0x8 ./simplicity_sdk_2025.6.2/platform/service/udelay/src/sl_udelay_armv6m_gcc.o
                0x0000000008000170                sli_delay_loop
 .text.deregister_tm_clones
                0x0000000008000178       0x1c /home/developer/SimplicityStudio_v5/developer/toolchains/gnu_arm/12.2.rel1_2023.7/bin/../lib/gcc/arm-none-eabi/12.2.1/thumb/v8-m.main+fp/hard/crtbegin.o
 .text.register_tm_clones
                0x0000000008000194       0x28 /home/developer/SimplicityStudio_v5/developer/toolchains/gnu_arm/12.2.rel1_2023.7/bin/../lib/gcc/arm-none-eabi/12.2.1/thumb/v8-m.main+fp/hard/crtbegin.o
 .text.__do_global_dtors_aux
                0x00000000080001bc       0x28 /home/developer/SimplicityStudio_v5/developer/toolchains/gnu_arm/12.2.rel1_2023.7/bin/../lib/gcc/arm-none-eabi/12.2.1/thumb/v8-m.main+fp/hard/crtbegin.o
 .text.frame_dummy
                0x00000000080001e4       0x24 /home/developer/SimplicityStudio_v5/developer/toolchains/gnu_arm/12.2.rel1_2023.7/bin/../lib/gcc/arm-none-eabi/12.2.1/thumb/v8-m.main+fp/hard/crtbegin.o
 .text          0x0000000008000208       0x7c /home/developer/SimplicityStudio_v5/developer/toolchains/gnu_arm/12.2.rel1_2023.7/bin/../lib/gcc/arm-none-eabi/12.2.1/../../../../arm-none-eabi/lib/thumb/v8-m.main+fp/hard/crt0.o
                0x0000000008000208                _stack_init
                0x0000000008000210                _mainCRTStartup
                0x0000000008000210                _start
 .text.app_init
                0x0000000008000284       0xb4 ./app.o
                0x0000000008000284                app_init
 .text.sl_iostream_set_console_instance
                0x0000000008000338       0x24 ./autogen/sl_iostream_handles.o
                0x0000000008000338                sl_iostream_set_console_instance
 .text.sl_iostream_usart_init_log_uart
                0x000000000800035c       0xc0 ./autogen/sl_iostream_init_usart_instances.o
                0x000000000800035c                sl_iostream_usart_init_log_uart
 .text.sl_iostream_usart_init_instances
                0x000000000800041c       0x1c ./autogen/sl_iostream_init_usart_instances.o
                0x000000000800041c                sl_iostream_usart_init_instances
 .text.USART0_RX_IRQHandler
                0x0000000008000438        0xc ./autogen/sl_iostream_init_usart_instances.o
                0x0000000008000438                USART0_RX_IRQHandler
 .text.app_log_init
                0x0000000008000444       0x38 ./simplicity_sdk_2025.6.2/app/common/util/app_log/app_log.o
                0x0000000008000444                app_log_init
 .text.sl_board_init
                0x000000000800047c       0x18 ./simplicity_sdk_2025.6.2/hardware/board/src/sl_board_init.o
                0x000000000800047c                sl_board_init
 .text.sl_board_preinit
                0x0000000008000494        0xc ./simplicity_sdk_2025.6.2/hardware/board/src/sl_board_init.o
                0x0000000008000494                sl_board_preinit
 .text.sl_mx25_flash_shutdown
                0x00000000080004a0      0x170 ./simplicity_sdk_2025.6.2/hardware/driver/mx25_flash_shutdown/src/sl_mx25_flash_shutdown_eusart/sl_mx25_flash_shutdown.o
                0x00000000080004a0                sl_mx25_flash_shutdown
 .text.CopyToRam
                0x0000000008000610       0x1c ./simplicity_sdk_2025.6.2/platform/Device/SiliconLabs/EFR32MG24/Source/startup_efr32mg24.o
                0x0000000008000610                CopyToRam
 .text.Reset_Handler
                0x000000000800062c       0x6c ./simplicity_sdk_2025.6.2/platform/Device/SiliconLabs/EFR32MG24/Source/startup_efr32mg24.o
                0x000000000800062c                Reset_Handler
 .text.SystemInit
                0x0000000008000698       0x64 ./simplicity_sdk_2025.6.2/platform/Device/SiliconLabs/EFR32MG24/Source/system_efr32mg24.o
                0x0000000008000698                SystemInit
 .text.SystemHFRCODPLLClockSet
                0x00000000080006fc        0xc ./simplicity_sdk_2025.6.2/platform/Device/SiliconLabs/EFR32MG24/Source/system_efr32mg24.o
                0x00000000080006fc                SystemHFRCODPLLClockSet
 .text.SystemHFXOClockSet
                0x0000000008000708       0x20 ./simplicity_sdk_2025.6.2/platform/Device/SiliconLabs/EFR32MG24/Source/system_efr32mg24.o
                0x0000000008000708                SystemHFXOClockSet
 .text.sl_slist_push_back
                0x0000000008000728       0x24 ./simplicity_sdk_2025.6.2/platform/common/src/sl_slist.o
                0x0000000008000728                sl_slist_push_back
 .text.sl_slist_pop
                0x000000000800074c       0x20 ./simplicity_sdk_2025.6.2/platform/common/src/sl_slist.o
                0x000000000800074c                sl_slist_pop
 .text.sl_debug_swo_init
                0x000000000800076c       0xcc ./simplicity_sdk_2025.6.2/platform/driver/debug/src/sl_debug_swo.o
                0x000000000800076c                sl_debug_swo_init
 .text.sl_gpio_dispatch_interrupt
                0x0000000008000838       0x5c ./simplicity_sdk_2025.6.2/platform/driver/gpio/src/sl_gpio.o
 .text.sl_gpio_init
                0x0000000008000894       0x38 ./simplicity_sdk_2025.6.2/platform/driver/gpio/src/sl_gpio.o
                0x0000000008000894                sl_gpio_init
 .text.sl_gpio_set_pin_mode
                0x00000000080008cc       0x84 ./simplicity_sdk_2025.6.2/platform/driver/gpio/src/sl_gpio.o
                0x00000000080008cc                sl_gpio_set_pin_mode
 .text.sl_gpio_set_pin
                0x0000000008000950       0x5c ./simplicity_sdk_2025.6.2/platform/driver/gpio/src/sl_gpio.o
                0x0000000008000950                sl_gpio_set_pin
 .text.sl_gpio_clear_pin
                0x00000000080009ac       0x5c ./simplicity_sdk_2025.6.2/platform/driver/gpio/src/sl_gpio.o
                0x00000000080009ac                sl_gpio_clear_pin
 .text.GPIO_EVEN_IRQHandler
                0x0000000008000a08       0x20 ./simplicity_sdk_2025.6.2/platform/driver/gpio/src/sl_gpio.o
                0x0000000008000a08                GPIO_EVEN_IRQHandler
 .text.GPIO_ODD_IRQHandler
                0x0000000008000a28       0x20 ./simplicity_sdk_2025.6.2/platform/driver/gpio/src/sl_gpio.o
                0x0000000008000a28                GPIO_ODD_IRQHandler
 .text.StartTransfer
                0x0000000008000a48      0x17c ./simplicity_sdk_2025.6.2/platform/emdrv/dmadrv/src/dmadrv.o
 .text.DMADRV_AllocateChannel
                0x0000000008000bc4       0x60 ./simplicity_sdk_2025.6.2/platform/emdrv/dmadrv/src/dmadrv.o
                0x0000000008000bc4                DMADRV_AllocateChannel
 .text.DMADRV_DeInit
                0x0000000008000c24       0x44 ./simplicity_sdk_2025.6.2/platform/emdrv/dmadrv/src/dmadrv.o
                0x0000000008000c24                DMADRV_DeInit
 .text.DMADRV_FreeChannel
                0x0000000008000c68       0x4c ./simplicity_sdk_2025.6.2/platform/emdrv/dmadrv/src/dmadrv.o
                0x0000000008000c68                DMADRV_FreeChannel
 .text.DMADRV_Init
                0x0000000008000cb4       0x68 ./simplicity_sdk_2025.6.2/platform/emdrv/dmadrv/src/dmadrv.o
                0x0000000008000cb4                DMADRV_Init
 .text.DMADRV_LdmaStartTransfer
                0x0000000008000d1c       0x4c ./simplicity_sdk_2025.6.2/platform/emdrv/dmadrv/src/dmadrv.o
                0x0000000008000d1c                DMADRV_LdmaStartTransfer
 .text.DMADRV_PauseTransfer
                0x0000000008000d68       0x40 ./simplicity_sdk_2025.6.2/platform/emdrv/dmadrv/src/dmadrv.o
                0x0000000008000d68                DMADRV_PauseTransfer
 .text.DMADRV_ResumeTransfer
                0x0000000008000da8       0x40 ./simplicity_sdk_2025.6.2/platform/emdrv/dmadrv/src/dmadrv.o
                0x0000000008000da8                DMADRV_ResumeTransfer
 .text.LDMA_IRQHandler
                0x0000000008000de8       0x74 ./simplicity_sdk_2025.6.2/platform/emdrv/dmadrv/src/dmadrv.o
                0x0000000008000de8                LDMA_IRQHandler
 .text.EMU_VScaleGet
                0x0000000008000e5c       0x18 ./simplicity_sdk_2025.6.2/platform/emlib/src/em_cmu.o
 .text.dpllRefClkGet
                0x0000000008000e74       0x48 ./simplicity_sdk_2025.6.2/platform/emlib/src/em_cmu.o
 .text.em23GrpaClkGet
                0x0000000008000ebc       0x48 ./simplicity_sdk_2025.6.2/platform/emlib/src/em_cmu.o
 .text.em4GrpaClkGet
                0x0000000008000f04       0x48 ./simplicity_sdk_2025.6.2/platform/emlib/src/em_cmu.o
 .text.sysrtcClkGet
                0x0000000008000f4c       0x48 ./simplicity_sdk_2025.6.2/platform/emlib/src/em_cmu.o
 .text.traceClkGet
                0x0000000008000f94       0x54 ./simplicity_sdk_2025.6.2/platform/emlib/src/em_cmu.o
 .text.em01GrpaClkGet
                0x0000000008000fe8       0x74 ./simplicity_sdk_2025.6.2/platform/emlib/src/em_cmu.o
 .text.em01GrpcClkGet
                0x000000000800105c       0x70 ./simplicity_sdk_2025.6.2/platform/emlib/src/em_cmu.o
 .text.eusart0ClkGet
                0x00000000080010cc       0x74 ./simplicity_sdk_2025.6.2/platform/emlib/src/em_cmu.o
 .text.iadcClkGet
                0x0000000008001140       0x60 ./simplicity_sdk_2025.6.2/platform/emlib/src/em_cmu.o
 .text.wdog0ClkGet
                0x00000000080011a0       0x64 ./simplicity_sdk_2025.6.2/platform/emlib/src/em_cmu.o
 .text.wdog1ClkGet
                0x0000000008001204       0x64 ./simplicity_sdk_2025.6.2/platform/emlib/src/em_cmu.o
 .text.vdac0ClkGet
                0x0000000008001268       0x70 ./simplicity_sdk_2025.6.2/platform/emlib/src/em_cmu.o
 .text.vdac1ClkGet
                0x00000000080012d8       0x70 ./simplicity_sdk_2025.6.2/platform/emlib/src/em_cmu.o
 .text.pcnt0ClkGet
                0x0000000008001348       0x4c ./simplicity_sdk_2025.6.2/platform/emlib/src/em_cmu.o
 .text.HFRCODPLLDevinfoGet
                0x0000000008001394      0x108 ./simplicity_sdk_2025.6.2/platform/emlib/src/em_cmu.o
 .text.CMU_ClockDivGet
                0x000000000800149c       0x78 ./simplicity_sdk_2025.6.2/platform/emlib/src/em_cmu.o
                0x000000000800149c                CMU_ClockDivGet
 .text.flashWaitStateControl
                0x0000000008001514       0x58 ./simplicity_sdk_2025.6.2/platform/emlib/src/em_cmu.o
 .text.CMU_ClockEnable
                0x000000000800156c       0x50 ./simplicity_sdk_2025.6.2/platform/emlib/src/em_cmu.o
                0x000000000800156c                CMU_ClockEnable
 .text.CMU_ClockFreqGet
                0x00000000080015bc      0x210 ./simplicity_sdk_2025.6.2/platform/emlib/src/em_cmu.o
                0x00000000080015bc                CMU_ClockFreqGet
 .text.rhclkPrescOptimize
                0x00000000080017cc       0x20 ./simplicity_sdk_2025.6.2/platform/emlib/src/em_cmu.o
 .text.CMU_ClockSelectGet
                0x00000000080017ec      0x208 ./simplicity_sdk_2025.6.2/platform/emlib/src/em_cmu.o
                0x00000000080017ec                CMU_ClockSelectGet
 .text.sli_em_cmu_SYSTICEXTCLKENClear
                0x00000000080019f4       0x30 ./simplicity_sdk_2025.6.2/platform/emlib/src/em_cmu.o
                0x00000000080019f4                sli_em_cmu_SYSTICEXTCLKENClear
 .text.CMU_HFXOInit
                0x0000000008001a24      0x224 ./simplicity_sdk_2025.6.2/platform/emlib/src/em_cmu.o
                0x0000000008001a24                CMU_HFXOInit
 .text.CMU_HFXOCTuneDeltaGet
                0x0000000008001c48        0xc ./simplicity_sdk_2025.6.2/platform/emlib/src/em_cmu.o
                0x0000000008001c48                CMU_HFXOCTuneDeltaGet
 .text.CMU_LFXOInit
                0x0000000008001c54       0xc4 ./simplicity_sdk_2025.6.2/platform/emlib/src/em_cmu.o
                0x0000000008001c54                CMU_LFXOInit
 .text.CMU_LFXOPrecisionSet
                0x0000000008001d18        0xc ./simplicity_sdk_2025.6.2/platform/emlib/src/em_cmu.o
                0x0000000008001d18                CMU_LFXOPrecisionSet
 .text.CMU_HFXOPrecisionSet
                0x0000000008001d24        0xc ./simplicity_sdk_2025.6.2/platform/emlib/src/em_cmu.o
                0x0000000008001d24                CMU_HFXOPrecisionSet
 .text.CMU_LFRCOSetPrecision
                0x0000000008001d30       0x80 ./simplicity_sdk_2025.6.2/platform/emlib/src/em_cmu.o
                0x0000000008001d30                CMU_LFRCOSetPrecision
 .text.CMU_ClockDivSet
                0x0000000008001db0      0x12c ./simplicity_sdk_2025.6.2/platform/emlib/src/em_cmu.o
                0x0000000008001db0                CMU_ClockDivSet
 .text.sli_em_cmu_SYSCLKInitPreClockSelect
                0x0000000008001edc       0x30 ./simplicity_sdk_2025.6.2/platform/emlib/src/em_cmu.o
                0x0000000008001edc                sli_em_cmu_SYSCLKInitPreClockSelect
 .text.pclkDivOptimize
                0x0000000008001f0c       0x24 ./simplicity_sdk_2025.6.2/platform/emlib/src/em_cmu.o
 .text.sli_em_cmu_SYSCLKInitPostClockSelect
                0x0000000008001f30       0x40 ./simplicity_sdk_2025.6.2/platform/emlib/src/em_cmu.o
                0x0000000008001f30                sli_em_cmu_SYSCLKInitPostClockSelect
 .text.CMU_HFRCODPLLBandSet
                0x0000000008001f70      0x11c ./simplicity_sdk_2025.6.2/platform/emlib/src/em_cmu.o
                0x0000000008001f70                CMU_HFRCODPLLBandSet
 .text.CMU_HFRCOEM23BandSet
                0x000000000800208c      0x168 ./simplicity_sdk_2025.6.2/platform/emlib/src/em_cmu.o
                0x000000000800208c                CMU_HFRCOEM23BandSet
 .text.EMU_DCDCSync
                0x00000000080021f4       0x10 ./simplicity_sdk_2025.6.2/platform/emlib/src/em_emu.o
 .text.EMU_EM4Init
                0x0000000008002204       0x14 ./simplicity_sdk_2025.6.2/platform/emlib/src/em_emu.o
                0x0000000008002204                EMU_EM4Init
 .text.EMU_VScaleEM01
                0x0000000008002218       0xa8 ./simplicity_sdk_2025.6.2/platform/emlib/src/em_emu.o
                0x0000000008002218                EMU_VScaleEM01
 .text.EMU_VScaleEM01ByClock
                0x00000000080022c0       0x30 ./simplicity_sdk_2025.6.2/platform/emlib/src/em_emu.o
                0x00000000080022c0                EMU_VScaleEM01ByClock
 .text.EMU_DCDCModeSet
                0x00000000080022f0       0xac ./simplicity_sdk_2025.6.2/platform/emlib/src/em_emu.o
                0x00000000080022f0                EMU_DCDCModeSet
 .text.EMU_DCDCInit
                0x000000000800239c       0x70 ./simplicity_sdk_2025.6.2/platform/emlib/src/em_emu.o
                0x000000000800239c                EMU_DCDCInit
 .text.EMU_DCDCSetPFMXModePeakCurrent
                0x000000000800240c       0x6c ./simplicity_sdk_2025.6.2/platform/emlib/src/em_emu.o
                0x000000000800240c                EMU_DCDCSetPFMXModePeakCurrent
 .text.EUSART_Reset
                0x0000000008002478       0x54 ./simplicity_sdk_2025.6.2/platform/emlib/src/em_eusart.o
                0x0000000008002478                EUSART_Reset
 .text.EUSART_Enable
                0x00000000080024cc       0x6c ./simplicity_sdk_2025.6.2/platform/emlib/src/em_eusart.o
                0x00000000080024cc                EUSART_Enable
 .text.EUSART_BaudrateSet
                0x0000000008002538      0x1cc ./simplicity_sdk_2025.6.2/platform/emlib/src/em_eusart.o
                0x0000000008002538                EUSART_BaudrateSet
 .text.EUSART_SpiInit
                0x0000000008002704      0x1fc ./simplicity_sdk_2025.6.2/platform/emlib/src/em_eusart.o
                0x0000000008002704                EUSART_SpiInit
 .text.GPIO_PinOutSet
                0x0000000008002900       0x3c ./simplicity_sdk_2025.6.2/platform/emlib/src/em_gpio.o
 .text.GPIO_PinOutClear
                0x000000000800293c       0x3c ./simplicity_sdk_2025.6.2/platform/emlib/src/em_gpio.o
 .text.GPIO_PinModeSet
                0x0000000008002978       0x94 ./simplicity_sdk_2025.6.2/platform/emlib/src/em_gpio.o
                0x0000000008002978                GPIO_PinModeSet
 .text.IADC_disable
                0x0000000008002a0c       0x1c ./simplicity_sdk_2025.6.2/platform/emlib/src/em_iadc.o
 .text.IADC_updateSingleInput
                0x0000000008002a28       0x54 ./simplicity_sdk_2025.6.2/platform/emlib/src/em_iadc.o
                0x0000000008002a28                IADC_updateSingleInput
 .text.IADC_initSingle
                0x0000000008002a7c       0x84 ./simplicity_sdk_2025.6.2/platform/emlib/src/em_iadc.o
                0x0000000008002a7c                IADC_initSingle
 .text.IADC_calcTimebase
                0x0000000008002b00       0x64 ./simplicity_sdk_2025.6.2/platform/emlib/src/em_iadc.o
                0x0000000008002b00                IADC_calcTimebase
 .text.IADC_calcSrcClkPrescale
                0x0000000008002b64       0x64 ./simplicity_sdk_2025.6.2/platform/emlib/src/em_iadc.o
                0x0000000008002b64                IADC_calcSrcClkPrescale
 .text.IADC_calcAdcClkPrescale
                0x0000000008002bc8       0x80 ./simplicity_sdk_2025.6.2/platform/emlib/src/em_iadc.o
                0x0000000008002bc8                IADC_calcAdcClkPrescale
 .text.IADC_getReferenceVoltage
                0x0000000008002c48       0x30 ./simplicity_sdk_2025.6.2/platform/emlib/src/em_iadc.o
                0x0000000008002c48                IADC_getReferenceVoltage
 .text.IADC_init
                0x0000000008002c78      0x520 ./simplicity_sdk_2025.6.2/platform/emlib/src/em_iadc.o
                0x0000000008002c78                IADC_init
 .text.LDMA_DeInit
                0x0000000008003198       0x2c ./simplicity_sdk_2025.6.2/platform/emlib/src/em_ldma.o
                0x0000000008003198                LDMA_DeInit
 .text.LDMA_EnableChannelRequest
                0x00000000080031c4       0x40 ./simplicity_sdk_2025.6.2/platform/emlib/src/em_ldma.o
                0x00000000080031c4                LDMA_EnableChannelRequest
 .text.LDMA_Init
                0x0000000008003204       0x90 ./simplicity_sdk_2025.6.2/platform/emlib/src/em_ldma.o
                0x0000000008003204                LDMA_Init
 .text.LDMA_StartTransfer
                0x0000000008003294       0xf8 ./simplicity_sdk_2025.6.2/platform/emlib/src/em_ldma.o
                0x0000000008003294                LDMA_StartTransfer
 .text.LDMA_StopTransfer
                0x000000000800338c       0x38 ./simplicity_sdk_2025.6.2/platform/emlib/src/em_ldma.o
                0x000000000800338c                LDMA_StopTransfer
 .text.LDMA_TransferDone
                0x00000000080033c4       0x44 ./simplicity_sdk_2025.6.2/platform/emlib/src/em_ldma.o
                0x00000000080033c4                LDMA_TransferDone
 .text.LDMA_TransferRemainingCount
                0x0000000008003408       0x44 ./simplicity_sdk_2025.6.2/platform/emlib/src/em_ldma.o
                0x0000000008003408                LDMA_TransferRemainingCount
 .text.SYSTEM_ChipRevisionGet
                0x000000000800344c       0x24 ./simplicity_sdk_2025.6.2/platform/emlib/src/em_system.o
                0x000000000800344c                SYSTEM_ChipRevisionGet
 .text.USART_BaudrateAsyncSet
                0x0000000008003470       0xe0 ./simplicity_sdk_2025.6.2/platform/emlib/src/em_usart.o
                0x0000000008003470                USART_BaudrateAsyncSet
 .text.USART_Enable
                0x0000000008003550       0x3c ./simplicity_sdk_2025.6.2/platform/emlib/src/em_usart.o
                0x0000000008003550                USART_Enable
 .text.USART_Reset
                0x000000000800358c       0x58 ./simplicity_sdk_2025.6.2/platform/emlib/src/em_usart.o
                0x000000000800358c                USART_Reset
 .text.USART_InitAsync
                0x00000000080035e4       0xd0 ./simplicity_sdk_2025.6.2/platform/emlib/src/em_usart.o
                0x00000000080035e4                USART_InitAsync
 .text.sl_hal_gpio_clear_pin
                0x00000000080036b4       0x58 ./simplicity_sdk_2025.6.2/platform/peripheral/src/sl_hal_gpio.o
                0x00000000080036b4                sl_hal_gpio_clear_pin
 .text.sl_hal_gpio_get_enabled_pending_interrupts
                0x000000000800370c       0x14 ./simplicity_sdk_2025.6.2/platform/peripheral/src/sl_hal_gpio.o
                0x000000000800370c                sl_hal_gpio_get_enabled_pending_interrupts
 .text.sl_hal_gpio_set_pin_mode
                0x0000000008003720       0xd0 ./simplicity_sdk_2025.6.2/platform/peripheral/src/sl_hal_gpio.o
                0x0000000008003720                sl_hal_gpio_set_pin_mode
 .text.sl_hal_sysrtc_wait_ready
                0x00000000080037f0       0x1c ./simplicity_sdk_2025.6.2/platform/peripheral/src/sl_hal_sysrtc.o
                0x00000000080037f0                sl_hal_sysrtc_wait_ready
 .text.sl_hal_sysrtc_stop
                0x000000000800380c       0x28 ./simplicity_sdk_2025.6.2/platform/peripheral/src/sl_hal_sysrtc.o
                0x000000000800380c                sl_hal_sysrtc_stop
 .text.sl_hal_sysrtc_enable
                0x0000000008003834       0x18 ./simplicity_sdk_2025.6.2/platform/peripheral/src/sl_hal_sysrtc.o
                0x0000000008003834                sl_hal_sysrtc_enable
 .text.sl_hal_sysrtc_disable
                0x000000000800384c       0x1c ./simplicity_sdk_2025.6.2/platform/peripheral/src/sl_hal_sysrtc.o
                0x000000000800384c                sl_hal_sysrtc_disable
 .text.sl_hal_sysrtc_init
                0x0000000008003868       0x24 ./simplicity_sdk_2025.6.2/platform/peripheral/src/sl_hal_sysrtc.o
                0x0000000008003868                sl_hal_sysrtc_init
 .text.sl_hal_sysrtc_init_group
                0x000000000800388c       0x44 ./simplicity_sdk_2025.6.2/platform/peripheral/src/sl_hal_sysrtc.o
                0x000000000800388c                sl_hal_sysrtc_init_group
 .text.sli_clock_manager_hal_init
                0x00000000080038d0      0x268 ./simplicity_sdk_2025.6.2/platform/service/clock_manager/src/sl_clock_manager_init_hal_s2.o
                0x00000000080038d0                sli_clock_manager_hal_init
 .text.sl_device_init_dcdc
                0x0000000008003b38       0x2c ./simplicity_sdk_2025.6.2/platform/service/device_init/src/sl_device_init_dcdc_s2.o
                0x0000000008003b38                sl_device_init_dcdc
 .text.sl_device_init_emu
                0x0000000008003b64       0x24 ./simplicity_sdk_2025.6.2/platform/service/device_init/src/sl_device_init_emu_s2.o
                0x0000000008003b64                sl_device_init_emu
 .text.sl_interrupt_manager_disable_irq
                0x0000000008003b88       0x3c ./simplicity_sdk_2025.6.2/platform/service/interrupt_manager/src/sl_interrupt_manager_cortexm.o
                0x0000000008003b88                sl_interrupt_manager_disable_irq
 .text.sl_interrupt_manager_enable_irq
                0x0000000008003bc4       0x34 ./simplicity_sdk_2025.6.2/platform/service/interrupt_manager/src/sl_interrupt_manager_cortexm.o
                0x0000000008003bc4                sl_interrupt_manager_enable_irq
 .text.sl_interrupt_manager_is_irq_disabled
                0x0000000008003bf8       0x30 ./simplicity_sdk_2025.6.2/platform/service/interrupt_manager/src/sl_interrupt_manager_cortexm.o
                0x0000000008003bf8                sl_interrupt_manager_is_irq_disabled
 .text.sl_interrupt_manager_clear_irq_pending
                0x0000000008003c28       0x1c ./simplicity_sdk_2025.6.2/platform/service/interrupt_manager/src/sl_interrupt_manager_cortexm.o
                0x0000000008003c28                sl_interrupt_manager_clear_irq_pending
 .text.sl_interrupt_manager_set_irq_priority
                0x0000000008003c44       0x54 ./simplicity_sdk_2025.6.2/platform/service/interrupt_manager/src/sl_interrupt_manager_cortexm.o
                0x0000000008003c44                sl_interrupt_manager_set_irq_priority
 .text.sl_interrupt_manager_init
                0x0000000008003c98       0x34 ./simplicity_sdk_2025.6.2/platform/service/interrupt_manager/src/sl_interrupt_manager_cortexm.o
                0x0000000008003c98                sl_interrupt_manager_init
 .text.sl_iostream_set_default
                0x0000000008003ccc       0x18 ./simplicity_sdk_2025.6.2/platform/service/iostream/src/sl_iostream.o
                0x0000000008003ccc                sl_iostream_set_default
 .text.sl_iostream_get_default
                0x0000000008003ce4       0x18 ./simplicity_sdk_2025.6.2/platform/service/iostream/src/sl_iostream.o
                0x0000000008003ce4                sl_iostream_get_default
 .text._write   0x0000000008003cfc       0x20 ./simplicity_sdk_2025.6.2/platform/service/iostream/src/sl_iostream_retarget_stdio.o
                0x0000000008003cfc                _write
 .text.sl_iostream_stdlib_disable_buffering
                0x0000000008003d1c       0x14 ./simplicity_sdk_2025.6.2/platform/service/iostream/src/sl_iostream_stdlib_config.o
                0x0000000008003d1c                sl_iostream_stdlib_disable_buffering
 .text.__rx_buffer_empty
                0x0000000008003d30       0x34 ./simplicity_sdk_2025.6.2/platform/service/iostream/src/sl_iostream_uart.o
 .text.__rx_buffer_full
                0x0000000008003d64       0x4c ./simplicity_sdk_2025.6.2/platform/service/iostream/src/sl_iostream_uart.o
 .text.__get_write_ptr
                0x0000000008003db0       0x60 ./simplicity_sdk_2025.6.2/platform/service/iostream/src/sl_iostream_uart.o
 .text.__uart_async_start_write
                0x0000000008003e10       0x74 ./simplicity_sdk_2025.6.2/platform/service/iostream/src/sl_iostream_uart.o
 .text.set_new_data_detect
                0x0000000008003e84      0x174 ./simplicity_sdk_2025.6.2/platform/service/iostream/src/sl_iostream_uart.o
 .text.__uart_async_tx_dma_callback
                0x0000000008003ff8       0x40 ./simplicity_sdk_2025.6.2/platform/service/iostream/src/sl_iostream_uart.o
 .text.rx_buffer_empty
                0x0000000008004038       0x38 ./simplicity_sdk_2025.6.2/platform/service/iostream/src/sl_iostream_uart.o
 .text.uart_read
                0x0000000008004070      0x2cc ./simplicity_sdk_2025.6.2/platform/service/iostream/src/sl_iostream_uart.o
 .text.uart_write
                0x000000000800433c      0x124 ./simplicity_sdk_2025.6.2/platform/service/iostream/src/sl_iostream_uart.o
 .text.sli_iostream_uart_context_init
                0x0000000008004460      0x150 ./simplicity_sdk_2025.6.2/platform/service/iostream/src/sl_iostream_uart.o
                0x0000000008004460                sli_iostream_uart_context_init
 .text.uart_deinit
                0x00000000080045b0       0x9c ./simplicity_sdk_2025.6.2/platform/service/iostream/src/sl_iostream_uart.o
 .text.sl_iostream_usart_init
                0x000000000800464c      0x174 ./simplicity_sdk_2025.6.2/platform/service/iostream/src/sl_iostream_usart.o
                0x000000000800464c                sl_iostream_usart_init
 .text.sl_iostream_usart_irq_handler
                0x00000000080047c0        0xc ./simplicity_sdk_2025.6.2/platform/service/iostream/src/sl_iostream_usart.o
                0x00000000080047c0                sl_iostream_usart_irq_handler
 .text._sbrk    0x00000000080047cc       0x20 ./simplicity_sdk_2025.6.2/platform/service/memory_manager/src/sl_memory_manager_region.o
                0x00000000080047cc                _sbrk
 .text.sl_sleeptimer_init
                0x00000000080047ec       0x74 ./simplicity_sdk_2025.6.2/platform/service/sleeptimer/src/sl_sleeptimer.o
                0x00000000080047ec                sl_sleeptimer_init
 .text.sleeptimer_hal_init_timer
                0x0000000008004860       0x6c ./simplicity_sdk_2025.6.2/platform/service/sleeptimer/src/sl_sleeptimer_hal_sysrtc.o
                0x0000000008004860                sleeptimer_hal_init_timer
 .text.sl_udelay_wait
                0x00000000080048cc       0x58 ./simplicity_sdk_2025.6.2/platform/service/udelay/src/sl_udelay.o
                0x00000000080048cc                sl_udelay_wait
 .text          0x0000000008004924       0x30 /home/developer/SimplicityStudio_v5/developer/toolchains/gnu_arm/12.2.rel1_2023.7/bin/../lib/gcc/arm-none-eabi/12.2.1/thumb/v8-m.main+fp/hard/libgcc.a(_aeabi_uldivmod.o)
                0x0000000008004924                __aeabi_uldivmod
 .text.__udivmoddi4
                0x0000000008004954      0x2ec /home/developer/SimplicityStudio_v5/developer/toolchains/gnu_arm/12.2.rel1_2023.7/bin/../lib/gcc/arm-none-eabi/12.2.1/thumb/v8-m.main+fp/hard/libgcc.a(_udivmoddi4.o)
                0x0000000008004954                __udivmoddi4
 .text          0x0000000008004c40        0x4 /home/developer/SimplicityStudio_v5/developer/toolchains/gnu_arm/12.2.rel1_2023.7/bin/../lib/gcc/arm-none-eabi/12.2.1/thumb/v8-m.main+fp/hard/libgcc.a(_dvmd_tls.o)
                0x0000000008004c40                __aeabi_ldiv0
                0x0000000008004c40                __aeabi_idiv0
 .text.exit     0x0000000008004c44       0x24 /home/developer/SimplicityStudio_v5/developer/toolchains/gnu_arm/12.2.rel1_2023.7/bin/../lib/gcc/arm-none-eabi/12.2.1/../../../../arm-none-eabi/lib/thumb/v8-m.main+fp/hard/libc_nano.a(libc_a-exit.o)
                0x0000000008004c44                exit
 .text.__libc_init_array
                0x0000000008004c68       0x48 /home/developer/SimplicityStudio_v5/developer/toolchains/gnu_arm/12.2.rel1_2023.7/bin/../lib/gcc/arm-none-eabi/12.2.1/../../../../arm-none-eabi/lib/thumb/v8-m.main+fp/hard/libc_nano.a(libc_a-init.o)
                0x0000000008004c68                __libc_init_array
 .text.vprintf  0x0000000008004cb0       0x14 /home/developer/SimplicityStudio_v5/developer/toolchains/gnu_arm/12.2.rel1_2023.7/bin/../lib/gcc/arm-none-eabi/12.2.1/../../../../arm-none-eabi/lib/thumb/v8-m.main+fp/hard/libc_nano.a(libc_a-vprintf.o)
                0x0000000008004cb0                vprintf
                0x0000000008004cb0                viprintf
 .text.std      0x0000000008004cc4       0x6c /home/developer/SimplicityStudio_v5/developer/toolchains/gnu_arm/12.2.rel1_2023.7/bin/../lib/gcc/arm-none-eabi/12.2.1/../../../../arm-none-eabi/lib/thumb/v8-m.main+fp/hard/libc_nano.a(libc_a-findfp.o)
 .text.stdio_exit_handler
                0x0000000008004d30       0x18 /home/developer/SimplicityStudio_v5/developer/toolchains/gnu_arm/12.2.rel1_2023.7/bin/../lib/gcc/arm-none-eabi/12.2.1/../../../../arm-none-eabi/lib/thumb/v8-m.main+fp/hard/libc_nano.a(libc_a-findfp.o)
 .text.cleanup_stdio
                0x0000000008004d48       0x40 /home/developer/SimplicityStudio_v5/developer/toolchains/gnu_arm/12.2.rel1_2023.7/bin/../lib/gcc/arm-none-eabi/12.2.1/../../../../arm-none-eabi/lib/thumb/v8-m.main+fp/hard/libc_nano.a(libc_a-findfp.o)
 .text.global_stdio_init.part.0
                0x0000000008004d88       0x3c /home/developer/SimplicityStudio_v5/developer/toolchains/gnu_arm/12.2.rel1_2023.7/bin/../lib/gcc/arm-none-eabi/12.2.1/../../../../arm-none-eabi/lib/thumb/v8-m.main+fp/hard/libc_nano.a(libc_a-findfp.o)
 .text.__sfp_lock_acquire
                0x0000000008004dc4        0xc /home/developer/SimplicityStudio_v5/developer/toolchains/gnu_arm/12.2.rel1_2023.7/bin/../lib/gcc/arm-none-eabi/12.2.1/../../../../arm-none-eabi/lib/thumb/v8-m.main+fp/hard/libc_nano.a(libc_a-findfp.o)
                0x0000000008004dc4                __sfp_lock_acquire
 .text.__sfp_lock_release
                0x0000000008004dd0        0xc /home/developer/SimplicityStudio_v5/developer/toolchains/gnu_arm/12.2.rel1_2023.7/bin/../lib/gcc/arm-none-eabi/12.2.1/../../../../arm-none-eabi/lib/thumb/v8-m.main+fp/hard/libc_nano.a(libc_a-findfp.o)
                0x0000000008004dd0                __sfp_lock_release
 .text.__sinit  0x0000000008004ddc       0x30 /home/developer/SimplicityStudio_v5/developer/toolchains/gnu_arm/12.2.rel1_2023.7/bin/../lib/gcc/arm-none-eabi/12.2.1/../../../../arm-none-eabi/lib/thumb/v8-m.main+fp/hard/libc_nano.a(libc_a-findfp.o)
                0x0000000008004ddc                __sinit
 .text.setvbuf  0x0000000008004e0c      0x168 /home/developer/SimplicityStudio_v5/developer/toolchains/gnu_arm/12.2.rel1_2023.7/bin/../lib/gcc/arm-none-eabi/12.2.1/../../../../arm-none-eabi/lib/thumb/v8-m.main+fp/hard/libc_nano.a(libc_a-setvbuf.o)
                0x0000000008004e0c                setvbuf
 .text._write_r
                0x0000000008004f74       0x24 /home/developer/SimplicityStudio_v5/developer/toolchains/gnu_arm/12.2.rel1_2023.7/bin/../lib/gcc/arm-none-eabi/12.2.1/../../../../arm-none-eabi/lib/thumb/v8-m.main+fp/hard/libc_nano.a(libc_a-writer.o)
                0x0000000008004f74                _write_r
 .text._free_r  0x0000000008004f98       0x94 /home/developer/SimplicityStudio_v5/developer/toolchains/gnu_arm/12.2.rel1_2023.7/bin/../lib/gcc/arm-none-eabi/12.2.1/../../../../arm-none-eabi/lib/thumb/v8-m.main+fp/hard/libc_nano.a(libc_a-freer.o)
                0x0000000008004f98                _free_r
 .text._vfprintf_r
                0x000000000800502c      0x230 /home/developer/SimplicityStudio_v5/developer/toolchains/gnu_arm/12.2.rel1_2023.7/bin/../lib/gcc/arm-none-eabi/12.2.1/../../../../arm-none-eabi/lib/thumb/v8-m.main+fp/hard/libc_nano.a(libc_a-nano-vfprintf.o)
                0x000000000800502c                _vfiprintf_r
                0x000000000800502c                _vfprintf_r
 .text.__swsetup_r
                0x000000000800525c       0xac /home/developer/SimplicityStudio_v5/developer/toolchains/gnu_arm/12.2.rel1_2023.7/bin/../lib/gcc/arm-none-eabi/12.2.1/../../../../arm-none-eabi/lib/thumb/v8-m.main+fp/hard/libc_nano.a(libc_a-wsetup.o)
                0x000000000800525c                __swsetup_r
 .text._printf_i
                0x0000000008005308      0x258 /home/developer/SimplicityStudio_v5/developer/toolchains/gnu_arm/12.2.rel1_2023.7/bin/../lib/gcc/arm-none-eabi/12.2.1/../../../../arm-none-eabi/lib/thumb/v8-m.main+fp/hard/libc_nano.a(libc_a-nano-vfprintf_i.o)
                0x0000000008005308                _printf_i
 .text._close_r
                0x0000000008005560       0x20 /home/developer/SimplicityStudio_v5/developer/toolchains/gnu_arm/12.2.rel1_2023.7/bin/../lib/gcc/arm-none-eabi/12.2.1/../../../../arm-none-eabi/lib/thumb/v8-m.main+fp/hard/libc_nano.a(libc_a-closer.o)
                0x0000000008005560                _close_r
 .text.malloc   0x0000000008005580       0x10 /home/developer/SimplicityStudio_v5/developer/toolchains/gnu_arm/12.2.rel1_2023.7/bin/../lib/gcc/arm-none-eabi/12.2.1/../../../../arm-none-eabi/lib/thumb/v8-m.main+fp/hard/libc_nano.a(libc_a-malloc.o)
                0x0000000008005580                malloc
 .text.sbrk_aligned
                0x0000000008005590       0x44 /home/developer/SimplicityStudio_v5/developer/toolchains/gnu_arm/12.2.rel1_2023.7/bin/../lib/gcc/arm-none-eabi/12.2.1/../../../../arm-none-eabi/lib/thumb/v8-m.main+fp/hard/libc_nano.a(libc_a-mallocr.o)
 .text._malloc_r
                0x00000000080055d4       0xf0 /home/developer/SimplicityStudio_v5/developer/toolchains/gnu_arm/12.2.rel1_2023.7/bin/../lib/gcc/arm-none-eabi/12.2.1/../../../../arm-none-eabi/lib/thumb/v8-m.main+fp/hard/libc_nano.a(libc_a-mallocr.o)
                0x00000000080055d4                _malloc_r
 .text._fstat_r
                0x00000000080056c4       0x24 /home/developer/SimplicityStudio_v5/developer/toolchains/gnu_arm/12.2.rel1_2023.7/bin/../lib/gcc/arm-none-eabi/12.2.1/../../../../arm-none-eabi/lib/thumb/v8-m.main+fp/hard/libc_nano.a(libc_a-fstatr.o)
                0x00000000080056c4                _fstat_r
 .text._isatty_r
                0x00000000080056e8       0x20 /home/developer/SimplicityStudio_v5/developer/toolchains/gnu_arm/12.2.rel1_2023.7/bin/../lib/gcc/arm-none-eabi/12.2.1/../../../../arm-none-eabi/lib/thumb/v8-m.main+fp/hard/libc_nano.a(libc_a-isattyr.o)
                0x00000000080056e8                _isatty_r
 .text._lseek_r
                0x0000000008005708       0x24 /home/developer/SimplicityStudio_v5/developer/toolchains/gnu_arm/12.2.rel1_2023.7/bin/../lib/gcc/arm-none-eabi/12.2.1/../../../../arm-none-eabi/lib/thumb/v8-m.main+fp/hard/libc_nano.a(libc_a-lseekr.o)
                0x0000000008005708                _lseek_r
 .text._read_r  0x000000000800572c       0x24 /home/developer/SimplicityStudio_v5/developer/toolchains/gnu_arm/12.2.rel1_2023.7/bin/../lib/gcc/arm-none-eabi/12.2.1/../../../../arm-none-eabi/lib/thumb/v8-m.main+fp/hard/libc_nano.a(libc_a-readr.o)
                0x000000000800572c                _read_r
 .text.__malloc_lock
                0x0000000008005750        0xc /home/developer/SimplicityStudio_v5/developer/toolchains/gnu_arm/12.2.rel1_2023.7/bin/../lib/gcc/arm-none-eabi/12.2.1/../../../../arm-none-eabi/lib/thumb/v8-m.main+fp/hard/libc_nano.a(libc_a-mlock.o)
                0x0000000008005750                __malloc_lock
 .text.__malloc_unlock
                0x000000000800575c        0xc /home/developer/SimplicityStudio_v5/developer/toolchains/gnu_arm/12.2.rel1_2023.7/bin/../lib/gcc/arm-none-eabi/12.2.1/../../../../arm-none-eabi/lib/thumb/v8-m.main+fp/hard/libc_nano.a(libc_a-mlock.o)
                0x000000000800575c                __malloc_unlock
 .text._sbrk_r  0x0000000008005768       0x20 /home/developer/SimplicityStudio_v5/developer/toolchains/gnu_arm/12.2.rel1_2023.7/bin/../lib/gcc/arm-none-eabi/12.2.1/../../../../arm-none-eabi/lib/thumb/v8-m.main+fp/hard/libc_nano.a(libc_a-sbrkr.o)
                0x0000000008005768                _sbrk_r
 .text.app_process_action
                0x0000000008005788        0x2 ./app.o
                0x0000000008005788                app_process_action
 .text.startup.main
                0x000000000800578a       0x14 ./main.o
                0x000000000800578a                main
 .text.sl_board_default_init
                0x000000000800579e        0x2 ./autogen/sl_board_default_init.o
                0x000000000800579e                sl_board_default_init
 .text.sli_driver_permanent_allocation
                0x00000000080057a0        0x2 ./autogen/sl_event_handler.o
                0x00000000080057a0                sli_driver_permanent_allocation
 .text.sli_service_permanent_allocation
                0x00000000080057a2        0x2 ./autogen/sl_event_handler.o
                0x00000000080057a2                sli_service_permanent_allocation
 .text.sli_stack_permanent_allocation
                0x00000000080057a4        0x2 ./autogen/sl_event_handler.o
                0x00000000080057a4                sli_stack_permanent_allocation
 .text.sli_internal_permanent_allocation
                0x00000000080057a6        0x2 ./autogen/sl_event_handler.o
                0x00000000080057a6                sli_internal_permanent_allocation
 .text.sl_platform_init
                0x00000000080057a8       0x12 ./autogen/sl_event_handler.o
                0x00000000080057a8                sl_platform_init
 .text.sli_internal_init_early
                0x00000000080057ba        0x2 ./autogen/sl_event_handler.o
                0x00000000080057ba                sli_internal_init_early
 .text.sl_driver_init
                0x00000000080057bc       0x12 ./autogen/sl_event_handler.o
                0x00000000080057bc                sl_driver_init
 .text.sl_service_init
                0x00000000080057ce       0x16 ./autogen/sl_event_handler.o
                0x00000000080057ce                sl_service_init
 .text.sl_stack_init
                0x00000000080057e4        0x2 ./autogen/sl_event_handler.o
                0x00000000080057e4                sl_stack_init
 .text.sl_internal_app_init
                0x00000000080057e6        0x4 ./autogen/sl_event_handler.o
                0x00000000080057e6                sl_internal_app_init
 .text.sli_platform_process_action
                0x00000000080057ea        0x2 ./autogen/sl_event_handler.o
                0x00000000080057ea                sli_platform_process_action
 .text.sli_service_process_action
                0x00000000080057ec        0x2 ./autogen/sl_event_handler.o
                0x00000000080057ec                sli_service_process_action
 .text.sli_stack_process_action
                0x00000000080057ee        0x2 ./autogen/sl_event_handler.o
                0x00000000080057ee                sli_stack_process_action
 .text.sli_internal_app_process_action
                0x00000000080057f0        0x2 ./autogen/sl_event_handler.o
                0x00000000080057f0                sli_internal_app_process_action
 .text.USART0_TX_IRQHandler
                0x00000000080057f2        0x4 ./autogen/sl_iostream_init_usart_instances.o
                0x00000000080057f2                USART0_TX_IRQHandler
 .text._app_log_time
                0x00000000080057f6        0x2 ./simplicity_sdk_2025.6.2/app/common/util/app_log/app_log.o
                0x00000000080057f6                _app_log_time
 .text._app_log_counter
                0x00000000080057f8        0x2 ./simplicity_sdk_2025.6.2/app/common/util/app_log/app_log.o
                0x00000000080057f8                _app_log_counter
 .text.sl_board_configure_vcom
                0x00000000080057fa        0x4 ./simplicity_sdk_2025.6.2/hardware/board/src/sl_board_control_gpio.o
                0x00000000080057fa                sl_board_configure_vcom
 .text.sl_cos_send_config
                0x00000000080057fe       0x12 ./simplicity_sdk_2025.6.2/hardware/driver/configuration_over_swo/src/sl_cos.o
                0x00000000080057fe                sl_cos_send_config
 .text.Default_Handler
                0x0000000008005810        0x2 ./simplicity_sdk_2025.6.2/platform/Device/SiliconLabs/EFR32MG24/Source/startup_efr32mg24.o
                0x0000000008005810                ULFRCO_IRQHandler
                0x0000000008005810                AHB2AHB1_IRQHandler
                0x0000000008005810                SW2_IRQHandler
                0x0000000008005810                TIMER2_IRQHandler
                0x0000000008005810                DebugMon_Handler
                0x0000000008005810                IADC_IRQHandler
                0x0000000008005810                EUSART0_TX_IRQHandler
                0x0000000008005810                I2C0_IRQHandler
                0x0000000008005810                LFXO_IRQHandler
                0x0000000008005810                HardFault_Handler
                0x0000000008005810                SMU_SECURE_IRQHandler
                0x0000000008005810                SysTick_Handler
                0x0000000008005810                SYSRTC_SEQ_IRQHandler
                0x0000000008005810                EMUEFP_IRQHandler
                0x0000000008005810                PendSV_Handler
                0x0000000008005810                NMI_Handler
                0x0000000008005810                SYNTH_IRQHandler
                0x0000000008005810                HOSTMAILBOX_IRQHandler
                0x0000000008005810                HFXO0_IRQHandler
                0x0000000008005810                I2C1_IRQHandler
                0x0000000008005810                WDOG0_IRQHandler
                0x0000000008005810                TIMER3_IRQHandler
                0x0000000008005810                SYSCFG_IRQHandler
                0x0000000008005810                RFECA1_IRQHandler
                0x0000000008005810                EMUDG_IRQHandler
                0x0000000008005810                MSC_IRQHandler
                0x0000000008005810                DPLL0_IRQHandler
                0x0000000008005810                UsageFault_Handler
                0x0000000008005810                WDOG1_IRQHandler
                0x0000000008005810                M33CTI1_IRQHandler
                0x0000000008005810                TIMER4_IRQHandler
                0x0000000008005810                VDAC0_IRQHandler
                0x0000000008005810                SEMBTX_IRQHandler
                0x0000000008005810                SW0_IRQHandler
                0x0000000008005810                TIMER0_IRQHandler
                0x0000000008005810                MVP_IRQHandler
                0x0000000008005810                LETIMER0_IRQHandler
                0x0000000008005810                EUSART1_RX_IRQHandler
                0x0000000008005810                TIMER1_IRQHandler
                0x0000000008005810                HFRCO0_IRQHandler
                0x0000000008005810                SecureFault_Handler
                0x0000000008005810                BUFC_IRQHandler
                0x0000000008005810                DCDC_IRQHandler
                0x0000000008005810                MODEM_IRQHandler
                0x0000000008005810                Default_Handler
                0x0000000008005810                RAC_SEQ_IRQHandler
                0x0000000008005810                FRC_PRI_IRQHandler
                0x0000000008005810                EMU_IRQHandler
                0x0000000008005810                SW3_IRQHandler
                0x0000000008005810                KERNEL0_IRQHandler
                0x0000000008005810                FRC_IRQHandler
                0x0000000008005810                PCNT0_IRQHandler
                0x0000000008005810                KERNEL1_IRQHandler
                0x0000000008005810                AGC_IRQHandler
                0x0000000008005810                EUSART1_TX_IRQHandler
                0x0000000008005810                KEYSCAN_IRQHandler
                0x0000000008005810                sl_app_properties
                0x0000000008005810                HFRCOEM23_IRQHandler
                0x0000000008005810                BURTC_IRQHandler
                0x0000000008005810                SEMBRX_IRQHandler
                0x0000000008005810                RFECA0_IRQHandler
                0x0000000008005810                LFRCO_IRQHandler
                0x0000000008005810                VDAC1_IRQHandler
                0x0000000008005810                ACMP0_IRQHandler
                0x0000000008005810                MemManage_Handler
                0x0000000008005810                AHB2AHB0_IRQHandler
                0x0000000008005810                SVC_Handler
                0x0000000008005810                SMU_S_PRIVILEGED_IRQHandler
                0x0000000008005810                SW1_IRQHandler
                0x0000000008005810                CMU_IRQHandler
                0x0000000008005810                EUSART0_RX_IRQHandler
                0x0000000008005810                RAC_RSM_IRQHandler
                0x0000000008005810                SETAMPERHOST_IRQHandler
                0x0000000008005810                AES_IRQHandler
                0x0000000008005810                M33CTI0_IRQHandler
                0x0000000008005810                ICACHE0_IRQHandler
                0x0000000008005810                SMU_NS_PRIVILEGED_IRQHandler
                0x0000000008005810                FPUEXH_IRQHandler
                0x0000000008005810                PROTIMER_IRQHandler
                0x0000000008005810                ACMP1_IRQHandler
                0x0000000008005810                BusFault_Handler
                0x0000000008005810                MPAHBRAM_IRQHandler
 .text.CopyMemory
                0x0000000008005812       0x1a ./simplicity_sdk_2025.6.2/platform/Device/SiliconLabs/EFR32MG24/Source/startup_efr32mg24.o
                0x0000000008005812                CopyMemory
 .text.assertEFM
                0x000000000800582c        0x2 ./simplicity_sdk_2025.6.2/platform/common/src/sl_assert.o
                0x000000000800582c                assertEFM
 .text.sl_slist_init
                0x000000000800582e        0x6 ./simplicity_sdk_2025.6.2/platform/common/src/sl_slist.o
                0x000000000800582e                sl_slist_init
 .text.sl_debug_swo_enable_itm
                0x0000000008005834       0x16 ./simplicity_sdk_2025.6.2/platform/driver/debug/src/sl_debug_swo.o
                0x0000000008005834                sl_debug_swo_enable_itm
 .text.sl_debug_swo_disable_itm
                0x000000000800584a       0x18 ./simplicity_sdk_2025.6.2/platform/driver/debug/src/sl_debug_swo.o
                0x000000000800584a                sl_debug_swo_disable_itm
 .text.DMADRV_PeripheralMemory
                0x0000000008005862       0x34 ./simplicity_sdk_2025.6.2/platform/emdrv/dmadrv/src/dmadrv.o
                0x0000000008005862                DMADRV_PeripheralMemory
 .text.BUS_RegMaskedWrite
                0x0000000008005896       0x1e ./simplicity_sdk_2025.6.2/platform/emlib/src/em_cmu.o
 .text.waitStateMax
                0x00000000080058b4       0x10 ./simplicity_sdk_2025.6.2/platform/emlib/src/em_cmu.o
 .text.CMU_UpdateWaitStates
                0x00000000080058c4        0xc ./simplicity_sdk_2025.6.2/platform/emlib/src/em_cmu.o
                0x00000000080058c4                CMU_UpdateWaitStates
 .text.pclkDivMax
                0x00000000080058d0        0xa ./simplicity_sdk_2025.6.2/platform/emlib/src/em_cmu.o
 .text.EMU_EFPEM01VScale
                0x00000000080058da        0x2 ./simplicity_sdk_2025.6.2/platform/emlib/src/em_emu.o
                0x00000000080058da                EMU_EFPEM01VScale
 .text.EMU_DCDCUpdatedHook
                0x00000000080058dc        0x2 ./simplicity_sdk_2025.6.2/platform/emlib/src/em_emu.o
                0x00000000080058dc                EMU_DCDCUpdatedHook
 .text.eusart_sync
                0x00000000080058de        0x8 ./simplicity_sdk_2025.6.2/platform/emlib/src/em_eusart.o
 .text.EUSART_Disable
                0x00000000080058e6       0x34 ./simplicity_sdk_2025.6.2/platform/emlib/src/em_eusart.o
 .text.EUSART_Spi_TxRx
                0x000000000800591a       0x14 ./simplicity_sdk_2025.6.2/platform/emlib/src/em_eusart.o
                0x000000000800591a                EUSART_Spi_TxRx
 .text.BUS_RegMaskedWrite
                0x000000000800592e       0x1e ./simplicity_sdk_2025.6.2/platform/emlib/src/em_gpio.o
 .text.USART_Tx
                0x000000000800594c        0xa ./simplicity_sdk_2025.6.2/platform/emlib/src/em_usart.o
                0x000000000800594c                USART_Tx
 .text.sl_hal_bus_reg_write_mask
                0x0000000008005956       0x1e ./simplicity_sdk_2025.6.2/platform/peripheral/src/sl_hal_gpio.o
 .text.sl_clock_manager_runtime_init
                0x0000000008005974        0x4 ./simplicity_sdk_2025.6.2/platform/service/clock_manager/src/sl_clock_manager.o
                0x0000000008005974                sl_clock_manager_runtime_init
 .text.sli_clock_manager_hal_runtime_init
                0x0000000008005978        0x4 ./simplicity_sdk_2025.6.2/platform/service/clock_manager/src/sl_clock_manager_hal_s2.o
                0x0000000008005978                sli_clock_manager_hal_runtime_init
 .text.sl_clock_manager_init
                0x000000000800597c        0x4 ./simplicity_sdk_2025.6.2/platform/service/clock_manager/src/sl_clock_manager_init.o
                0x000000000800597c                sl_clock_manager_init
 .text.sl_iostream_write
                0x0000000008005980       0x22 ./simplicity_sdk_2025.6.2/platform/service/iostream/src/sl_iostream.o
                0x0000000008005980                sl_iostream_write
 .text.sl_iostream_read
                0x00000000080059a2       0x30 ./simplicity_sdk_2025.6.2/platform/service/iostream/src/sl_iostream.o
                0x00000000080059a2                sl_iostream_read
 .text.sl_iostream_vprintf
                0x00000000080059d2       0x44 ./simplicity_sdk_2025.6.2/platform/service/iostream/src/sl_iostream.o
                0x00000000080059d2                sl_iostream_vprintf
 .text.sl_iostream_printf
                0x0000000008005a16       0x1a ./simplicity_sdk_2025.6.2/platform/service/iostream/src/sl_iostream.o
                0x0000000008005a16                sl_iostream_printf
 .text._close   0x0000000008005a30        0x4 ./simplicity_sdk_2025.6.2/platform/service/iostream/src/sl_iostream_retarget_stdio.o
                0x0000000008005a30                _close
 .text._exit    0x0000000008005a34        0x2 ./simplicity_sdk_2025.6.2/platform/service/iostream/src/sl_iostream_retarget_stdio.o
                0x0000000008005a34                _exit
 .text._fstat   0x0000000008005a36        0xa ./simplicity_sdk_2025.6.2/platform/service/iostream/src/sl_iostream_retarget_stdio.o
                0x0000000008005a36                _fstat
 .text._isatty  0x0000000008005a40        0x4 ./simplicity_sdk_2025.6.2/platform/service/iostream/src/sl_iostream_retarget_stdio.o
                0x0000000008005a40                _isatty
 .text._lseek   0x0000000008005a44        0x4 ./simplicity_sdk_2025.6.2/platform/service/iostream/src/sl_iostream_retarget_stdio.o
                0x0000000008005a44                _lseek
 .text._read    0x0000000008005a48       0x1c ./simplicity_sdk_2025.6.2/platform/service/iostream/src/sl_iostream_retarget_stdio.o
                0x0000000008005a48                _read
 .text.set_auto_cr_lf
                0x0000000008005a64        0x6 ./simplicity_sdk_2025.6.2/platform/service/iostream/src/sl_iostream_uart.o
 .text.get_auto_cr_lf
                0x0000000008005a6a        0x6 ./simplicity_sdk_2025.6.2/platform/service/iostream/src/sl_iostream_uart.o
 .text.__uart_async_rx_dma_callback
                0x0000000008005a70       0x70 ./simplicity_sdk_2025.6.2/platform/service/iostream/src/sl_iostream_uart.o
 .text.uart_write_async
                0x0000000008005ae0       0x46 ./simplicity_sdk_2025.6.2/platform/service/iostream/src/sl_iostream_uart.o
 .text.sli_iostream_uart_unsubscribe_to_new_data
                0x0000000008005b26       0x1c ./simplicity_sdk_2025.6.2/platform/service/iostream/src/sl_iostream_uart.o
                0x0000000008005b26                sli_iostream_uart_unsubscribe_to_new_data
 .text.usart_rx
                0x0000000008005b42       0x14 ./simplicity_sdk_2025.6.2/platform/service/iostream/src/sl_iostream_usart.o
 .text.usart_deinit
                0x0000000008005b56       0x76 ./simplicity_sdk_2025.6.2/platform/service/iostream/src/sl_iostream_usart.o
 .text.usart_tx
                0x0000000008005bcc        0xe ./simplicity_sdk_2025.6.2/platform/service/iostream/src/sl_iostream_usart.o
 .text.__wrap_sl_system_init
                0x0000000008005bda        0x4 ./simplicity_sdk_2025.6.2/platform/service/sl_main/sl_system_compatibility/src/sl_system_compatibility.o
                0x0000000008005bda                __wrap_sl_system_init
 .text.__wrap_sl_system_process_action
                0x0000000008005bde        0x4 ./simplicity_sdk_2025.6.2/platform/service/sl_main/sl_system_compatibility/src/sl_system_compatibility.o
                0x0000000008005bde                __wrap_sl_system_process_action
 .text.app_init_pre_clock
                0x0000000008005be2        0x2 ./simplicity_sdk_2025.6.2/platform/service/sl_main/src/sl_main_init.o
                0x0000000008005be2                app_init_pre_clock
 .text.app_init_early
                0x0000000008005be4        0x2 ./simplicity_sdk_2025.6.2/platform/service/sl_main/src/sl_main_init.o
                0x0000000008005be4                app_init_early
 .text.sl_main_second_stage_init
                0x0000000008005be6       0x1a ./simplicity_sdk_2025.6.2/platform/service/sl_main/src/sl_main_init.o
                0x0000000008005be6                sl_main_second_stage_init
 .text.sl_main_init
                0x0000000008005c00       0x2e ./simplicity_sdk_2025.6.2/platform/service/sl_main/src/sl_main_init.o
                0x0000000008005c00                sl_main_init
 .text.app_permanent_memory_alloc
                0x0000000008005c2e        0x2 ./simplicity_sdk_2025.6.2/platform/service/sl_main/src/sl_main_init_memory.o
                0x0000000008005c2e                app_permanent_memory_alloc
 .text.sli_allocate_permanent_memory
                0x0000000008005c30       0x18 ./simplicity_sdk_2025.6.2/platform/service/sl_main/src/sl_main_init_memory.o
                0x0000000008005c30                sli_allocate_permanent_memory
 .text.sl_main_process_action
                0x0000000008005c48       0x16 ./simplicity_sdk_2025.6.2/platform/service/sl_main/src/sl_main_process_action.o
                0x0000000008005c48                sl_main_process_action
 .text.memcpy   0x0000000008005c5e       0x1a /home/developer/SimplicityStudio_v5/developer/toolchains/gnu_arm/12.2.rel1_2023.7/bin/../lib/gcc/arm-none-eabi/12.2.1/../../../../arm-none-eabi/lib/thumb/v8-m.main+fp/hard/libc_nano.a(libc_a-memcpy-stub.o)
                0x0000000008005c5e                memcpy
 .text.__sread  0x0000000008005c78       0x22 /home/developer/SimplicityStudio_v5/developer/toolchains/gnu_arm/12.2.rel1_2023.7/bin/../lib/gcc/arm-none-eabi/12.2.1/../../../../arm-none-eabi/lib/thumb/v8-m.main+fp/hard/libc_nano.a(libc_a-stdio.o)
                0x0000000008005c78                __sread
 .text.__swrite
                0x0000000008005c9a       0x38 /home/developer/SimplicityStudio_v5/developer/toolchains/gnu_arm/12.2.rel1_2023.7/bin/../lib/gcc/arm-none-eabi/12.2.1/../../../../arm-none-eabi/lib/thumb/v8-m.main+fp/hard/libc_nano.a(libc_a-stdio.o)
                0x0000000008005c9a                __swrite
 .text.__sseek  0x0000000008005cd2       0x24 /home/developer/SimplicityStudio_v5/developer/toolchains/gnu_arm/12.2.rel1_2023.7/bin/../lib/gcc/arm-none-eabi/12.2.1/../../../../arm-none-eabi/lib/thumb/v8-m.main+fp/hard/libc_nano.a(libc_a-stdio.o)
                0x0000000008005cd2                __sseek
 .text.__sclose
                0x0000000008005cf6        0x8 /home/developer/SimplicityStudio_v5/developer/toolchains/gnu_arm/12.2.rel1_2023.7/bin/../lib/gcc/arm-none-eabi/12.2.1/../../../../arm-none-eabi/lib/thumb/v8-m.main+fp/hard/libc_nano.a(libc_a-stdio.o)
                0x0000000008005cf6                __sclose
 .text._fwalk_sglue
                0x0000000008005cfe       0x3c /home/developer/SimplicityStudio_v5/developer/toolchains/gnu_arm/12.2.rel1_2023.7/bin/../lib/gcc/arm-none-eabi/12.2.1/../../../../arm-none-eabi/lib/thumb/v8-m.main+fp/hard/libc_nano.a(libc_a-fwalk.o)
                0x0000000008005cfe                _fwalk_sglue
 .text.memset   0x0000000008005d3a       0x10 /home/developer/SimplicityStudio_v5/developer/toolchains/gnu_arm/12.2.rel1_2023.7/bin/../lib/gcc/arm-none-eabi/12.2.1/../../../../arm-none-eabi/lib/thumb/v8-m.main+fp/hard/libc_nano.a(libc_a-memset.o)
                0x0000000008005d3a                memset
 .text.__retarget_lock_init_recursive
                0x0000000008005d4a        0x2 /home/developer/SimplicityStudio_v5/developer/toolchains/gnu_arm/12.2.rel1_2023.7/bin/../lib/gcc/arm-none-eabi/12.2.1/../../../../arm-none-eabi/lib/thumb/v8-m.main+fp/hard/libc_nano.a(libc_a-lock.o)
                0x0000000008005d4a                __retarget_lock_init_recursive
 .text.__retarget_lock_acquire_recursive
                0x0000000008005d4c        0x2 /home/developer/SimplicityStudio_v5/developer/toolchains/gnu_arm/12.2.rel1_2023.7/bin/../lib/gcc/arm-none-eabi/12.2.1/../../../../arm-none-eabi/lib/thumb/v8-m.main+fp/hard/libc_nano.a(libc_a-lock.o)
                0x0000000008005d4c                __retarget_lock_acquire_recursive
 .text.__retarget_lock_release_recursive
                0x0000000008005d4e        0x2 /home/developer/SimplicityStudio_v5/developer/toolchains/gnu_arm/12.2.rel1_2023.7/bin/../lib/gcc/arm-none-eabi/12.2.1/../../../../arm-none-eabi/lib/thumb/v8-m.main+fp/hard/libc_nano.a(libc_a-lock.o)
                0x0000000008005d4e                __retarget_lock_release_recursive
 .text.__swhatbuf_r
                0x0000000008005d50       0x4a /home/developer/SimplicityStudio_v5/developer/toolchains/gnu_arm/12.2.rel1_2023.7/bin/../lib/gcc/arm-none-eabi/12.2.1/../../../../arm-none-eabi/lib/thumb/v8-m.main+fp/hard/libc_nano.a(libc_a-makebuf.o)
                0x0000000008005d50                __swhatbuf_r
 .text.__smakebuf_r
                0x0000000008005d9a       0x78 /home/developer/SimplicityStudio_v5/developer/toolchains/gnu_arm/12.2.rel1_2023.7/bin/../lib/gcc/arm-none-eabi/12.2.1/../../../../arm-none-eabi/lib/thumb/v8-m.main+fp/hard/libc_nano.a(libc_a-makebuf.o)
                0x0000000008005d9a                __smakebuf_r
 .text.__sfputc_r
                0x0000000008005e12       0x2e /home/developer/SimplicityStudio_v5/developer/toolchains/gnu_arm/12.2.rel1_2023.7/bin/../lib/gcc/arm-none-eabi/12.2.1/../../../../arm-none-eabi/lib/thumb/v8-m.main+fp/hard/libc_nano.a(libc_a-nano-vfprintf.o)
 .text.__sfputs_r
                0x0000000008005e40       0x24 /home/developer/SimplicityStudio_v5/developer/toolchains/gnu_arm/12.2.rel1_2023.7/bin/../lib/gcc/arm-none-eabi/12.2.1/../../../../arm-none-eabi/lib/thumb/v8-m.main+fp/hard/libc_nano.a(libc_a-nano-vfprintf.o)
                0x0000000008005e40                __sfputs_r
 .text.__swbuf_r
                0x0000000008005e64       0x7c /home/developer/SimplicityStudio_v5/developer/toolchains/gnu_arm/12.2.rel1_2023.7/bin/../lib/gcc/arm-none-eabi/12.2.1/../../../../arm-none-eabi/lib/thumb/v8-m.main+fp/hard/libc_nano.a(libc_a-wbuf.o)
                0x0000000008005e64                __swbuf_r
 .text._printf_common
                0x0000000008005ee0       0xe4 /home/developer/SimplicityStudio_v5/developer/toolchains/gnu_arm/12.2.rel1_2023.7/bin/../lib/gcc/arm-none-eabi/12.2.1/../../../../arm-none-eabi/lib/thumb/v8-m.main+fp/hard/libc_nano.a(libc_a-nano-vfprintf_i.o)
                0x0000000008005ee0                _printf_common
 .text.__sflush_r
                0x0000000008005fc4      0x106 /home/developer/SimplicityStudio_v5/developer/toolchains/gnu_arm/12.2.rel1_2023.7/bin/../lib/gcc/arm-none-eabi/12.2.1/../../../../arm-none-eabi/lib/thumb/v8-m.main+fp/hard/libc_nano.a(libc_a-fflush.o)
                0x0000000008005fc4                __sflush_r
 .text._fflush_r
                0x00000000080060ca       0x50 /home/developer/SimplicityStudio_v5/developer/toolchains/gnu_arm/12.2.rel1_2023.7/bin/../lib/gcc/arm-none-eabi/12.2.1/../../../../arm-none-eabi/lib/thumb/v8-m.main+fp/hard/libc_nano.a(libc_a-fflush.o)
                0x00000000080060ca                _fflush_r
 .text.memchr   0x000000000800611a       0x1c /home/developer/SimplicityStudio_v5/developer/toolchains/gnu_arm/12.2.rel1_2023.7/bin/../lib/gcc/arm-none-eabi/12.2.1/../../../../arm-none-eabi/lib/thumb/v8-m.main+fp/hard/libc_nano.a(libc_a-memchr-stub.o)
                0x000000000800611a                memchr
 *(SORT_BY_ALIGNMENT(text_*))
 *fill*         0x0000000008006136        0x2 
 text_system_timecritical19225
                0x0000000008006138        0xc ./simplicity_sdk_2025.6.2/platform/Device/SiliconLabs/EFR32MG24/Source/system_efr32mg24.o
                0x0000000008006138                SystemHFRCODPLLClockGet
 text_system_timecritical20228
                0x0000000008006144       0x40 ./simplicity_sdk_2025.6.2/platform/Device/SiliconLabs/EFR32MG24/Source/system_efr32mg24.o
                0x0000000008006144                SystemSYSCLKGet
 text_system_timecritical16181
                0x0000000008006184       0x24 ./simplicity_sdk_2025.6.2/platform/Device/SiliconLabs/EFR32MG24/Source/system_efr32mg24.o
                0x0000000008006184                SystemHCLKGet
 text_system_timecritical21230
                0x00000000080061a8        0x8 ./simplicity_sdk_2025.6.2/platform/Device/SiliconLabs/EFR32MG24/Source/system_efr32mg24.o
                0x00000000080061a8                SystemMaxCoreClockGet
 text_system_timecritical22232
                0x00000000080061b0        0x8 ./simplicity_sdk_2025.6.2/platform/Device/SiliconLabs/EFR32MG24/Source/system_efr32mg24.o
                0x00000000080061b0                SystemFSRCOClockGet
 text_system_timecritical23234
                0x00000000080061b8        0xc ./simplicity_sdk_2025.6.2/platform/Device/SiliconLabs/EFR32MG24/Source/system_efr32mg24.o
                0x00000000080061b8                SystemHFXOClockGet
 text_system_timecritical24237
                0x00000000080061c4        0x8 ./simplicity_sdk_2025.6.2/platform/Device/SiliconLabs/EFR32MG24/Source/system_efr32mg24.o
                0x00000000080061c4                SystemCLKIN0Get
 text_system_timecritical25239
                0x00000000080061cc       0x90 ./simplicity_sdk_2025.6.2/platform/Device/SiliconLabs/EFR32MG24/Source/system_efr32mg24.o
                0x00000000080061cc                SystemHFRCOEM23ClockGet
 text_system_timecritical26241
                0x000000000800625c        0xc ./simplicity_sdk_2025.6.2/platform/Device/SiliconLabs/EFR32MG24/Source/system_efr32mg24.o
                0x000000000800625c                SystemLFXOClockGet
 text_dmadrv_timecritical29166
                0x0000000008006268       0x40 ./simplicity_sdk_2025.6.2/platform/emdrv/dmadrv/src/dmadrv.o
                0x0000000008006268                DMADRV_StopTransfer
 text_dmadrv_timecritical32174
                0x00000000080062a8       0x44 ./simplicity_sdk_2025.6.2/platform/emdrv/dmadrv/src/dmadrv.o
                0x00000000080062a8                DMADRV_TransferDone
 text_dmadrv_timecritical33177
                0x00000000080062ec       0x44 ./simplicity_sdk_2025.6.2/platform/emdrv/dmadrv/src/dmadrv.o
                0x00000000080062ec                DMADRV_TransferRemainingCount
 text_hal_gpio_timecritical29429
                0x0000000008006330       0x58 ./simplicity_sdk_2025.6.2/platform/peripheral/src/sl_hal_gpio.o
                0x0000000008006330                sl_hal_gpio_set_pin
 text_hal_sysrtc_timecritical29261
                0x0000000008006388       0x14 ./simplicity_sdk_2025.6.2/platform/peripheral/src/sl_hal_sysrtc.o
                0x0000000008006388                sl_hal_sysrtc_wait_sync
 text_hal_sysrtc_timecritical31625
                0x000000000800639c       0x24 ./simplicity_sdk_2025.6.2/platform/peripheral/src/sl_hal_sysrtc.o
                0x000000000800639c                sl_hal_sysrtc_wait_sync_group
 text_hal_sysrtc_timecritical32658
                0x00000000080063c0       0x1c ./simplicity_sdk_2025.6.2/platform/peripheral/src/sl_hal_sysrtc.o
                0x00000000080063c0                sl_hal_sysrtc_enable_group_interrupts
 text_hal_sysrtc_timecritical33674
                0x00000000080063dc       0x1c ./simplicity_sdk_2025.6.2/platform/peripheral/src/sl_hal_sysrtc.o
                0x00000000080063dc                sl_hal_sysrtc_disable_group_interrupts
 text_hal_sysrtc_timecritical34690
                0x00000000080063f8       0x1c ./simplicity_sdk_2025.6.2/platform/peripheral/src/sl_hal_sysrtc.o
                0x00000000080063f8                sl_hal_sysrtc_clear_group_interrupts
 text_hal_sysrtc_timecritical35709
                0x0000000008006414       0x20 ./simplicity_sdk_2025.6.2/platform/peripheral/src/sl_hal_sysrtc.o
                0x0000000008006414                sl_hal_sysrtc_get_group_interrupts
 text_hal_sysrtc_timecritical36758
                0x0000000008006434       0x28 ./simplicity_sdk_2025.6.2/platform/peripheral/src/sl_hal_sysrtc.o
                0x0000000008006434                sl_hal_sysrtc_get_group_compare_channel_value
 text_hal_sysrtc_timecritical37775
                0x000000000800645c       0x28 ./simplicity_sdk_2025.6.2/platform/peripheral/src/sl_hal_sysrtc.o
                0x000000000800645c                sl_hal_sysrtc_set_group_compare_channel_value
 text_clock_manager_timecritical2674
                0x0000000008006484       0x54 ./simplicity_sdk_2025.6.2/platform/service/clock_manager/src/sl_clock_manager_hal_s2.o
                0x0000000008006484                sli_clock_manager_hal_enable_bus_clock
 text_sleeptimer_timecritical66121
                0x00000000080064d8       0x40 ./simplicity_sdk_2025.6.2/platform/service/sleeptimer/src/sl_sleeptimer.o
 text_sleeptimer_timecritical67125
                0x0000000008006518       0x3c ./simplicity_sdk_2025.6.2/platform/service/sleeptimer/src/sl_sleeptimer.o
 text_sleeptimer_timecritical69131
                0x0000000008006554       0x34 ./simplicity_sdk_2025.6.2/platform/service/sleeptimer/src/sl_sleeptimer.o
 text_sleeptimer_timecritical68128
                0x0000000008006588       0x64 ./simplicity_sdk_2025.6.2/platform/service/sleeptimer/src/sl_sleeptimer.o
 text_sleeptimer_timecritical65151
                0x00000000080065ec      0x148 ./simplicity_sdk_2025.6.2/platform/service/sleeptimer/src/sl_sleeptimer.o
                0x00000000080065ec                process_timer_irq
 text_sleeptimer_timecritical6454
                0x0000000008006734       0x10 ./simplicity_sdk_2025.6.2/platform/service/sleeptimer/src/sl_sleeptimer_hal_sysrtc.o
                0x0000000008006734                sleeptimer_hal_get_counter
 text_sleeptimer_timecritical6885
                0x0000000008006744       0x18 ./simplicity_sdk_2025.6.2/platform/service/sleeptimer/src/sl_sleeptimer_hal_sysrtc.o
                0x0000000008006744                sleeptimer_hal_get_timer_frequency
 text_sleeptimer_timecritical6670
                0x000000000800675c       0x70 ./simplicity_sdk_2025.6.2/platform/service/sleeptimer/src/sl_sleeptimer_hal_sysrtc.o
                0x000000000800675c                sleeptimer_hal_set_compare
 text_sleeptimer_timecritical70101
                0x00000000080067cc       0x24 ./simplicity_sdk_2025.6.2/platform/service/sleeptimer/src/sl_sleeptimer_hal_sysrtc.o
                0x00000000080067cc                sleeptimer_hal_disable_int
 text_sleeptimer_timecritical71109
                0x00000000080067f0       0x10 ./simplicity_sdk_2025.6.2/platform/service/sleeptimer/src/sl_sleeptimer_hal_sysrtc.o
                0x00000000080067f0                sleeptimer_hal_set_int
 text_system_timecritical27244
                0x0000000008006800        0x6 ./simplicity_sdk_2025.6.2/platform/Device/SiliconLabs/EFR32MG24/Source/system_efr32mg24.o
                0x0000000008006800                SystemLFRCOClockGet
 text_system_timecritical28246
                0x0000000008006806        0x6 ./simplicity_sdk_2025.6.2/platform/Device/SiliconLabs/EFR32MG24/Source/system_efr32mg24.o
                0x0000000008006806                SystemULFRCOClockGet
 text_core_timecritical2307
                0x000000000800680c        0xa ./simplicity_sdk_2025.6.2/platform/common/src/sl_core_cortexm.o
                0x000000000800680c                CORE_ExitCritical
 text_core_timecritical4331
                0x0000000008006816        0x8 ./simplicity_sdk_2025.6.2/platform/common/src/sl_core_cortexm.o
                0x0000000008006816                CORE_EnterCritical
 text_core_timecritical7363
                0x000000000800681e        0xa ./simplicity_sdk_2025.6.2/platform/common/src/sl_core_cortexm.o
                0x000000000800681e                CORE_ExitAtomic
 text_core_timecritical9387
                0x0000000008006828        0xc ./simplicity_sdk_2025.6.2/platform/common/src/sl_core_cortexm.o
                0x0000000008006828                CORE_EnterAtomic
 text_clock_manager_timecritical1352
                0x0000000008006834        0xa ./simplicity_sdk_2025.6.2/platform/service/clock_manager/src/sl_clock_manager.o
                0x0000000008006834                sl_clock_manager_get_clock_branch_frequency
 text_clock_manager_timecritical2380
                0x000000000800683e        0x6 ./simplicity_sdk_2025.6.2/platform/service/clock_manager/src/sl_clock_manager.o
                0x000000000800683e                sl_clock_manager_enable_bus_clock
 text_clock_manager_timecritical3394
                0x0000000008006844        0x6 ./simplicity_sdk_2025.6.2/platform/service/clock_manager/src/sl_clock_manager.o
                0x0000000008006844                sl_clock_manager_disable_bus_clock
 text_clock_manager_timecritical2561
                0x000000000800684a       0xc4 ./simplicity_sdk_2025.6.2/platform/service/clock_manager/src/sl_clock_manager_hal_s2.o
                0x000000000800684a                sli_clock_manager_hal_get_clock_branch_frequency
 text_sleeptimer_timecritical6562
                0x000000000800690e        0x8 ./simplicity_sdk_2025.6.2/platform/service/sleeptimer/src/sl_sleeptimer_hal_sysrtc.o
                0x000000000800690e                sleeptimer_hal_get_compare
 text_sleeptimer_timecritical6993
                0x0000000008006916       0x12 ./simplicity_sdk_2025.6.2/platform/service/sleeptimer/src/sl_sleeptimer_hal_sysrtc.o
                0x0000000008006916                sleeptimer_hal_enable_int
 text_sleeptimer_timecritical86325
                0x0000000008006928       0x34 ./simplicity_sdk_2025.6.2/platform/service/sleeptimer/src/sl_sleeptimer_hal_sysrtc.o
                0x0000000008006928                SYSRTC_APP_IRQHandler
                0x0000000008006960                . = ALIGN (0x20)
 *fill*         0x000000000800695c        0x4 
                0x0000000008006960                linker_code_end = .
 *(.init)
 .init          0x0000000008006960        0x4 /home/developer/SimplicityStudio_v5/developer/toolchains/gnu_arm/12.2.rel1_2023.7/bin/../lib/gcc/arm-none-eabi/12.2.1/thumb/v8-m.main+fp/hard/crti.o
                0x0000000008006960                _init
 .init          0x0000000008006964        0x8 /home/developer/SimplicityStudio_v5/developer/toolchains/gnu_arm/12.2.rel1_2023.7/bin/../lib/gcc/arm-none-eabi/12.2.1/thumb/v8-m.main+fp/hard/crtn.o
 *(.fini)
 .fini          0x000000000800696c        0x4 /home/developer/SimplicityStudio_v5/developer/toolchains/gnu_arm/12.2.rel1_2023.7/bin/../lib/gcc/arm-none-eabi/12.2.1/thumb/v8-m.main+fp/hard/crti.o
                0x000000000800696c                _fini
 .fini          0x0000000008006970        0x8 /home/developer/SimplicityStudio_v5/developer/toolchains/gnu_arm/12.2.rel1_2023.7/bin/../lib/gcc/arm-none-eabi/12.2.1/thumb/v8-m.main+fp/hard/crtn.o
 *crtbegin.o(.ctors)
 *crtbegin?.o(.ctors)
 *(EXCLUDE_FILE(*crtend.o *crtend?.o) .ctors)
 *(SORT_BY_NAME(.ctors.*))
 *(.ctors)
 *crtbegin.o(.dtors)
 *crtbegin?.o(.dtors)
 *(EXCLUDE_FILE(*crtend.o *crtend?.o) .dtors)
 *(SORT_BY_NAME(.dtors.*))
 *(.dtors)
 *(.rodata*)
 .rodata.app_init.str1.1
                0x0000000008006978       0x11 ./app.o
 *fill*         0x0000000008006989        0x3 
 .rodata        0x000000000800698c       0x28 ./app.o
 .rodata.sl_iostream_usart_init_log_uart.str1.1
                0x00000000080069b4       0x2e ./autogen/sl_iostream_init_usart_instances.o
 .rodata.str1.1
                0x00000000080069e2        0x9 ./autogen/sl_iostream_init_usart_instances.o
 *fill*         0x00000000080069eb        0x1 
 .rodata        0x00000000080069ec       0x1c ./autogen/sl_iostream_init_usart_instances.o
 .rodata        0x0000000008006a08       0x3a ./simplicity_sdk_2025.6.2/hardware/driver/mx25_flash_shutdown/src/sl_mx25_flash_shutdown_eusart/sl_mx25_flash_shutdown.o
 .rodata.sl_slist_push.str1.1
                0x0000000008006a42       0x56 ./simplicity_sdk_2025.6.2/platform/common/src/sl_slist.o
 .rodata.str1.1
                0x0000000008006a98       0x5a ./simplicity_sdk_2025.6.2/platform/driver/gpio/src/sl_gpio.o
 .rodata.CSWTCH.74
                0x0000000008006af2        0x6 ./simplicity_sdk_2025.6.2/platform/driver/gpio/src/sl_gpio.o
 .rodata        0x0000000008006af8        0x4 ./simplicity_sdk_2025.6.2/platform/emdrv/dmadrv/src/dmadrv.o
 .rodata.traceClkGet.str1.1
                0x0000000008006afc       0x53 ./simplicity_sdk_2025.6.2/platform/emlib/src/em_cmu.o
 .rodata.EMU_VScaleEM01.str1.1
                0x0000000008006b4f       0x53 ./simplicity_sdk_2025.6.2/platform/emlib/src/em_emu.o
 .rodata.EUSART_Enable.str1.1
                0x0000000008006ba2       0x56 ./simplicity_sdk_2025.6.2/platform/emlib/src/em_eusart.o
 .rodata.GPIO_PinOutSet.str1.1
                0x0000000008006bf8       0x55 ./simplicity_sdk_2025.6.2/platform/emlib/src/em_gpio.o
 .rodata.GPIO_ExtIntConfig.str1.1
                0x0000000008006c4d       0x54 ./simplicity_sdk_2025.6.2/platform/emlib/src/em_gpio.o
 *fill*         0x0000000008006ca1        0x1 
 .rodata.CSWTCH.32
                0x0000000008006ca2        0x8 ./simplicity_sdk_2025.6.2/platform/emlib/src/em_gpio.o
 .rodata.IADC_initScan.str1.1
                0x0000000008006caa       0x54 ./simplicity_sdk_2025.6.2/platform/emlib/src/em_iadc.o
 .rodata.CSWTCH.56
                0x0000000008006cfe        0xa ./simplicity_sdk_2025.6.2/platform/emlib/src/em_iadc.o
 .rodata        0x0000000008006d08       0x18 ./simplicity_sdk_2025.6.2/platform/emlib/src/em_iadc.o
 .rodata.LDMA_EnableChannelRequest.str1.1
                0x0000000008006d20       0xa8 ./simplicity_sdk_2025.6.2/platform/emlib/src/em_ldma.o
 .rodata.USART_BaudrateAsyncSet.str1.1
                0x0000000008006dc8       0x55 ./simplicity_sdk_2025.6.2/platform/emlib/src/em_usart.o
 .rodata.str1.1
                0x0000000008006e1d       0x5e ./simplicity_sdk_2025.6.2/platform/peripheral/src/sl_hal_gpio.o
 .rodata.sl_hal_gpio_set_pin_mode.str1.1
                0x0000000008006e7b       0x5d ./simplicity_sdk_2025.6.2/platform/peripheral/src/sl_hal_gpio.o
 .rodata.CSWTCH.54
                0x0000000008006ed8        0x6 ./simplicity_sdk_2025.6.2/platform/peripheral/src/sl_hal_gpio.o
 .rodata.sl_hal_sysrtc_start.str1.1
                0x0000000008006ede       0x60 ./simplicity_sdk_2025.6.2/platform/peripheral/src/sl_hal_sysrtc.o
 .rodata.str1.1
                0x0000000008006f3e       0x5f ./simplicity_sdk_2025.6.2/platform/peripheral/src/sl_hal_sysrtc.o
 .rodata.str1.1
                0x0000000008006f9d       0x74 ./simplicity_sdk_2025.6.2/platform/service/clock_manager/src/sl_clock_manager_hal_s2.o
                                         0xc8 (size before relaxing)
 .rodata.sli_clock_manager_hal_init.str1.1
                0x0000000008007011       0x79 ./simplicity_sdk_2025.6.2/platform/service/clock_manager/src/sl_clock_manager_init_hal_s2.o
 *fill*         0x000000000800708a        0x2 
 .rodata        0x000000000800708c       0x3c ./simplicity_sdk_2025.6.2/platform/service/clock_manager/src/sl_clock_manager_init_hal_s2.o
 .rodata        0x00000000080070c8        0x7 ./simplicity_sdk_2025.6.2/platform/service/device_init/src/sl_device_init_dcdc_s2.o
 *fill*         0x00000000080070cf        0x1 
 .rodata.SL_BUS_CLOCK_SYSRTC0_VALUE