Archive member included to satisfy reference by file (symbol)

/home/developer/SimplicityStudio_v5/developer/toolchains/gnu_arm/12.2.rel1_2023.7/bin/../lib/gcc/arm-none-eabi/12.2.1/thumb/v8-m.main+fp/hard/libgcc.a(_aeabi_ldivmod.o)
                              ./simplicity_sdk_2025.6.2/platform/emlib/src/em_eusart.o (__aeabi_ldivmod)
/home/developer/SimplicityStudio_v5/developer/toolchains/gnu_arm/12.2.rel1_2023.7/bin/../lib/gcc/arm-none-eabi/12.2.1/thumb/v8-m.main+fp/hard/libgcc.a(_aeabi_uldivmod.o)
                              ./simplicity_sdk_2025.6.2/platform/emlib/src/em_eusart.o (__aeabi_uldivmod)
/home/developer/SimplicityStudio_v5/developer/toolchains/gnu_arm/12.2.rel1_2023.7/bin/../lib/gcc/arm-none-eabi/12.2.1/thumb/v8-m.main+fp/hard/libgcc.a(_udivmoddi4.o)
                              /home/developer/SimplicityStudio_v5/developer/toolchains/gnu_arm/12.2.rel1_2023.7/bin/../lib/gcc/arm-none-eabi/12.2.1/thumb/v8-m.main+fp/hard/libgcc.a(_aeabi_ldivmod.o) (__udivmoddi4)
/home/developer/SimplicityStudio_v5/developer/toolchains/gnu_arm/12.2.rel1_2023.7/bin/../lib/gcc/arm-none-eabi/12.2.1/thumb/v8-m.main+fp/hard/libgcc.a(_dvmd_tls.o)
                              /home/developer/SimplicityStudio_v5/developer/toolchains/gnu_arm/12.2.rel1_2023.7/bin/../lib/gcc/arm-none-eabi/12.2.1/thumb/v8-m.main+fp/hard/libgcc.a(_aeabi_ldivmod.o) (__aeabi_ldiv0)
/home/developer/SimplicityStudio_v5/developer/toolchains/gnu_arm/12.2.rel1_2023.7/bin/../lib/gcc/arm-none-eabi/12.2.1/../../../../arm-none-eabi/lib/thumb/v8-m.main+fp/hard/libc_nano.a(libc_a-exit.o)
                              /home/developer/SimplicityStudio_v5/developer/toolchains/gnu_arm/12.2.rel1_2023.7/bin/../lib/gcc/arm-none-eabi/12.2.1/../../../../arm-none-eabi/lib/thumb/v8-m.main+fp/hard/crt0.o (exit)
/home/developer/SimplicityStudio_v5/developer/toolchains/gnu_arm/12.2.rel1_2023.7/bin/../lib/gcc/arm-none-eabi/12.2.1/../../../../arm-none-eabi/lib/thumb/v8-m.main+fp/hard/libc_nano.a(libc_a-init.o)
                              /home/developer/SimplicityStudio_v5/developer/toolchains/gnu_arm/12.2.rel1_2023.7/bin/../lib/gcc/arm-none-eabi/12.2.1/../../../../arm-none-eabi/lib/thumb/v8-m.main+fp/hard/crt0.o (__libc_init_array)
/home/developer/SimplicityStudio_v5/developer/toolchains/gnu_arm/12.2.rel1_2023.7/bin/../lib/gcc/arm-none-eabi/12.2.1/../../../../arm-none-eabi/lib/thumb/v8-m.main+fp/hard/libc_nano.a(libc_a-strcmp.o)
                              ./autogen/sl_iostream_handles.o (strcmp)
/home/developer/SimplicityStudio_v5/developer/toolchains/gnu_arm/12.2.rel1_2023.7/bin/../lib/gcc/arm-none-eabi/12.2.1/../../../../arm-none-eabi/lib/thumb/v8-m.main+fp/hard/libc_nano.a(libc_a-vprintf.o)
                              ./simplicity_sdk_2025.6.2/platform/service/iostream/src/sl_iostream.o (vprintf)
/home/developer/SimplicityStudio_v5/developer/toolchains/gnu_arm/12.2.rel1_2023.7/bin/../lib/gcc/arm-none-eabi/12.2.1/../../../../arm-none-eabi/lib/thumb/v8-m.main+fp/hard/libc_nano.a(libc_a-impure.o)
                              ./simplicity_sdk_2025.6.2/platform/service/iostream/src/sl_iostream_stdlib_config.o (_impure_ptr)
/home/developer/SimplicityStudio_v5/developer/toolchains/gnu_arm/12.2.rel1_2023.7/bin/../lib/gcc/arm-none-eabi/12.2.1/../../../../arm-none-eabi/lib/thumb/v8-m.main+fp/hard/libc_nano.a(libc_a-memcpy-stub.o)
                              ./simplicity_sdk_2025.6.2/platform/service/iostream/src/sl_iostream_uart.o (memcpy)
/home/developer/SimplicityStudio_v5/developer/toolchains/gnu_arm/12.2.rel1_2023.7/bin/../lib/gcc/arm-none-eabi/12.2.1/../../../../arm-none-eabi/lib/thumb/v8-m.main+fp/hard/libc_nano.a(libc_a-findfp.o)
                              /home/developer/SimplicityStudio_v5/developer/toolchains/gnu_arm/12.2.rel1_2023.7/bin/../lib/gcc/arm-none-eabi/12.2.1/../../../../arm-none-eabi/lib/thumb/v8-m.main+fp/hard/libc_nano.a(libc_a-exit.o) (__stdio_exit_handler)
/home/developer/SimplicityStudio_v5/developer/toolchains/gnu_arm/12.2.rel1_2023.7/bin/../lib/gcc/arm-none-eabi/12.2.1/../../../../arm-none-eabi/lib/thumb/v8-m.main+fp/hard/libc_nano.a(libc_a-setvbuf.o)
                              ./simplicity_sdk_2025.6.2/platform/service/iostream/src/sl_iostream_stdlib_config.o (setvbuf)
/home/developer/SimplicityStudio_v5/developer/toolchains/gnu_arm/12.2.rel1_2023.7/bin/../lib/gcc/arm-none-eabi/12.2.1/../../../../arm-none-eabi/lib/thumb/v8-m.main+fp/hard/libc_nano.a(libc_a-stdio.o)
                              /home/developer/SimplicityStudio_v5/developer/toolchains/gnu_arm/12.2.rel1_2023.7/bin/../lib/gcc/arm-none-eabi/12.2.1/../../../../arm-none-eabi/lib/thumb/v8-m.main+fp/hard/libc_nano.a(libc_a-findfp.o) (__sread)
/home/developer/SimplicityStudio_v5/developer/toolchains/gnu_arm/12.2.rel1_2023.7/bin/../lib/gcc/arm-none-eabi/12.2.1/../../../../arm-none-eabi/lib/thumb/v8-m.main+fp/hard/libc_nano.a(libc_a-ctype_.o)
                              ./simplicity_sdk_2025.6.2/platform/common/src/sl_string.o (_ctype_)
[...]
Memory Configuration

Name             Origin             Length             Attributes
FLASH            0x0000000008000000 0x000000000017e000 xr
RAM              0x0000000020000000 0x0000000000040000 xrw
*default*        0x0000000000000000 0xffffffffffffffff

Linker script and memory map

LOAD /home/developer/SimplicityStudio_v5/developer/toolchains/gnu_arm/12.2.rel1_2023.7/bin/../lib/gcc/arm-none-eabi/12.2.1/thumb/v8-m.main+fp/hard/crti.o
LOAD /home/developer/SimplicityStudio_v5/developer/toolchains/gnu_arm/12.2.rel1_2023.7/bin/../lib/gcc/arm-none-eabi/12.2.1/thumb/v8-m.main+fp/hard/crtbegin.o
LOAD /home/developer/SimplicityStudio_v5/developer/toolchains/gnu_arm/12.2.rel1_2023.7/bin/../lib/gcc/arm-none-eabi/12.2.1/../../../../arm-none-eabi/lib/thumb/v8-m.main+fp/hard/crt0.o
START GROUP
LOAD ./app.o
LOAD ./main.o
LOAD ./autogen/sl_board_default_init.o
LOAD ./autogen/sl_event_handler.o
LOAD ./autogen/sl_iostream_handles.o
LOAD ./autogen/sl_iostream_init_usart_instances.o
LOAD ./simplicity_sdk_2025.6.2/app/common/util/app_log/app_log.o
LOAD ./simplicity_sdk_2025.6.2/hardware/board/src/sl_board_control_gpio.o
LOAD ./simplicity_sdk_2025.6.2/hardware/board/src/sl_board_init.o
LOAD ./simplicity_sdk_2025.6.2/hardware/driver/configuration_over_swo/src/sl_cos.o
LOAD ./simplicity_sdk_2025.6.2/hardware/driver/mx25_flash_shutdown/src/sl_mx25_flash_shutdown_eusart/sl_mx25_flash_shutdown.o
LOAD ./simplicity_sdk_2025.6.2/platform/Device/SiliconLabs/EFR32MG24/Source/startup_efr32mg24.o
LOAD ./simplicity_sdk_2025.6.2/platform/Device/SiliconLabs/EFR32MG24/Source/system_efr32mg24.o
LOAD ./simplicity_sdk_2025.6.2/platform/common/src/sl_assert.o
LOAD ./simplicity_sdk_2025.6.2/platform/common/src/sl_core_cortexm.o
LOAD ./simplicity_sdk_2025.6.2/platform/common/src/sl_slist.o
LOAD ./simplicity_sdk_2025.6.2/platform/common/src/sl_string.o
LOAD ./simplicity_sdk_2025.6.2/platform/common/src/sl_syscalls.o
LOAD ./simplicity_sdk_2025.6.2/platform/driver/debug/src/sl_debug_swo.o
LOAD ./simplicity_sdk_2025.6.2/platform/driver/gpio/src/sl_gpio.o
LOAD ./simplicity_sdk_2025.6.2/platform/emdrv/dmadrv/src/dmadrv.o
LOAD ./simplicity_sdk_2025.6.2/platform/emdrv/gpiointerrupt/src/gpiointerrupt.o
LOAD ./simplicity_sdk_2025.6.2/platform/emlib/src/em_cmu.o
LOAD ./simplicity_sdk_2025.6.2/platform/emlib/src/em_emu.o
LOAD ./simplicity_sdk_2025.6.2/platform/emlib/src/em_eusart.o
LOAD ./simplicity_sdk_2025.6.2/platform/emlib/src/em_gpio.o
LOAD ./simplicity_sdk_2025.6.2/platform/emlib/src/em_ldma.o
LOAD ./simplicity_sdk_2025.6.2/platform/emlib/src/em_msc.o
LOAD ./simplicity_sdk_2025.6.2/platform/emlib/src/em_system.o
LOAD ./simplicity_sdk_2025.6.2/platform/emlib/src/em_usart.o
LOAD ./simplicity_sdk_2025.6.2/platform/peripheral/src/sl_hal_gpio.o
LOAD ./simplicity_sdk_2025.6.2/platform/service/clock_manager/src/sl_clock_manager.o
LOAD ./simplicity_sdk_2025.6.2/platform/service/clock_manager/src/sl_clock_manager_hal_s2.o
LOAD ./simplicity_sdk_2025.6.2/platform/service/clock_manager/src/sl_clock_manager_init.o
LOAD ./simplicity_sdk_2025.6.2/platform/service/clock_manager/src/sl_clock_manager_init_hal_s2.o
LOAD ./simplicity_sdk_2025.6.2/platform/service/device_init/src/sl_device_init_dcdc_s2.o
LOAD ./simplicity_sdk_2025.6.2/platform/service/device_init/src/sl_device_init_emu_s2.o
LOAD ./simplicity_sdk_2025.6.2/platform/service/device_manager/clocks/sl_device_clock_efr32xg24.o
LOAD ./simplicity_sdk_2025.6.2/platform/service/device_manager/src/sl_device_clock.o
LOAD ./simplicity_sdk_2025.6.2/platform/service/device_manager/src/sl_device_gpio.o
LOAD ./simplicity_sdk_2025.6.2/platform/service/interrupt_manager/src/sl_interrupt_manager_cortexm.o
LOAD ./simplicity_sdk_2025.6.2/platform/service/iostream/src/sl_iostream.o
LOAD ./simplicity_sdk_2025.6.2/platform/service/iostream/src/sl_iostream_retarget_stdio.o
LOAD ./simplicity_sdk_2025.6.2/platform/service/iostream/src/sl_iostream_stdlib_config.o
LOAD ./simplicity_sdk_2025.6.2/platform/service/iostream/src/sl_iostream_uart.o
LOAD ./simplicity_sdk_2025.6.2/platform/service/iostream/src/sl_iostream_usart.o
LOAD ./simplicity_sdk_2025.6.2/platform/service/memory_manager/src/sl_memory_manager_region.o
LOAD ./simplicity_sdk_2025.6.2/platform/service/sl_main/sl_system_compatibility/src/sl_system_compatibility.o
LOAD ./simplicity_sdk_2025.6.2/platform/service/sl_main/src/sl_main_init.o
LOAD ./simplicity_sdk_2025.6.2/platform/service/sl_main/src/sl_main_init_memory.o
LOAD ./simplicity_sdk_2025.6.2/platform/service/sl_main/src/sl_main_process_action.o
LOAD ./simplicity_sdk_2025.6.2/platform/service/udelay/src/sl_udelay.o
LOAD ./simplicity_sdk_2025.6.2/platform/service/udelay/src/sl_udelay_armv6m_gcc.o
LOAD /home/developer/SimplicityStudio_v5/developer/toolchains/gnu_arm/12.2.rel1_2023.7/bin/../lib/gcc/arm-none-eabi/12.2.1/thumb/v8-m.main+fp/hard/libgcc.a
LOAD /home/developer/SimplicityStudio_v5/developer/toolchains/gnu_arm/12.2.rel1_2023.7/bin/../lib/gcc/arm-none-eabi/12.2.1/../../../../arm-none-eabi/lib/thumb/v8-m.main+fp/hard/libc_nano.a
LOAD /home/developer/SimplicityStudio_v5/developer/toolchains/gnu_arm/12.2.rel1_2023.7/bin/../lib/gcc/arm-none-eabi/12.2.1/../../../../arm-none-eabi/lib/thumb/v8-m.main+fp/hard/libm.a
LOAD /home/developer/SimplicityStudio_v5/developer/toolchains/gnu_arm/12.2.rel1_2023.7/bin/../lib/gcc/arm-none-eabi/12.2.1/../../../../arm-none-eabi/lib/thumb/v8-m.main+fp/hard/libnosys.a
END GROUP
START GROUP
LOAD /home/developer/SimplicityStudio_v5/developer/toolchains/gnu_arm/12.2.rel1_2023.7/bin/../lib/gcc/arm-none-eabi/12.2.1/thumb/v8-m.main+fp/hard/libgcc.a
LOAD /home/developer/SimplicityStudio_v5/developer/toolchains/gnu_arm/12.2.rel1_2023.7/bin/../lib/gcc/arm-none-eabi/12.2.1/../../../../arm-none-eabi/lib/thumb/v8-m.main+fp/hard/libc_nano.a
LOAD /home/developer/SimplicityStudio_v5/developer/toolchains/gnu_arm/12.2.rel1_2023.7/bin/../lib/gcc/arm-none-eabi/12.2.1/../../../../arm-none-eabi/lib/thumb/v8-m.main+fp/hard/libnosys.a
END GROUP
START GROUP
LOAD /home/developer/SimplicityStudio_v5/developer/toolchains/gnu_arm/12.2.rel1_2023.7/bin/../lib/gcc/arm-none-eabi/12.2.1/thumb/v8-m.main+fp/hard/libgcc.a
LOAD /home/developer/SimplicityStudio_v5/developer/toolchains/gnu_arm/12.2.rel1_2023.7/bin/../lib/gcc/arm-none-eabi/12.2.1/../../../../arm-none-eabi/lib/thumb/v8-m.main+fp/hard/libg_nano.a
LOAD /home/developer/SimplicityStudio_v5/developer/toolchains/gnu_arm/12.2.rel1_2023.7/bin/../lib/gcc/arm-none-eabi/12.2.1/../../../../arm-none-eabi/lib/thumb/v8-m.main+fp/hard/libc_nano.a
END GROUP
START GROUP
LOAD /home/developer/SimplicityStudio_v5/developer/toolchains/gnu_arm/12.2.rel1_2023.7/bin/../lib/gcc/arm-none-eabi/12.2.1/thumb/v8-m.main+fp/hard/libgcc.a
LOAD /home/developer/SimplicityStudio_v5/developer/toolchains/gnu_arm/12.2.rel1_2023.7/bin/../lib/gcc/arm-none-eabi/12.2.1/../../../../arm-none-eabi/lib/thumb/v8-m.main+fp/hard/libc_nano.a
END GROUP
LOAD /home/developer/SimplicityStudio_v5/developer/toolchains/gnu_arm/12.2.rel1_2023.7/bin/../lib/gcc/arm-none-eabi/12.2.1/thumb/v8-m.main+fp/hard/crtend.o
LOAD /home/developer/SimplicityStudio_v5/developer/toolchains/gnu_arm/12.2.rel1_2023.7/bin/../lib/gcc/arm-none-eabi/12.2.1/thumb/v8-m.main+fp/hard/crtn.o

.vectors        0x0000000008000000      0x170
                0x0000000008000000                linker_vectors_begin = .
 *(.vectors)
 .vectors       0x0000000008000000      0x170 ./simplicity_sdk_2025.6.2/platform/Device/SiliconLabs/EFR32MG24/Source/startup_efr32mg24.o
                0x0000000008000000                __Vectors
                0x0000000008000170                linker_vectors_end = .
                0x0000000008000170                __Vectors_End = .
                0x0000000008000170                __Vectors_Size = (__Vectors_End - __Vectors)

.stack          0x0000000020000000     0x1000
                0x0000000020000000                . = ALIGN (0x8)
                0x0000000020000000                __StackLimit = .
 *(.stack*)
 .stack         0x0000000020000000     0x1000 ./simplicity_sdk_2025.6.2/platform/service/memory_manager/src/sl_memory_manager_region.o
                0x0000000020001000                . = ALIGN (0x4)
                0x0000000020001000                __StackTop = .
                0x0000000020001000                PROVIDE (__stack = __StackTop)

.bss            0x0000000020001000      0x550
                0x0000000020001000                . = ALIGN (0x4)
                0x0000000020001000                __bss_start__ = .
 *(SORT_BY_ALIGNMENT(.bss*))
 .bss.object.0  0x0000000020001000       0x18 /home/developer/SimplicityStudio_v5/developer/toolchains/gnu_arm/12.2.rel1_2023.7/bin/../lib/gcc/arm-none-eabi/12.2.1/thumb/v8-m.main+fp/hard/crtbegin.o
 .bss.sl_iostream_recommended_console_stream
                0x0000000020001018        0x4 ./autogen/sl_iostream_handles.o
                0x0000000020001018                sl_iostream_recommended_console_stream
 .bss.context_exp
                0x000000002000101c       0xb4 ./autogen/sl_iostream_init_usart_instances.o
 .bss.sl_iostream_exp
                0x00000000200010d0       0x1c ./autogen/sl_iostream_init_usart_instances.o
 .bss.app_log_iostream
                0x00000000200010ec        0x4 ./simplicity_sdk_2025.6.2/app/common/util/app_log/app_log.o
                0x00000000200010ec                app_log_iostream
 .bss.gpio_interrupts
                0x00000000200010f0      0x168 ./simplicity_sdk_2025.6.2/platform/driver/gpio/src/sl_gpio.o
 .bss.dmaXfer   0x0000000020001258      0x100 ./simplicity_sdk_2025.6.2/platform/emdrv/dmadrv/src/dmadrv.o
 .bss.chTable   0x0000000020001358       0x80 ./simplicity_sdk_2025.6.2/platform/emdrv/dmadrv/src/dmadrv.o
 .bss.sli_iostream_default
                0x00000000200013d8        0x4 ./simplicity_sdk_2025.6.2/platform/service/iostream/src/sl_iostream.o
 .bss.__sf      0x00000000200013dc      0x138 /home/developer/SimplicityStudio_v5/developer/toolchains/gnu_arm/12.2.rel1_2023.7/bin/../lib/gcc/arm-none-eabi/12.2.1/../../../../arm-none-eabi/lib/thumb/v8-m.main+fp/hard/libc_nano.a(libc_a-findfp.o)
                0x00000000200013dc                __sf
 .bss.__stdio_exit_handler
                0x0000000020001514        0x4 /home/developer/SimplicityStudio_v5/developer/toolchains/gnu_arm/12.2.rel1_2023.7/bin/../lib/gcc/arm-none-eabi/12.2.1/../../../../arm-none-eabi/lib/thumb/v8-m.main+fp/hard/libc_nano.a(libc_a-findfp.o)
                0x0000000020001514                __stdio_exit_handler
 .bss.errno     0x0000000020001518        0x4 /home/developer/SimplicityStudio_v5/developer/toolchains/gnu_arm/12.2.rel1_2023.7/bin/../lib/gcc/arm-none-eabi/12.2.1/../../../../arm-none-eabi/lib/thumb/v8-m.main+fp/hard/libc_nano.a(libc_a-reent.o)
                0x0000000020001518                errno
 .bss.__malloc_sbrk_start
                0x000000002000151c        0x4 /home/developer/SimplicityStudio_v5/developer/toolchains/gnu_arm/12.2.rel1_2023.7/bin/../lib/gcc/arm-none-eabi/12.2.1/../../../../arm-none-eabi/lib/thumb/v8-m.main+fp/hard/libc_nano.a(libc_a-mallocr.o)
                0x000000002000151c                __malloc_sbrk_start
 .bss.__malloc_free_list
                0x0000000020001520        0x4 /home/developer/SimplicityStudio_v5/developer/toolchains/gnu_arm/12.2.rel1_2023.7/bin/../lib/gcc/arm-none-eabi/12.2.1/../../../../arm-none-eabi/lib/thumb/v8-m.main+fp/hard/libc_nano.a(libc_a-mallocr.o)
                0x0000000020001520                __malloc_free_list
 .bss.completed.1
                0x0000000020001524        0x1 /home/developer/SimplicityStudio_v5/developer/toolchains/gnu_arm/12.2.rel1_2023.7/bin/../lib/gcc/arm-none-eabi/12.2.1/thumb/v8-m.main+fp/hard/crtbegin.o
 .bss.prev_int_nb
                0x0000000020001525        0x1 ./app.o
 .bss.int_nb    0x0000000020001526        0x1 ./app.o
 .bss.rx_buffer_exp
                0x0000000020001527       0x20 ./autogen/sl_iostream_init_usart_instances.o
 .bss.level_mask_enabled
                0x0000000020001547        0x1 ./simplicity_sdk_2025.6.2/app/common/util/app_log/app_log.o
 .bss.initialized
                0x0000000020001548        0x1 ./simplicity_sdk_2025.6.2/platform/emdrv/dmadrv/src/dmadrv.o
 .bss.pclkDiv   0x0000000020001549        0x1 ./simplicity_sdk_2025.6.2/platform/emlib/src/em_cmu.o
 .bss.vScaleEM01Config
                0x000000002000154a        0x1 ./simplicity_sdk_2025.6.2/platform/emlib/src/em_emu.o
 .bss.is_interrupt_manager_initialized
                0x000000002000154b        0x1 ./simplicity_sdk_2025.6.2/platform/service/interrupt_manager/src/sl_interrupt_manager_cortexm.o
 .bss.null_byte
                0x000000002000154c        0x1 ./simplicity_sdk_2025.6.2/platform/service/iostream/src/sl_iostream_uart.o
 .bss.__lock___malloc_recursive_mutex
                0x000000002000154d        0x1 /home/developer/SimplicityStudio_v5/developer/toolchains/gnu_arm/12.2.rel1_2023.7/bin/../lib/gcc/arm-none-eabi/12.2.1/../../../../arm-none-eabi/lib/thumb/v8-m.main+fp/hard/libc_nano.a(libc_a-lock.o)
                0x000000002000154d                __lock___malloc_recursive_mutex
 .bss.__lock___sfp_recursive_mutex
                0x000000002000154e        0x1 /home/developer/SimplicityStudio_v5/developer/toolchains/gnu_arm/12.2.rel1_2023.7/bin/../lib/gcc/arm-none-eabi/12.2.1/../../../../arm-none-eabi/lib/thumb/v8-m.main+fp/hard/libc_nano.a(libc_a-lock.o)
                0x000000002000154e                __lock___sfp_recursive_mutex
 *(COMMON)
                0x0000000020001550                . = ALIGN (0x4)
 *fill*         0x000000002000154f        0x1 
                0x0000000020001550                __bss_end__ = .

.noinit
 *(.noinit*)

text_application_ram
                0x0000000020001550        0x0 load address 0x0000000008000170
                0x0000000020001550                . = ALIGN (0x4)
                0x0000000020001550                __vma_ramfuncs_start__ = .
                0x0000000020001550                __text_application_ram_start__ = .
 *(text_application_ram)
                0x0000000020001550                . = ALIGN (0x4)
                0x0000000020001550                __vma_ramfuncs_end__ = .
                0x0000000020001550                __text_application_ram_end__ = .
                0x0000000008000170                __lma_ramfuncs_start__ = LOADADDR (text_application_ram)
                0x0000000008000170                __lma_ramfuncs_end__ = (LOADADDR (text_application_ram) + SIZEOF (text_application_ram))

.rodata         0x0000000008000170        0x0
                0x0000000008000170                __rodata_end__ = .

.text           0x0000000008000170     0x6688
                0x0000000008000170                linker_code_begin = .
 *(SORT_BY_ALIGNMENT(.text*))
 .text          0x0000000008000170        0x8 ./simplicity_sdk_2025.6.2/platform/service/udelay/src/sl_udelay_armv6m_gcc.o
                0x0000000008000170                sli_delay_loop
 .text.deregister_tm_clones
                0x0000000008000178       0x1c /home/developer/SimplicityStudio_v5/developer/toolchains/gnu_arm/12.2.rel1_2023.7/bin/../lib/gcc/arm-none-eabi/12.2.1/thumb/v8-m.main+fp/hard/crtbegin.o
 .text.register_tm_clones
                0x0000000008000194       0x28 /home/developer/SimplicityStudio_v5/developer/toolchains/gnu_arm/12.2.rel1_2023.7/bin/../lib/gcc/arm-none-eabi/12.2.1/thumb/v8-m.main+fp/hard/crtbegin.o
 .text.__do_global_dtors_aux
                0x00000000080001bc       0x28 /home/developer/SimplicityStudio_v5/developer/toolchains/gnu_arm/12.2.rel1_2023.7/bin/../lib/gcc/arm-none-eabi/12.2.1/thumb/v8-m.main+fp/hard/crtbegin.o
 .text.frame_dummy
                0x00000000080001e4       0x24 /home/developer/SimplicityStudio_v5/developer/toolchains/gnu_arm/12.2.rel1_2023.7/bin/../lib/gcc/arm-none-eabi/12.2.1/thumb/v8-m.main+fp/hard/crtbegin.o
 .text          0x0000000008000208       0x7c /home/developer/SimplicityStudio_v5/developer/toolchains/gnu_arm/12.2.rel1_2023.7/bin/../lib/gcc/arm-none-eabi/12.2.1/../../../../arm-none-eabi/lib/thumb/v8-m.main+fp/hard/crt0.o
                0x0000000008000208                _stack_init
                0x0000000008000210                _mainCRTStartup
                0x0000000008000210                _start
 .text.on_gpio_change
                0x0000000008000284       0x10 ./app.o
 .text.app_init
                0x0000000008000294       0x84 ./app.o
                0x0000000008000294                app_init
 .text.app_process_action
                0x0000000008000318       0x4c ./app.o
                0x0000000008000318                app_process_action
 .text.sl_iostream_set_console_instance
                0x0000000008000364       0x24 ./autogen/sl_iostream_handles.o
                0x0000000008000364                sl_iostream_set_console_instance
 .text.sl_iostream_usart_init_exp
                0x0000000008000388       0xc0 ./autogen/sl_iostream_init_usart_instances.o
                0x0000000008000388                sl_iostream_usart_init_exp
 .text.sl_iostream_usart_init_instances
                0x0000000008000448       0x1c ./autogen/sl_iostream_init_usart_instances.o
                0x0000000008000448                sl_iostream_usart_init_instances
 .text.USART0_RX_IRQHandler
                0x0000000008000464        0xc ./autogen/sl_iostream_init_usart_instances.o
                0x0000000008000464                USART0_RX_IRQHandler
 .text.app_log_check_level
                0x0000000008000470       0x40 ./simplicity_sdk_2025.6.2/app/common/util/app_log/app_log.o
                0x0000000008000470                app_log_check_level
 .text.app_log_init
                0x00000000080004b0       0x38 ./simplicity_sdk_2025.6.2/app/common/util/app_log/app_log.o
                0x00000000080004b0                app_log_init
 .text.sl_board_init
                0x00000000080004e8       0x18 ./simplicity_sdk_2025.6.2/hardware/board/src/sl_board_init.o
                0x00000000080004e8                sl_board_init
 .text.sl_board_preinit
                0x0000000008000500        0xc ./simplicity_sdk_2025.6.2/hardware/board/src/sl_board_init.o
                0x0000000008000500                sl_board_preinit
 .text.sl_mx25_flash_shutdown
                0x000000000800050c      0x170 ./simplicity_sdk_2025.6.2/hardware/driver/mx25_flash_shutdown/src/sl_mx25_flash_shutdown_eusart/sl_mx25_flash_shutdown.o
                0x000000000800050c                sl_mx25_flash_shutdown
 .text.CopyToRam
                0x000000000800067c       0x1c ./simplicity_sdk_2025.6.2/platform/Device/SiliconLabs/EFR32MG24/Source/startup_efr32mg24.o
                0x000000000800067c                CopyToRam
 .text.Reset_Handler
                0x0000000008000698       0x6c ./simplicity_sdk_2025.6.2/platform/Device/SiliconLabs/EFR32MG24/Source/startup_efr32mg24.o
                0x0000000008000698                Reset_Handler
 .text.SystemInit
                0x0000000008000704       0x64 ./simplicity_sdk_2025.6.2/platform/Device/SiliconLabs/EFR32MG24/Source/system_efr32mg24.o
                0x0000000008000704                SystemInit
 .text.SystemHFRCODPLLClockSet
                0x0000000008000768        0xc ./simplicity_sdk_2025.6.2/platform/Device/SiliconLabs/EFR32MG24/Source/system_efr32mg24.o
                0x0000000008000768                SystemHFRCODPLLClockSet
 .text.SystemHFXOClockSet
                0x0000000008000774       0x20 ./simplicity_sdk_2025.6.2/platform/Device/SiliconLabs/EFR32MG24/Source/system_efr32mg24.o
                0x0000000008000774                SystemHFXOClockSet
 .text.sl_slist_push_back
                0x0000000008000794       0x24 ./simplicity_sdk_2025.6.2/platform/common/src/sl_slist.o
                0x0000000008000794                sl_slist_push_back
 .text.sl_slist_pop
                0x00000000080007b8       0x20 ./simplicity_sdk_2025.6.2/platform/common/src/sl_slist.o
                0x00000000080007b8                sl_slist_pop
 .text.sl_debug_swo_init
                0x00000000080007d8       0xcc ./simplicity_sdk_2025.6.2/platform/driver/debug/src/sl_debug_swo.o
                0x00000000080007d8                sl_debug_swo_init
 .text.sl_gpio_dispatch_interrupt
                0x00000000080008a4       0x5c ./simplicity_sdk_2025.6.2/platform/driver/gpio/src/sl_gpio.o
 .text.sl_gpio_init
                0x0000000008000900       0x38 ./simplicity_sdk_2025.6.2/platform/driver/gpio/src/sl_gpio.o
                0x0000000008000900                sl_gpio_init
 .text.sl_gpio_set_pin_mode
                0x0000000008000938       0x84 ./simplicity_sdk_2025.6.2/platform/driver/gpio/src/sl_gpio.o
                0x0000000008000938                sl_gpio_set_pin_mode
 .text.sl_gpio_set_pin
                0x00000000080009bc       0x5c ./simplicity_sdk_2025.6.2/platform/driver/gpio/src/sl_gpio.o
                0x00000000080009bc                sl_gpio_set_pin
 .text.sl_gpio_clear_pin
                0x0000000008000a18       0x5c ./simplicity_sdk_2025.6.2/platform/driver/gpio/src/sl_gpio.o
                0x0000000008000a18                sl_gpio_clear_pin
 .text.sl_gpio_configure_external_interrupt
                0x0000000008000a74       0xe0 ./simplicity_sdk_2025.6.2/platform/driver/gpio/src/sl_gpio.o
                0x0000000008000a74                sl_gpio_configure_external_interrupt
 .text.sl_gpio_configure_wakeup_em4_interrupt
                0x0000000008000b54       0xbc ./simplicity_sdk_2025.6.2/platform/driver/gpio/src/sl_gpio.o
                0x0000000008000b54                sl_gpio_configure_wakeup_em4_interrupt
 .text.GPIO_EVEN_IRQHandler
                0x0000000008000c10       0x20 ./simplicity_sdk_2025.6.2/platform/driver/gpio/src/sl_gpio.o
                0x0000000008000c10                GPIO_EVEN_IRQHandler
 .text.GPIO_ODD_IRQHandler
                0x0000000008000c30       0x20 ./simplicity_sdk_2025.6.2/platform/driver/gpio/src/sl_gpio.o
                0x0000000008000c30                GPIO_ODD_IRQHandler
 .text.StartTransfer
                0x0000000008000c50      0x17c ./simplicity_sdk_2025.6.2/platform/emdrv/dmadrv/src/dmadrv.o
 .text.DMADRV_AllocateChannel
                0x0000000008000dcc       0x60 ./simplicity_sdk_2025.6.2/platform/emdrv/dmadrv/src/dmadrv.o
                0x0000000008000dcc                DMADRV_AllocateChannel
 .text.DMADRV_DeInit
                0x0000000008000e2c       0x44 ./simplicity_sdk_2025.6.2/platform/emdrv/dmadrv/src/dmadrv.o
                0x0000000008000e2c                DMADRV_DeInit
 .text.DMADRV_FreeChannel
                0x0000000008000e70       0x4c ./simplicity_sdk_2025.6.2/platform/emdrv/dmadrv/src/dmadrv.o
                0x0000000008000e70                DMADRV_FreeChannel
 .text.DMADRV_Init
                0x0000000008000ebc       0x68 ./simplicity_sdk_2025.6.2/platform/emdrv/dmadrv/src/dmadrv.o
                0x0000000008000ebc                DMADRV_Init
 .text.DMADRV_LdmaStartTransfer
                0x0000000008000f24       0x4c ./simplicity_sdk_2025.6.2/platform/emdrv/dmadrv/src/dmadrv.o
                0x0000000008000f24                DMADRV_LdmaStartTransfer
 .text.DMADRV_PauseTransfer
                0x0000000008000f70       0x40 ./simplicity_sdk_2025.6.2/platform/emdrv/dmadrv/src/dmadrv.o
                0x0000000008000f70                DMADRV_PauseTransfer
 .text.DMADRV_ResumeTransfer
                0x0000000008000fb0       0x40 ./simplicity_sdk_2025.6.2/platform/emdrv/dmadrv/src/dmadrv.o
                0x0000000008000fb0                DMADRV_ResumeTransfer
 .text.LDMA_IRQHandler
                0x0000000008000ff0       0x74 ./simplicity_sdk_2025.6.2/platform/emdrv/dmadrv/src/dmadrv.o
                0x0000000008000ff0                LDMA_IRQHandler
 .text.GPIOINT_CallbackRegister
                0x0000000008001064       0x3c ./simplicity_sdk_2025.6.2/platform/emdrv/gpiointerrupt/src/gpiointerrupt.o
                0x0000000008001064                GPIOINT_CallbackRegister
 .text.EMU_VScaleGet
                0x00000000080010a0       0x18 ./simplicity_sdk_2025.6.2/platform/emlib/src/em_cmu.o
 .text.dpllRefClkGet
                0x00000000080010b8       0x48 ./simplicity_sdk_2025.6.2/platform/emlib/src/em_cmu.o
 .text.em23GrpaClkGet
                0x0000000008001100       0x48 ./simplicity_sdk_2025.6.2/platform/emlib/src/em_cmu.o
 .text.em4GrpaClkGet
                0x0000000008001148       0x48 ./simplicity_sdk_2025.6.2/platform/emlib/src/em_cmu.o
 .text.sysrtcClkGet
                0x0000000008001190       0x48 ./simplicity_sdk_2025.6.2/platform/emlib/src/em_cmu.o
 .text.traceClkGet
                0x00000000080011d8       0x54 ./simplicity_sdk_2025.6.2/platform/emlib/src/em_cmu.o
 .text.em01GrpaClkGet
                0x000000000800122c       0x74 ./simplicity_sdk_2025.6.2/platform/emlib/src/em_cmu.o
 .text.em01GrpcClkGet
                0x00000000080012a0       0x70 ./simplicity_sdk_2025.6.2/platform/emlib/src/em_cmu.o
 .text.eusart0ClkGet
                0x0000000008001310       0x74 ./simplicity_sdk_2025.6.2/platform/emlib/src/em_cmu.o
 .text.iadcClkGet
                0x0000000008001384       0x60 ./simplicity_sdk_2025.6.2/platform/emlib/src/em_cmu.o
 .text.wdog0ClkGet
                0x00000000080013e4       0x64 ./simplicity_sdk_2025.6.2/platform/emlib/src/em_cmu.o
 .text.wdog1ClkGet
                0x0000000008001448       0x64 ./simplicity_sdk_2025.6.2/platform/emlib/src/em_cmu.o
 .text.vdac0ClkGet
                0x00000000080014ac       0x70 ./simplicity_sdk_2025.6.2/platform/emlib/src/em_cmu.o
 .text.vdac1ClkGet
                0x000000000800151c       0x70 ./simplicity_sdk_2025.6.2/platform/emlib/src/em_cmu.o
 .text.pcnt0ClkGet
                0x000000000800158c       0x4c ./simplicity_sdk_2025.6.2/platform/emlib/src/em_cmu.o
 .text.HFRCODPLLDevinfoGet
                0x00000000080015d8      0x108 ./simplicity_sdk_2025.6.2/platform/emlib/src/em_cmu.o
 .text.CMU_ClockDivGet
                0x00000000080016e0       0x78 ./simplicity_sdk_2025.6.2/platform/emlib/src/em_cmu.o
                0x00000000080016e0                CMU_ClockDivGet
 .text.flashWaitStateControl
                0x0000000008001758       0x58 ./simplicity_sdk_2025.6.2/platform/emlib/src/em_cmu.o
 .text.CMU_ClockEnable
                0x00000000080017b0       0x50 ./simplicity_sdk_2025.6.2/platform/emlib/src/em_cmu.o
                0x00000000080017b0                CMU_ClockEnable
 .text.CMU_ClockFreqGet
                0x0000000008001800      0x210 ./simplicity_sdk_2025.6.2/platform/emlib/src/em_cmu.o
                0x0000000008001800                CMU_ClockFreqGet
 .text.rhclkPrescOptimize
                0x0000000008001a10       0x20 ./simplicity_sdk_2025.6.2/platform/emlib/src/em_cmu.o
 .text.CMU_ClockSelectGet
                0x0000000008001a30      0x208 ./simplicity_sdk_2025.6.2/platform/emlib/src/em_cmu.o
                0x0000000008001a30                CMU_ClockSelectGet
 .text.sli_em_cmu_SYSTICEXTCLKENClear
                0x0000000008001c38       0x30 ./simplicity_sdk_2025.6.2/platform/emlib/src/em_cmu.o
                0x0000000008001c38                sli_em_cmu_SYSTICEXTCLKENClear
 .text.CMU_HFXOInit
                0x0000000008001c68      0x224 ./simplicity_sdk_2025.6.2/platform/emlib/src/em_cmu.o
                0x0000000008001c68                CMU_HFXOInit
 .text.CMU_HFXOCTuneDeltaGet
                0x0000000008001e8c        0xc ./simplicity_sdk_2025.6.2/platform/emlib/src/em_cmu.o
                0x0000000008001e8c                CMU_HFXOCTuneDeltaGet
 .text.CMU_LFXOInit
                0x0000000008001e98       0xc4 ./simplicity_sdk_2025.6.2/platform/emlib/src/em_cmu.o
                0x0000000008001e98                CMU_LFXOInit
 .text.CMU_LFXOPrecisionSet
                0x0000000008001f5c        0xc ./simplicity_sdk_2025.6.2/platform/emlib/src/em_cmu.o
                0x0000000008001f5c                CMU_LFXOPrecisionSet
 .text.CMU_HFXOPrecisionSet
                0x0000000008001f68        0xc ./simplicity_sdk_2025.6.2/platform/emlib/src/em_cmu.o
                0x0000000008001f68                CMU_HFXOPrecisionSet
 .text.CMU_LFRCOSetPrecision
                0x0000000008001f74       0x80 ./simplicity_sdk_2025.6.2/platform/emlib/src/em_cmu.o
                0x0000000008001f74                CMU_LFRCOSetPrecision
 .text.CMU_ClockDivSet
                0x0000000008001ff4      0x12c ./simplicity_sdk_2025.6.2/platform/emlib/src/em_cmu.o
                0x0000000008001ff4                CMU_ClockDivSet
 .text.sli_em_cmu_SYSCLKInitPreClockSelect
                0x0000000008002120       0x30 ./simplicity_sdk_2025.6.2/platform/emlib/src/em_cmu.o
                0x0000000008002120                sli_em_cmu_SYSCLKInitPreClockSelect
 .text.pclkDivOptimize
                0x0000000008002150       0x24 ./simplicity_sdk_2025.6.2/platform/emlib/src/em_cmu.o
 .text.sli_em_cmu_SYSCLKInitPostClockSelect
                0x0000000008002174       0x40 ./simplicity_sdk_2025.6.2/platform/emlib/src/em_cmu.o
                0x0000000008002174                sli_em_cmu_SYSCLKInitPostClockSelect
 .text.CMU_HFRCODPLLBandSet
                0x00000000080021b4      0x11c ./simplicity_sdk_2025.6.2/platform/emlib/src/em_cmu.o
                0x00000000080021b4                CMU_HFRCODPLLBandSet
 .text.CMU_HFRCOEM23BandSet
                0x00000000080022d0      0x168 ./simplicity_sdk_2025.6.2/platform/emlib/src/em_cmu.o
                0x00000000080022d0                CMU_HFRCOEM23BandSet
 .text.EMU_DCDCSync
                0x0000000008002438       0x10 ./simplicity_sdk_2025.6.2/platform/emlib/src/em_emu.o
 .text.EMU_EM4Init
                0x0000000008002448       0x14 ./simplicity_sdk_2025.6.2/platform/emlib/src/em_emu.o
                0x0000000008002448                EMU_EM4Init
 .text.EMU_VScaleEM01
                0x000000000800245c       0xa8 ./simplicity_sdk_2025.6.2/platform/emlib/src/em_emu.o
                0x000000000800245c                EMU_VScaleEM01
 .text.EMU_VScaleEM01ByClock
                0x0000000008002504       0x30 ./simplicity_sdk_2025.6.2/platform/emlib/src/em_emu.o
                0x0000000008002504                EMU_VScaleEM01ByClock
 .text.EMU_DCDCModeSet
                0x0000000008002534       0xac ./simplicity_sdk_2025.6.2/platform/emlib/src/em_emu.o
                0x0000000008002534                EMU_DCDCModeSet
 .text.EMU_DCDCInit
                0x00000000080025e0       0x70 ./simplicity_sdk_2025.6.2/platform/emlib/src/em_emu.o
                0x00000000080025e0                EMU_DCDCInit
 .text.EMU_DCDCSetPFMXModePeakCurrent
                0x0000000008002650       0x6c ./simplicity_sdk_2025.6.2/platform/emlib/src/em_emu.o
                0x0000000008002650                EMU_DCDCSetPFMXModePeakCurrent
 .text.EUSART_Reset
                0x00000000080026bc       0x54 ./simplicity_sdk_2025.6.2/platform/emlib/src/em_eusart.o
                0x00000000080026bc                EUSART_Reset
 .text.EUSART_Enable
                0x0000000008002710       0x6c ./simplicity_sdk_2025.6.2/platform/emlib/src/em_eusart.o
                0x0000000008002710                EUSART_Enable
 .text.EUSART_BaudrateSet
                0x000000000800277c      0x1cc ./simplicity_sdk_2025.6.2/platform/emlib/src/em_eusart.o
                0x000000000800277c                EUSART_BaudrateSet
 .text.EUSART_SpiInit
                0x0000000008002948      0x1fc ./simplicity_sdk_2025.6.2/platform/emlib/src/em_eusart.o
                0x0000000008002948                EUSART_SpiInit
 .text.BUS_RegBitWrite
                0x0000000008002b44       0x2c ./simplicity_sdk_2025.6.2/platform/emlib/src/em_gpio.o
 .text.GPIO_PinOutSet
                0x0000000008002b70       0x3c ./simplicity_sdk_2025.6.2/platform/emlib/src/em_gpio.o
 .text.GPIO_PinOutClear
                0x0000000008002bac       0x3c ./simplicity_sdk_2025.6.2/platform/emlib/src/em_gpio.o
 .text.GPIO_ExtIntConfig
                0x0000000008002be8       0xe0 ./simplicity_sdk_2025.6.2/platform/emlib/src/em_gpio.o
                0x0000000008002be8                GPIO_ExtIntConfig
 .text.GPIO_PinModeSet
                0x0000000008002cc8       0x94 ./simplicity_sdk_2025.6.2/platform/emlib/src/em_gpio.o
                0x0000000008002cc8                GPIO_PinModeSet
 .text.LDMA_DeInit
                0x0000000008002d5c       0x2c ./simplicity_sdk_2025.6.2/platform/emlib/src/em_ldma.o
                0x0000000008002d5c                LDMA_DeInit
 .text.LDMA_EnableChannelRequest
                0x0000000008002d88       0x40 ./simplicity_sdk_2025.6.2/platform/emlib/src/em_ldma.o
                0x0000000008002d88                LDMA_EnableChannelRequest
 .text.LDMA_Init
                0x0000000008002dc8       0x90 ./simplicity_sdk_2025.6.2/platform/emlib/src/em_ldma.o
                0x0000000008002dc8                LDMA_Init
 .text.LDMA_StartTransfer
                0x0000000008002e58       0xf8 ./simplicity_sdk_2025.6.2/platform/emlib/src/em_ldma.o
                0x0000000008002e58                LDMA_StartTransfer
 .text.LDMA_StopTransfer
                0x0000000008002f50       0x38 ./simplicity_sdk_2025.6.2/platform/emlib/src/em_ldma.o
                0x0000000008002f50                LDMA_StopTransfer
 .text.LDMA_TransferDone
                0x0000000008002f88       0x44 ./simplicity_sdk_2025.6.2/platform/emlib/src/em_ldma.o
                0x0000000008002f88                LDMA_TransferDone
 .text.LDMA_TransferRemainingCount
                0x0000000008002fcc       0x44 ./simplicity_sdk_2025.6.2/platform/emlib/src/em_ldma.o
                0x0000000008002fcc                LDMA_TransferRemainingCount
 .text.USART_BaudrateAsyncSet
                0x0000000008003010       0xe0 ./simplicity_sdk_2025.6.2/platform/emlib/src/em_usart.o
                0x0000000008003010                USART_BaudrateAsyncSet
 .text.USART_Enable
                0x00000000080030f0       0x3c ./simplicity_sdk_2025.6.2/platform/emlib/src/em_usart.o
                0x00000000080030f0                USART_Enable
 .text.USART_Reset
                0x000000000800312c       0x58 ./simplicity_sdk_2025.6.2/platform/emlib/src/em_usart.o
                0x000000000800312c                USART_Reset
 .text.USART_InitAsync
                0x0000000008003184       0xd0 ./simplicity_sdk_2025.6.2/platform/emlib/src/em_usart.o
                0x0000000008003184                USART_InitAsync
 .text.sl_hal_gpio_clear_pin
                0x0000000008003254       0x58 ./simplicity_sdk_2025.6.2/platform/peripheral/src/sl_hal_gpio.o
                0x0000000008003254                sl_hal_gpio_clear_pin
 .text.sl_hal_gpio_get_enabled_pending_interrupts
                0x00000000080032ac       0x14 ./simplicity_sdk_2025.6.2/platform/peripheral/src/sl_hal_gpio.o
                0x00000000080032ac                sl_hal_gpio_get_enabled_pending_interrupts
 .text.sl_hal_gpio_get_em4_interrupt_number
                0x00000000080032c0       0x80 ./simplicity_sdk_2025.6.2/platform/peripheral/src/sl_hal_gpio.o
                0x00000000080032c0                sl_hal_gpio_get_em4_interrupt_number
 .text.sl_hal_gpio_set_pin_em4_retention
                0x0000000008003340       0x20 ./simplicity_sdk_2025.6.2/platform/peripheral/src/sl_hal_gpio.o
                0x0000000008003340                sl_hal_gpio_set_pin_em4_retention
 .text.sl_hal_gpio_set_pin_mode
                0x0000000008003360       0xd0 ./simplicity_sdk_2025.6.2/platform/peripheral/src/sl_hal_gpio.o
                0x0000000008003360                sl_hal_gpio_set_pin_mode
 .text.sl_hal_gpio_configure_external_interrupt
                0x0000000008003430      0x17c ./simplicity_sdk_2025.6.2/platform/peripheral/src/sl_hal_gpio.o
                0x0000000008003430                sl_hal_gpio_configure_external_interrupt
 .text.sl_hal_gpio_enable_pin_em4_wakeup
                0x00000000080035ac       0x68 ./simplicity_sdk_2025.6.2/platform/peripheral/src/sl_hal_gpio.o
                0x00000000080035ac                sl_hal_gpio_enable_pin_em4_wakeup
 .text.sl_hal_gpio_configure_wakeup_em4_external_interrupt
                0x0000000008003614       0x90 ./simplicity_sdk_2025.6.2/platform/peripheral/src/sl_hal_gpio.o
                0x0000000008003614                sl_hal_gpio_configure_wakeup_em4_external_interrupt
 .text.sli_clock_manager_hal_init
                0x00000000080036a4      0x268 ./simplicity_sdk_2025.6.2/platform/service/clock_manager/src/sl_clock_manager_init_hal_s2.o
                0x00000000080036a4                sli_clock_manager_hal_init
 .text.sl_device_init_dcdc
                0x000000000800390c       0x2c ./simplicity_sdk_2025.6.2/platform/service/device_init/src/sl_device_init_dcdc_s2.o
                0x000000000800390c                sl_device_init_dcdc
 .text.sl_device_init_emu
                0x0000000008003938       0x24 ./simplicity_sdk_2025.6.2/platform/service/device_init/src/sl_device_init_emu_s2.o
                0x0000000008003938                sl_device_init_emu
 .text.sl_interrupt_manager_disable_irq
                0x000000000800395c       0x3c ./simplicity_sdk_2025.6.2/platform/service/interrupt_manager/src/sl_interrupt_manager_cortexm.o
                0x000000000800395c                sl_interrupt_manager_disable_irq
 .text.sl_interrupt_manager_enable_irq
                0x0000000008003998       0x34 ./simplicity_sdk_2025.6.2/platform/service/interrupt_manager/src/sl_interrupt_manager_cortexm.o
                0x0000000008003998                sl_interrupt_manager_enable_irq
 .text.sl_interrupt_manager_is_irq_disabled
                0x00000000080039cc       0x30 ./simplicity_sdk_2025.6.2/platform/service/interrupt_manager/src/sl_interrupt_manager_cortexm.o
                0x00000000080039cc                sl_interrupt_manager_is_irq_disabled
 .text.sl_interrupt_manager_clear_irq_pending
                0x00000000080039fc       0x1c ./simplicity_sdk_2025.6.2/platform/service/interrupt_manager/src/sl_interrupt_manager_cortexm.o
                0x00000000080039fc                sl_interrupt_manager_clear_irq_pending
 .text.sl_interrupt_manager_set_irq_priority
                0x0000000008003a18       0x54 ./simplicity_sdk_2025.6.2/platform/service/interrupt_manager/src/sl_interrupt_manager_cortexm.o
                0x0000000008003a18                sl_interrupt_manager_set_irq_priority
 .text.sl_interrupt_manager_init
                0x0000000008003a6c       0x34 ./simplicity_sdk_2025.6.2/platform/service/interrupt_manager/src/sl_interrupt_manager_cortexm.o
                0x0000000008003a6c                sl_interrupt_manager_init
 .text.sl_iostream_set_default
                0x0000000008003aa0       0x18 ./simplicity_sdk_2025.6.2/platform/service/iostream/src/sl_iostream.o
                0x0000000008003aa0                sl_iostream_set_default
 .text.sl_iostream_get_default
                0x0000000008003ab8       0x18 ./simplicity_sdk_2025.6.2/platform/service/iostream/src/sl_iostream.o
                0x0000000008003ab8                sl_iostream_get_default
 .text._write   0x0000000008003ad0       0x20 ./simplicity_sdk_2025.6.2/platform/service/iostream/src/sl_iostream_retarget_stdio.o
                0x0000000008003ad0                _write
 .text.sl_iostream_stdlib_disable_buffering
                0x0000000008003af0       0x14 ./simplicity_sdk_2025.6.2/platform/service/iostream/src/sl_iostream_stdlib_config.o
                0x0000000008003af0                sl_iostream_stdlib_disable_buffering
 .text.__rx_buffer_empty
                0x0000000008003b04       0x34 ./simplicity_sdk_2025.6.2/platform/service/iostream/src/sl_iostream_uart.o
 .text.__rx_buffer_full
                0x0000000008003b38       0x4c ./simplicity_sdk_2025.6.2/platform/service/iostream/src/sl_iostream_uart.o
 .text.__get_write_ptr
                0x0000000008003b84       0x60 ./simplicity_sdk_2025.6.2/platform/service/iostream/src/sl_iostream_uart.o
 .text.__uart_async_start_write
                0x0000000008003be4       0x74 ./simplicity_sdk_2025.6.2/platform/service/iostream/src/sl_iostream_uart.o
 .text.set_new_data_detect
                0x0000000008003c58      0x174 ./simplicity_sdk_2025.6.2/platform/service/iostream/src/sl_iostream_uart.o
 .text.__uart_async_tx_dma_callback
                0x0000000008003dcc       0x40 ./simplicity_sdk_2025.6.2/platform/service/iostream/src/sl_iostream_uart.o
 .text.rx_buffer_empty
                0x0000000008003e0c       0x38 ./simplicity_sdk_2025.6.2/platform/service/iostream/src/sl_iostream_uart.o
 .text.uart_read
                0x0000000008003e44      0x2cc ./simplicity_sdk_2025.6.2/platform/service/iostream/src/sl_iostream_uart.o
 .text.uart_write
                0x0000000008004110      0x124 ./simplicity_sdk_2025.6.2/platform/service/iostream/src/sl_iostream_uart.o
 .text.sli_iostream_uart_context_init
                0x0000000008004234      0x150 ./simplicity_sdk_2025.6.2/platform/service/iostream/src/sl_iostream_uart.o
                0x0000000008004234                sli_iostream_uart_context_init
 .text.uart_deinit
                0x0000000008004384       0x9c ./simplicity_sdk_2025.6.2/platform/service/iostream/src/sl_iostream_uart.o
 .text.sl_iostream_usart_init
                0x0000000008004420      0x174 ./simplicity_sdk_2025.6.2/platform/service/iostream/src/sl_iostream_usart.o
                0x0000000008004420                sl_iostream_usart_init
 .text.sl_iostream_usart_irq_handler
                0x0000000008004594        0xc ./simplicity_sdk_2025.6.2/platform/service/iostream/src/sl_iostream_usart.o
                0x0000000008004594                sl_iostream_usart_irq_handler
 .text._sbrk    0x00000000080045a0       0x20 ./simplicity_sdk_2025.6.2/platform/service/memory_manager/src/sl_memory_manager_region.o
                0x00000000080045a0                _sbrk
 .text.sl_udelay_wait
                0x00000000080045c0       0x58 ./simplicity_sdk_2025.6.2/platform/service/udelay/src/sl_udelay.o
                0x00000000080045c0                sl_udelay_wait
 .text.exit     0x0000000008004618       0x24 /home/developer/SimplicityStudio_v5/developer/toolchains/gnu_arm/12.2.rel1_2023.7/bin/../lib/gcc/arm-none-eabi/12.2.1/../../../../arm-none-eabi/lib/thumb/v8-m.main+fp/hard/libc_nano.a(libc_a-exit.o)
                0x0000000008004618                exit
 .text.__libc_init_array
                0x000000000800463c       0x48 /home/developer/SimplicityStudio_v5/developer/toolchains/gnu_arm/12.2.rel1_2023.7/bin/../lib/gcc/arm-none-eabi/12.2.1/../../../../arm-none-eabi/lib/thumb/v8-m.main+fp/hard/libc_nano.a(libc_a-init.o)
                0x000000000800463c                __libc_init_array
 .text.vprintf  0x0000000008004684       0x14 /home/developer/SimplicityStudio_v5/developer/toolchains/gnu_arm/12.2.rel1_2023.7/bin/../lib/gcc/arm-none-eabi/12.2.1/../../../../arm-none-eabi/lib/thumb/v8-m.main+fp/hard/libc_nano.a(libc_a-vprintf.o)
                0x0000000008004684                vprintf
                0x0000000008004684                viprintf
 .text.std      0x0000000008004698       0x6c /home/developer/SimplicityStudio_v5/developer/toolchains/gnu_arm/12.2.rel1_2023.7/bin/../lib/gcc/arm-none-eabi/12.2.1/../../../../arm-none-eabi/lib/thumb/v8-m.main+fp/hard/libc_nano.a(libc_a-findfp.o)
 .text.stdio_exit_handler
                0x0000000008004704       0x18 /home/developer/SimplicityStudio_v5/developer/toolchains/gnu_arm/12.2.rel1_2023.7/bin/../lib/gcc/arm-none-eabi/12.2.1/../../../../arm-none-eabi/lib/thumb/v8-m.main+fp/hard/libc_nano.a(libc_a-findfp.o)
 .text.cleanup_stdio
                0x000000000800471c       0x40 /home/developer/SimplicityStudio_v5/developer/toolchains/gnu_arm/12.2.rel1_2023.7/bin/../lib/gcc/arm-none-eabi/12.2.1/../../../../arm-none-eabi/lib/thumb/v8-m.main+fp/hard/libc_nano.a(libc_a-findfp.o)
 .text.global_stdio_init.part.0
                0x000000000800475c       0x3c /home/developer/SimplicityStudio_v5/developer/toolchains/gnu_arm/12.2.rel1_2023.7/bin/../lib/gcc/arm-none-eabi/12.2.1/../../../../arm-none-eabi/lib/thumb/v8-m.main+fp/hard/libc_nano.a(libc_a-findfp.o)
 .text.__sfp_lock_acquire
                0x0000000008004798        0xc /home/developer/SimplicityStudio_v5/developer/toolchains/gnu_arm/12.2.rel1_2023.7/bin/../lib/gcc/arm-none-eabi/12.2.1/../../../../arm-none-eabi/lib/thumb/v8-m.main+fp/hard/libc_nano.a(libc_a-findfp.o)
                0x0000000008004798                __sfp_lock_acquire
 .text.__sfp_lock_release
                0x00000000080047a4        0xc /home/developer/SimplicityStudio_v5/developer/toolchains/gnu_arm/12.2.rel1_2023.7/bin/../lib/gcc/arm-none-eabi/12.2.1/../../../../arm-none-eabi/lib/thumb/v8-m.main+fp/hard/libc_nano.a(libc_a-findfp.o)
                0x00000000080047a4                __sfp_lock_release
 .text.__sinit  0x00000000080047b0       0x30 /home/developer/SimplicityStudio_v5/developer/toolchains/gnu_arm/12.2.rel1_2023.7/bin/../lib/gcc/arm-none-eabi/12.2.1/../../../../arm-none-eabi/lib/thumb/v8-m.main+fp/hard/libc_nano.a(libc_a-findfp.o)
                0x00000000080047b0                __sinit
 .text.setvbuf  0x00000000080047e0      0x168 /home/developer/SimplicityStudio_v5/developer/toolchains/gnu_arm/12.2.rel1_2023.7/bin/../lib/gcc/arm-none-eabi/12.2.1/../../../../arm-none-eabi/lib/thumb/v8-m.main+fp/hard/libc_nano.a(libc_a-setvbuf.o)
                0x00000000080047e0                setvbuf
 .text._write_r
                0x0000000008004948       0x24 /home/developer/SimplicityStudio_v5/developer/toolchains/gnu_arm/12.2.rel1_2023.7/bin/../lib/gcc/arm-none-eabi/12.2.1/../../../../arm-none-eabi/lib/thumb/v8-m.main+fp/hard/libc_nano.a(libc_a-writer.o)
                0x0000000008004948                _write_r
 .text._free_r  0x000000000800496c       0x94 /home/developer/SimplicityStudio_v5/developer/toolchains/gnu_arm/12.2.rel1_2023.7/bin/../lib/gcc/arm-none-eabi/12.2.1/../../../../arm-none-eabi/lib/thumb/v8-m.main+fp/hard/libc_nano.a(libc_a-freer.o)
                0x000000000800496c                _free_r
 .text._vfprintf_r
                0x0000000008004a00      0x230 /home/developer/SimplicityStudio_v5/developer/toolchains/gnu_arm/12.2.rel1_2023.7/bin/../lib/gcc/arm-none-eabi/12.2.1/../../../../arm-none-eabi/lib/thumb/v8-m.main+fp/hard/libc_nano.a(libc_a-nano-vfprintf.o)
                0x0000000008004a00                _vfiprintf_r
                0x0000000008004a00                _vfprintf_r
 .text.__swsetup_r
                0x0000000008004c30       0xac /home/developer/SimplicityStudio_v5/developer/toolchains/gnu_arm/12.2.rel1_2023.7/bin/../lib/gcc/arm-none-eabi/12.2.1/../../../../arm-none-eabi/lib/thumb/v8-m.main+fp/hard/libc_nano.a(libc_a-wsetup.o)
                0x0000000008004c30                __swsetup_r
 .text._printf_i
                0x0000000008004cdc      0x258 /home/developer/SimplicityStudio_v5/developer/toolchains/gnu_arm/12.2.rel1_2023.7/bin/../lib/gcc/arm-none-eabi/12.2.1/../../../../arm-none-eabi/lib/thumb/v8-m.main+fp/hard/libc_nano.a(libc_a-nano-vfprintf_i.o)
                0x0000000008004cdc                _printf_i
 .text._close_r
                0x0000000008004f34       0x20 /home/developer/SimplicityStudio_v5/developer/toolchains/gnu_arm/12.2.rel1_2023.7/bin/../lib/gcc/arm-none-eabi/12.2.1/../../../../arm-none-eabi/lib/thumb/v8-m.main+fp/hard/libc_nano.a(libc_a-closer.o)
                0x0000000008004f34                _close_r
 .text.malloc   0x0000000008004f54       0x10 /home/developer/SimplicityStudio_v5/developer/toolchains/gnu_arm/12.2.rel1_2023.7/bin/../lib/gcc/arm-none-eabi/12.2.1/../../../../arm-none-eabi/lib/thumb/v8-m.main+fp/hard/libc_nano.a(libc_a-malloc.o)
                0x0000000008004f54                malloc
 .text.sbrk_aligned
                0x0000000008004f64       0x44 /home/developer/SimplicityStudio_v5/developer/toolchains/gnu_arm/12.2.rel1_2023.7/bin/../lib/gcc/arm-none-eabi/12.2.1/../../../../arm-none-eabi/lib/thumb/v8-m.main+fp/hard/libc_nano.a(libc_a-mallocr.o)
 .text._malloc_r
                0x0000000008004fa8       0xf0 /home/developer/SimplicityStudio_v5/developer/toolchains/gnu_arm/12.2.rel1_2023.7/bin/../lib/gcc/arm-none-eabi/12.2.1/../../../../arm-none-eabi/lib/thumb/v8-m.main+fp/hard/libc_nano.a(libc_a-mallocr.o)
                0x0000000008004fa8                _malloc_r
 .text._fstat_r
                0x0000000008005098       0x24 /home/developer/SimplicityStudio_v5/developer/toolchains/gnu_arm/12.2.rel1_2023.7/bin/../lib/gcc/arm-none-eabi/12.2.1/../../../../arm-none-eabi/lib/thumb/v8-m.main+fp/hard/libc_nano.a(libc_a-fstatr.o)
                0x0000000008005098                _fstat_r
 .text._isatty_r
                0x00000000080050bc       0x20 /home/developer/SimplicityStudio_v5/developer/toolchains/gnu_arm/12.2.rel1_2023.7/bin/../lib/gcc/arm-none-eabi/12.2.1/../../../../arm-none-eabi/lib/thumb/v8-m.main+fp/hard/libc_nano.a(libc_a-isattyr.o)
                0x00000000080050bc                _isatty_r
 .text._lseek_r
                0x00000000080050dc       0x24 /home/developer/SimplicityStudio_v5/developer/toolchains/gnu_arm/12.2.rel1_2023.7/bin/../lib/gcc/arm-none-eabi/12.2.1/../../../../arm-none-eabi/lib/thumb/v8-m.main+fp/hard/libc_nano.a(libc_a-lseekr.o)
                0x00000000080050dc                _lseek_r
 .text._read_r  0x0000000008005100       0x24 /home/developer/SimplicityStudio_v5/developer/toolchains/gnu_arm/12.2.rel1_2023.7/bin/../lib/gcc/arm-none-eabi/12.2.1/../../../../arm-none-eabi/lib/thumb/v8-m.main+fp/hard/libc_nano.a(libc_a-readr.o)
                0x0000000008005100                _read_r
 .text.__malloc_lock
                0x0000000008005124        0xc /home/developer/SimplicityStudio_v5/developer/toolchains/gnu_arm/12.2.rel1_2023.7/bin/../lib/gcc/arm-none-eabi/12.2.1/../../../../arm-none-eabi/lib/thumb/v8-m.main+fp/hard/libc_nano.a(libc_a-mlock.o)
                0x0000000008005124                __malloc_lock
 .text.__malloc_unlock
                0x0000000008005130        0xc /home/developer/SimplicityStudio_v5/developer/toolchains/gnu_arm/12.2.rel1_2023.7/bin/../lib/gcc/arm-none-eabi/12.2.1/../../../../arm-none-eabi/lib/thumb/v8-m.main+fp/hard/libc_nano.a(libc_a-mlock.o)
                0x0000000008005130                __malloc_unlock
 .text._sbrk_r  0x000000000800513c       0x20 /home/developer/SimplicityStudio_v5/developer/toolchains/gnu_arm/12.2.rel1_2023.7/bin/../lib/gcc/arm-none-eabi/12.2.1/../../../../arm-none-eabi/lib/thumb/v8-m.main+fp/hard/libc_nano.a(libc_a-sbrkr.o)
                0x000000000800513c                _sbrk_r
 .text.startup.main
                0x000000000800515c       0x14 ./main.o
                0x000000000800515c                main
 .text.sl_board_default_init
                0x0000000008005170        0x2 ./autogen/sl_board_default_init.o
                0x0000000008005170                sl_board_default_init
 .text.sli_driver_permanent_allocation
                0x0000000008005172        0x2 ./autogen/sl_event_handler.o
                0x0000000008005172                sli_driver_permanent_allocation
 .text.sli_service_permanent_allocation
                0x0000000008005174        0x2 ./autogen/sl_event_handler.o
                0x0000000008005174                sli_service_permanent_allocation
 .text.sli_stack_permanent_allocation
                0x0000000008005176        0x2 ./autogen/sl_event_handler.o
                0x0000000008005176                sli_stack_permanent_allocation
 .text.sli_internal_permanent_allocation
                0x0000000008005178        0x2 ./autogen/sl_event_handler.o
                0x0000000008005178                sli_internal_permanent_allocation
 .text.sl_platform_init
                0x000000000800517a       0x12 ./autogen/sl_event_handler.o
                0x000000000800517a                sl_platform_init
 .text.sli_internal_init_early
                0x000000000800518c        0x2 ./autogen/sl_event_handler.o
                0x000000000800518c                sli_internal_init_early
 .text.sl_driver_init
                0x000000000800518e       0x16 ./autogen/sl_event_handler.o
                0x000000000800518e                sl_driver_init
 .text.sl_service_init
                0x00000000080051a4       0x16 ./autogen/sl_event_handler.o
                0x00000000080051a4                sl_service_init
 .text.sl_stack_init
                0x00000000080051ba        0x2 ./autogen/sl_event_handler.o
                0x00000000080051ba                sl_stack_init
 .text.sl_internal_app_init
                0x00000000080051bc        0x4 ./autogen/sl_event_handler.o
                0x00000000080051bc                sl_internal_app_init
 .text.sli_platform_process_action
                0x00000000080051c0        0x2 ./autogen/sl_event_handler.o
                0x00000000080051c0                sli_platform_process_action
 .text.sli_service_process_action
                0x00000000080051c2        0x2 ./autogen/sl_event_handler.o
                0x00000000080051c2                sli_service_process_action
 .text.sli_stack_process_action
                0x00000000080051c4        0x2 ./autogen/sl_event_handler.o
                0x00000000080051c4                sli_stack_process_action
 .text.sli_internal_app_process_action
                0x00000000080051c6        0x2 ./autogen/sl_event_handler.o
                0x00000000080051c6                sli_internal_app_process_action
 .text.USART0_TX_IRQHandler
                0x00000000080051c8        0x4 ./autogen/sl_iostream_init_usart_instances.o
                0x00000000080051c8                USART0_TX_IRQHandler
 .text._app_log_time
                0x00000000080051cc        0x2 ./simplicity_sdk_2025.6.2/app/common/util/app_log/app_log.o
                0x00000000080051cc                _app_log_time
 .text._app_log_counter
                0x00000000080051ce        0x2 ./simplicity_sdk_2025.6.2/app/common/util/app_log/app_log.o
                0x00000000080051ce                _app_log_counter
 .text.sl_board_configure_vcom
                0x00000000080051d0        0x4 ./simplicity_sdk_2025.6.2/hardware/board/src/sl_board_control_gpio.o
                0x00000000080051d0                sl_board_configure_vcom
 .text.sl_cos_send_config
                0x00000000080051d4       0x12 ./simplicity_sdk_2025.6.2/hardware/driver/configuration_over_swo/src/sl_cos.o
                0x00000000080051d4                sl_cos_send_config
 .text.Default_Handler
                0x00000000080051e6        0x2 ./simplicity_sdk_2025.6.2/platform/Device/SiliconLabs/EFR32MG24/Source/startup_efr32mg24.o
                0x00000000080051e6                ULFRCO_IRQHandler
                0x00000000080051e6                AHB2AHB1_IRQHandler
                0x00000000080051e6                SW2_IRQHandler
                0x00000000080051e6                TIMER2_IRQHandler
                0x00000000080051e6                DebugMon_Handler
                0x00000000080051e6                IADC_IRQHandler
                0x00000000080051e6                EUSART0_TX_IRQHandler
                0x00000000080051e6                I2C0_IRQHandler
                0x00000000080051e6                LFXO_IRQHandler
                0x00000000080051e6                HardFault_Handler
                0x00000000080051e6                SMU_SECURE_IRQHandler
                0x00000000080051e6                SysTick_Handler
                0x00000000080051e6                SYSRTC_SEQ_IRQHandler
                0x00000000080051e6                EMUEFP_IRQHandler
                0x00000000080051e6                PendSV_Handler
                0x00000000080051e6                NMI_Handler
                0x00000000080051e6                SYNTH_IRQHandler
                0x00000000080051e6                HOSTMAILBOX_IRQHandler
                0x00000000080051e6                HFXO0_IRQHandler
                0x00000000080051e6                I2C1_IRQHandler
                0x00000000080051e6                WDOG0_IRQHandler
                0x00000000080051e6                TIMER3_IRQHandler
                0x00000000080051e6                SYSCFG_IRQHandler
                0x00000000080051e6                RFECA1_IRQHandler
                0x00000000080051e6                EMUDG_IRQHandler
                0x00000000080051e6                MSC_IRQHandler
                0x00000000080051e6                DPLL0_IRQHandler
                0x00000000080051e6                UsageFault_Handler
                0x00000000080051e6                WDOG1_IRQHandler
                0x00000000080051e6                M33CTI1_IRQHandler
                0x00000000080051e6                TIMER4_IRQHandler
                0x00000000080051e6                VDAC0_IRQHandler
                0x00000000080051e6                SEMBTX_IRQHandler
                0x00000000080051e6                SW0_IRQHandler
                0x00000000080051e6                TIMER0_IRQHandler
                0x00000000080051e6                MVP_IRQHandler
                0x00000000080051e6                LETIMER0_IRQHandler
                0x00000000080051e6                EUSART1_RX_IRQHandler
                0x00000000080051e6                TIMER1_IRQHandler
                0x00000000080051e6                HFRCO0_IRQHandler
                0x00000000080051e6                SecureFault_Handler
                0x00000000080051e6                BUFC_IRQHandler
                0x00000000080051e6                DCDC_IRQHandler
                0x00000000080051e6                MODEM_IRQHandler
                0x00000000080051e6                Default_Handler
                0x00000000080051e6                RAC_SEQ_IRQHandler
                0x00000000080051e6                FRC_PRI_IRQHandler
                0x00000000080051e6                EMU_IRQHandler
                0x00000000080051e6                SW3_IRQHandler
                0x00000000080051e6                KERNEL0_IRQHandler
                0x00000000080051e6                FRC_IRQHandler
                0x00000000080051e6                PCNT0_IRQHandler
                0x00000000080051e6                KERNEL1_IRQHandler
                0x00000000080051e6                AGC_IRQHandler
                0x00000000080051e6                EUSART1_TX_IRQHandler
                0x00000000080051e6                KEYSCAN_IRQHandler
                0x00000000080051e6                sl_app_properties
                0x00000000080051e6                HFRCOEM23_IRQHandler
                0x00000000080051e6                BURTC_IRQHandler
                0x00000000080051e6                SEMBRX_IRQHandler
                0x00000000080051e6                RFECA0_IRQHandler
                0x00000000080051e6                LFRCO_IRQHandler
                0x00000000080051e6                VDAC1_IRQHandler
                0x00000000080051e6                ACMP0_IRQHandler
                0x00000000080051e6                MemManage_Handler
                0x00000000080051e6                AHB2AHB0_IRQHandler
                0x00000000080051e6                SVC_Handler
                0x00000000080051e6                SMU_S_PRIVILEGED_IRQHandler
                0x00000000080051e6                SW1_IRQHandler
                0x00000000080051e6                CMU_IRQHandler
                0x00000000080051e6                EUSART0_RX_IRQHandler
                0x00000000080051e6                RAC_RSM_IRQHandler
                0x00000000080051e6                SETAMPERHOST_IRQHandler
                0x00000000080051e6                AES_IRQHandler
                0x00000000080051e6                M33CTI0_IRQHandler
                0x00000000080051e6                ICACHE0_IRQHandler
                0x00000000080051e6                SMU_NS_PRIVILEGED_IRQHandler
                0x00000000080051e6                FPUEXH_IRQHandler
                0x00000000080051e6                PROTIMER_IRQHandler
                0x00000000080051e6                ACMP1_IRQHandler
                0x00000000080051e6                BusFault_Handler
                0x00000000080051e6                MPAHBRAM_IRQHandler
                0x00000000080051e6                SYSRTC_APP_IRQHandler
 .text.CopyMemory
                0x00000000080051e8       0x1a ./simplicity_sdk_2025.6.2/platform/Device/SiliconLabs/EFR32MG24/Source/startup_efr32mg24.o
                0x00000000080051e8                CopyMemory
 .text.assertEFM
                0x0000000008005202        0x2 ./simplicity_sdk_2025.6.2/platform/common/src/sl_assert.o
                0x0000000008005202                assertEFM
 .text.sl_slist_init
                0x0000000008005204        0x6 ./simplicity_sdk_2025.6.2/platform/common/src/sl_slist.o
                0x0000000008005204                sl_slist_init
 .text.sl_debug_swo_enable_itm
                0x000000000800520a       0x16 ./simplicity_sdk_2025.6.2/platform/driver/debug/src/sl_debug_swo.o
                0x000000000800520a                sl_debug_swo_enable_itm
 .text.sl_debug_swo_disable_itm
                0x0000000008005220       0x18 ./simplicity_sdk_2025.6.2/platform/driver/debug/src/sl_debug_swo.o
                0x0000000008005220                sl_debug_swo_disable_itm
 .text.DMADRV_PeripheralMemory
                0x0000000008005238       0x34 ./simplicity_sdk_2025.6.2/platform/emdrv/dmadrv/src/dmadrv.o
                0x0000000008005238                DMADRV_PeripheralMemory
 .text.gpioint_map_callback
                0x000000000800526c        0x6 ./simplicity_sdk_2025.6.2/platform/emdrv/gpiointerrupt/src/gpiointerrupt.o
 .text.GPIOINT_Init
                0x0000000008005272        0x4 ./simplicity_sdk_2025.6.2/platform/emdrv/gpiointerrupt/src/gpiointerrupt.o
                0x0000000008005272                GPIOINT_Init
 .text.BUS_RegMaskedWrite
                0x0000000008005276       0x1e ./simplicity_sdk_2025.6.2/platform/emlib/src/em_cmu.o
 .text.waitStateMax
                0x0000000008005294       0x10 ./simplicity_sdk_2025.6.2/platform/emlib/src/em_cmu.o
 .text.CMU_UpdateWaitStates
                0x00000000080052a4        0xc ./simplicity_sdk_2025.6.2/platform/emlib/src/em_cmu.o
                0x00000000080052a4                CMU_UpdateWaitStates
 .text.pclkDivMax
                0x00000000080052b0        0xa ./simplicity_sdk_2025.6.2/platform/emlib/src/em_cmu.o
 .text.EMU_EFPEM01VScale
                0x00000000080052ba        0x2 ./simplicity_sdk_2025.6.2/platform/emlib/src/em_emu.o
                0x00000000080052ba                EMU_EFPEM01VScale
 .text.EMU_DCDCUpdatedHook
                0x00000000080052bc        0x2 ./simplicity_sdk_2025.6.2/platform/emlib/src/em_emu.o
                0x00000000080052bc                EMU_DCDCUpdatedHook
 .text.eusart_sync
                0x00000000080052be        0x8 ./simplicity_sdk_2025.6.2/platform/emlib/src/em_eusart.o
 .text.EUSART_Disable
                0x00000000080052c6       0x34 ./simplicity_sdk_2025.6.2/platform/emlib/src/em_eusart.o
 .text.EUSART_Spi_TxRx
                0x00000000080052fa       0x14 ./simplicity_sdk_2025.6.2/platform/emlib/src/em_eusart.o
                0x00000000080052fa                EUSART_Spi_TxRx
 .text.BUS_RegMaskedWrite
                0x000000000800530e       0x1e ./simplicity_sdk_2025.6.2/platform/emlib/src/em_gpio.o
 .text.USART_Tx
                0x000000000800532c        0xa ./simplicity_sdk_2025.6.2/platform/emlib/src/em_usart.o
                0x000000000800532c                USART_Tx
 .text.sl_hal_bus_reg_write_mask
                0x0000000008005336       0x1e ./simplicity_sdk_2025.6.2/platform/peripheral/src/sl_hal_gpio.o
 .text.sl_hal_gpio_get_external_interrupt_number
                0x0000000008005354       0x34 ./simplicity_sdk_2025.6.2/platform/peripheral/src/sl_hal_gpio.o
                0x0000000008005354                sl_hal_gpio_get_external_interrupt_number
 .text.sl_clock_manager_runtime_init
                0x0000000008005388        0x4 ./simplicity_sdk_2025.6.2/platform/service/clock_manager/src/sl_clock_manager.o
                0x0000000008005388                sl_clock_manager_runtime_init
 .text.sli_clock_manager_hal_runtime_init
                0x000000000800538c        0x4 ./simplicity_sdk_2025.6.2/platform/service/clock_manager/src/sl_clock_manager_hal_s2.o
                0x000000000800538c                sli_clock_manager_hal_runtime_init
 .text.sl_clock_manager_init
                0x0000000008005390        0x4 ./simplicity_sdk_2025.6.2/platform/service/clock_manager/src/sl_clock_manager_init.o
                0x0000000008005390                sl_clock_manager_init
 .text.sl_iostream_write
                0x0000000008005394       0x22 ./simplicity_sdk_2025.6.2/platform/service/iostream/src/sl_iostream.o
                0x0000000008005394                sl_iostream_write
 .text.sl_iostream_read
                0x00000000080053b6       0x30 ./simplicity_sdk_2025.6.2/platform/service/iostream/src/sl_iostream.o
                0x00000000080053b6                sl_iostream_read
 .text.sl_iostream_vprintf
                0x00000000080053e6       0x44 ./simplicity_sdk_2025.6.2/platform/service/iostream/src/sl_iostream.o
                0x00000000080053e6                sl_iostream_vprintf
 .text.sl_iostream_printf
                0x000000000800542a       0x1a ./simplicity_sdk_2025.6.2/platform/service/iostream/src/sl_iostream.o
                0x000000000800542a                sl_iostream_printf
 .text._close   0x0000000008005444        0x4 ./simplicity_sdk_2025.6.2/platform/service/iostream/src/sl_iostream_retarget_stdio.o
                0x0000000008005444                _close
 .text._exit    0x0000000008005448        0x2 ./simplicity_sdk_2025.6.2/platform/service/iostream/src/sl_iostream_retarget_stdio.o
                0x0000000008005448                _exit
 .text._fstat   0x000000000800544a        0xa ./simplicity_sdk_2025.6.2/platform/service/iostream/src/sl_iostream_retarget_stdio.o
                0x000000000800544a                _fstat
 .text._isatty  0x0000000008005454        0x4 ./simplicity_sdk_2025.6.2/platform/service/iostream/src/sl_iostream_retarget_stdio.o
                0x0000000008005454                _isatty
 .text._lseek   0x0000000008005458        0x4 ./simplicity_sdk_2025.6.2/platform/service/iostream/src/sl_iostream_retarget_stdio.o
                0x0000000008005458                _lseek
 .text._read    0x000000000800545c       0x1c ./simplicity_sdk_2025.6.2/platform/service/iostream/src/sl_iostream_retarget_stdio.o
                0x000000000800545c                _read
 .text.set_auto_cr_lf
                0x0000000008005478        0x6 ./simplicity_sdk_2025.6.2/platform/service/iostream/src/sl_iostream_uart.o
 .text.get_auto_cr_lf
                0x000000000800547e        0x6 ./simplicity_sdk_2025.6.2/platform/service/iostream/src/sl_iostream_uart.o
 .text.__uart_async_rx_dma_callback
                0x0000000008005484       0x70 ./simplicity_sdk_2025.6.2/platform/service/iostream/src/sl_iostream_uart.o
 .text.uart_write_async
                0x00000000080054f4       0x46 ./simplicity_sdk_2025.6.2/platform/service/iostream/src/sl_iostream_uart.o
 .text.sli_iostream_uart_unsubscribe_to_new_data
                0x000000000800553a       0x1c ./simplicity_sdk_2025.6.2/platform/service/iostream/src/sl_iostream_uart.o
                0x000000000800553a                sli_iostream_uart_unsubscribe_to_new_data
 .text.usart_rx
                0x0000000008005556       0x14 ./simplicity_sdk_2025.6.2/platform/service/iostream/src/sl_iostream_usart.o
 .text.usart_deinit
                0x000000000800556a       0x76 ./simplicity_sdk_2025.6.2/platform/service/iostream/src/sl_iostream_usart.o
 .text.usart_tx
                0x00000000080055e0        0xe ./simplicity_sdk_2025.6.2/platform/service/iostream/src/sl_iostream_usart.o
 .text.__wrap_sl_system_init
                0x00000000080055ee        0x4 ./simplicity_sdk_2025.6.2/platform/service/sl_main/sl_system_compatibility/src/sl_system_compatibility.o
                0x00000000080055ee                __wrap_sl_system_init
 .text.__wrap_sl_system_process_action
                0x00000000080055f2        0x4 ./simplicity_sdk_2025.6.2/platform/service/sl_main/sl_system_compatibility/src/sl_system_compatibility.o
                0x00000000080055f2                __wrap_sl_system_process_action
 .text.app_init_pre_clock
                0x00000000080055f6        0x2 ./simplicity_sdk_2025.6.2/platform/service/sl_main/src/sl_main_init.o
                0x00000000080055f6                app_init_pre_clock
 .text.app_init_early
                0x00000000080055f8        0x2 ./simplicity_sdk_2025.6.2/platform/service/sl_main/src/sl_main_init.o
                0x00000000080055f8                app_init_early
 .text.sl_main_second_stage_init
                0x00000000080055fa       0x1a ./simplicity_sdk_2025.6.2/platform/service/sl_main/src/sl_main_init.o
                0x00000000080055fa                sl_main_second_stage_init
 .text.sl_main_init
                0x0000000008005614       0x2a ./simplicity_sdk_2025.6.2/platform/service/sl_main/src/sl_main_init.o
                0x0000000008005614                sl_main_init
 .text.app_permanent_memory_alloc
                0x000000000800563e        0x2 ./simplicity_sdk_2025.6.2/platform/service/sl_main/src/sl_main_init_memory.o
                0x000000000800563e                app_permanent_memory_alloc
 .text.sli_allocate_permanent_memory
                0x0000000008005640       0x18 ./simplicity_sdk_2025.6.2/platform/service/sl_main/src/sl_main_init_memory.o
                0x0000000008005640                sli_allocate_permanent_memory
 .text.sl_main_process_action
                0x0000000008005658       0x16 ./simplicity_sdk_2025.6.2/platform/service/sl_main/src/sl_main_process_action.o
                0x0000000008005658                sl_main_process_action
 .text.memcpy   0x000000000800566e       0x1a /home/developer/SimplicityStudio_v5/developer/toolchains/gnu_arm/12.2.rel1_2023.7/bin/../lib/gcc/arm-none-eabi/12.2.1/../../../../arm-none-eabi/lib/thumb/v8-m.main+fp/hard/libc_nano.a(libc_a-memcpy-stub.o)
                0x000000000800566e                memcpy
 .text.__sread  0x0000000008005688       0x22 /home/developer/SimplicityStudio_v5/developer/toolchains/gnu_arm/12.2.rel1_2023.7/bin/../lib/gcc/arm-none-eabi/12.2.1/../../../../arm-none-eabi/lib/thumb/v8-m.main+fp/hard/libc_nano.a(libc_a-stdio.o)
                0x0000000008005688                __sread
 .text.__swrite
                0x00000000080056aa       0x38 /home/developer/SimplicityStudio_v5/developer/toolchains/gnu_arm/12.2.rel1_2023.7/bin/../lib/gcc/arm-none-eabi/12.2.1/../../../../arm-none-eabi/lib/thumb/v8-m.main+fp/hard/libc_nano.a(libc_a-stdio.o)
                0x00000000080056aa                __swrite
 .text.__sseek  0x00000000080056e2       0x24 /home/developer/SimplicityStudio_v5/developer/toolchains/gnu_arm/12.2.rel1_2023.7/bin/../lib/gcc/arm-none-eabi/12.2.1/../../../../arm-none-eabi/lib/thumb/v8-m.main+fp/hard/libc_nano.a(libc_a-stdio.o)
                0x00000000080056e2                __sseek
 .text.__sclose
                0x0000000008005706        0x8 /home/developer/SimplicityStudio_v5/developer/toolchains/gnu_arm/12.2.rel1_2023.7/bin/../lib/gcc/arm-none-eabi/12.2.1/../../../../arm-none-eabi/lib/thumb/v8-m.main+fp/hard/libc_nano.a(libc_a-stdio.o)
                0x0000000008005706                __sclose
 .text._fwalk_sglue
                0x000000000800570e       0x3c /home/developer/SimplicityStudio_v5/developer/toolchains/gnu_arm/12.2.rel1_2023.7/bin/../lib/gcc/arm-none-eabi/12.2.1/../../../../arm-none-eabi/lib/thumb/v8-m.main+fp/hard/libc_nano.a(libc_a-fwalk.o)
                0x000000000800570e                _fwalk_sglue
 .text.memset   0x000000000800574a       0x10 /home/developer/SimplicityStudio_v5/developer/toolchains/gnu_arm/12.2.rel1_2023.7/bin/../lib/gcc/arm-none-eabi/12.2.1/../../../../arm-none-eabi/lib/thumb/v8-m.main+fp/hard/libc_nano.a(libc_a-memset.o)
                0x000000000800574a                memset
 .text.__retarget_lock_init_recursive
                0x000000000800575a        0x2 /home/developer/SimplicityStudio_v5/developer/toolchains/gnu_arm/12.2.rel1_2023.7/bin/../lib/gcc/arm-none-eabi/12.2.1/../../../../arm-none-eabi/lib/thumb/v8-m.main+fp/hard/libc_nano.a(libc_a-lock.o)
                0x000000000800575a                __retarget_lock_init_recursive
 .text.__retarget_lock_acquire_recursive
                0x000000000800575c        0x2 /home/developer/SimplicityStudio_v5/developer/toolchains/gnu_arm/12.2.rel1_2023.7/bin/../lib/gcc/arm-none-eabi/12.2.1/../../../../arm-none-eabi/lib/thumb/v8-m.main+fp/hard/libc_nano.a(libc_a-lock.o)
                0x000000000800575c                __retarget_lock_acquire_recursive
 .text.__retarget_lock_release_recursive
                0x000000000800575e        0x2 /home/developer/SimplicityStudio_v5/developer/toolchains/gnu_arm/12.2.rel1_2023.7/bin/../lib/gcc/arm-none-eabi/12.2.1/../../../../arm-none-eabi/lib/thumb/v8-m.main+fp/hard/libc_nano.a(libc_a-lock.o)
                0x000000000800575e                __retarget_lock_release_recursive
 .text.__swhatbuf_r
                0x0000000008005760       0x4a /home/developer/SimplicityStudio_v5/developer/toolchains/gnu_arm/12.2.rel1_2023.7/bin/../lib/gcc/arm-none-eabi/12.2.1/../../../../arm-none-eabi/lib/thumb/v8-m.main+fp/hard/libc_nano.a(libc_a-makebuf.o)
                0x0000000008005760                __swhatbuf_r
 .text.__smakebuf_r
                0x00000000080057aa       0x78 /home/developer/SimplicityStudio_v5/developer/toolchains/gnu_arm/12.2.rel1_2023.7/bin/../lib/gcc/arm-none-eabi/12.2.1/../../../../arm-none-eabi/lib/thumb/v8-m.main+fp/hard/libc_nano.a(libc_a-makebuf.o)
                0x00000000080057aa                __smakebuf_r
 .text.__sfputc_r
                0x0000000008005822       0x2e /home/developer/SimplicityStudio_v5/developer/toolchains/gnu_arm/12.2.rel1_2023.7/bin/../lib/gcc/arm-none-eabi/12.2.1/../../../../arm-none-eabi/lib/thumb/v8-m.main+fp/hard/libc_nano.a(libc_a-nano-vfprintf.o)
 .text.__sfputs_r
                0x0000000008005850       0x24 /home/developer/SimplicityStudio_v5/developer/toolchains/gnu_arm/12.2.rel1_2023.7/bin/../lib/gcc/arm-none-eabi/12.2.1/../../../../arm-none-eabi/lib/thumb/v8-m.main+fp/hard/libc_nano.a(libc_a-nano-vfprintf.o)
                0x0000000008005850                __sfputs_r
 .text.__swbuf_r
                0x0000000008005874       0x7c /home/developer/SimplicityStudio_v5/developer/toolchains/gnu_arm/12.2.rel1_2023.7/bin/../lib/gcc/arm-none-eabi/12.2.1/../../../../arm-none-eabi/lib/thumb/v8-m.main+fp/hard/libc_nano.a(libc_a-wbuf.o)
                0x0000000008005874                __swbuf_r
 .text._printf_common
                0x00000000080058f0       0xe4 /home/developer/SimplicityStudio_v5/developer/toolchains/gnu_arm/12.2.rel1_2023.7/bin/../lib/gcc/arm-none-eabi/12.2.1/../../../../arm-none-eabi/lib/thumb/v8-m.main+fp/hard/libc_nano.a(libc_a-nano-vfprintf_i.o)
                0x00000000080058f0                _printf_common
 .text.__sflush_r
                0x00000000080059d4      0x106 /home/developer/SimplicityStudio_v5/developer/toolchains/gnu_arm/12.2.rel1_2023.7/bin/../lib/gcc/arm-none-eabi/12.2.1/../../../../arm-none-eabi/lib/thumb/v8-m.main+fp/hard/libc_nano.a(libc_a-fflush.o)
                0x00000000080059d4                __sflush_r
 .text._fflush_r
                0x0000000008005ada       0x50 /home/developer/SimplicityStudio_v5/developer/toolchains/gnu_arm/12.2.rel1_2023.7/bin/../lib/gcc/arm-none-eabi/12.2.1/../../../../arm-none-eabi/lib/thumb/v8-m.main+fp/hard/libc_nano.a(libc_a-fflush.o)
                0x0000000008005ada                _fflush_r
 .text.memchr   0x0000000008005b2a       0x1c /home/developer/SimplicityStudio_v5/developer/toolchains/gnu_arm/12.2.rel1_2023.7/bin/../lib/gcc/arm-none-eabi/12.2.1/../../../../arm-none-eabi/lib/thumb/v8-m.main+fp/hard/libc_nano.a(libc_a-memchr-stub.o)
                0x0000000008005b2a                memchr
 *(SORT_BY_ALIGNMENT(text_*))
 *fill*         0x0000000008005b46        0x2 
 text_system_timecritical19225
                0x0000000008005b48        0xc ./simplicity_sdk_2025.6.2/platform/Device/SiliconLabs/EFR32MG24/Source/system_efr32mg24.o
                0x0000000008005b48                SystemHFRCODPLLClockGet
 text_system_timecritical20228
                0x0000000008005b54       0x40 ./simplicity_sdk_2025.6.2/platform/Device/SiliconLabs/EFR32MG24/Source/system_efr32mg24.o
                0x0000000008005b54                SystemSYSCLKGet
 text_system_timecritical16181
                0x0000000008005b94       0x24 ./simplicity_sdk_2025.6.2/platform/Device/SiliconLabs/EFR32MG24/Source/system_efr32mg24.o
                0x0000000008005b94                SystemHCLKGet
 text_system_timecritical21230
                0x0000000008005bb8        0x8 ./simplicity_sdk_2025.6.2/platform/Device/SiliconLabs/EFR32MG24/Source/system_efr32mg24.o
                0x0000000008005bb8                SystemMaxCoreClockGet
 text_system_timecritical22232
                0x0000000008005bc0        0x8 ./simplicity_sdk_2025.6.2/platform/Device/SiliconLabs/EFR32MG24/Source/system_efr32mg24.o
                0x0000000008005bc0                SystemFSRCOClockGet
 text_system_timecritical23234
                0x0000000008005bc8        0xc ./simplicity_sdk_2025.6.2/platform/Device/SiliconLabs/EFR32MG24/Source/system_efr32mg24.o
                0x0000000008005bc8                SystemHFXOClockGet
 text_system_timecritical24237
                0x0000000008005bd4        0x8 ./simplicity_sdk_2025.6.2/platform/Device/SiliconLabs/EFR32MG24/Source/system_efr32mg24.o
                0x0000000008005bd4                SystemCLKIN0Get
 text_system_timecritical25239
                0x0000000008005bdc       0x90 ./simplicity_sdk_2025.6.2/platform/Device/SiliconLabs/EFR32MG24/Source/system_efr32mg24.o
                0x0000000008005bdc                SystemHFRCOEM23ClockGet
 text_system_timecritical26241
                0x0000000008005c6c        0xc ./simplicity_sdk_2025.6.2/platform/Device/SiliconLabs/EFR32MG24/Source/system_efr32mg24.o
                0x0000000008005c6c                SystemLFXOClockGet
 text_dmadrv_timecritical29166
                0x0000000008005c78       0x40 ./simplicity_sdk_2025.6.2/platform/emdrv/dmadrv/src/dmadrv.o
                0x0000000008005c78                DMADRV_StopTransfer
 text_dmadrv_timecritical32174
                0x0000000008005cb8       0x44 ./simplicity_sdk_2025.6.2/platform/emdrv/dmadrv/src/dmadrv.o
                0x0000000008005cb8                DMADRV_TransferDone
 text_dmadrv_timecritical33177
                0x0000000008005cfc       0x44 ./simplicity_sdk_2025.6.2/platform/emdrv/dmadrv/src/dmadrv.o
                0x0000000008005cfc                DMADRV_TransferRemainingCount
 text_hal_gpio_timecritical29429
                0x0000000008005d40       0x58 ./simplicity_sdk_2025.6.2/platform/peripheral/src/sl_hal_gpio.o
                0x0000000008005d40                sl_hal_gpio_set_pin
 text_clock_manager_timecritical2674
                0x0000000008005d98       0x54 ./simplicity_sdk_2025.6.2/platform/service/clock_manager/src/sl_clock_manager_hal_s2.o
                0x0000000008005d98                sli_clock_manager_hal_enable_bus_clock
 text_system_timecritical27244
                0x0000000008005dec        0x6 ./simplicity_sdk_2025.6.2/platform/Device/SiliconLabs/EFR32MG24/Source/system_efr32mg24.o
                0x0000000008005dec                SystemLFRCOClockGet
 text_system_timecritical28246
                0x0000000008005df2        0x6 ./simplicity_sdk_2025.6.2/platform/Device/SiliconLabs/EFR32MG24/Source/system_efr32mg24.o
                0x0000000008005df2                SystemULFRCOClockGet
 text_core_timecritical2307
                0x0000000008005df8        0xa ./simplicity_sdk_2025.6.2/platform/common/src/sl_core_cortexm.o
                0x0000000008005df8                CORE_ExitCritical
 text_core_timecritical4331
                0x0000000008005e02        0x8 ./simplicity_sdk_2025.6.2/platform/common/src/sl_core_cortexm.o
                0x0000000008005e02                CORE_EnterCritical
 text_core_timecritical7363
                0x0000000008005e0a        0xa ./simplicity_sdk_2025.6.2/platform/common/src/sl_core_cortexm.o
                0x0000000008005e0a                CORE_ExitAtomic
 text_core_timecritical9387
                0x0000000008005e14        0xc ./simplicity_sdk_2025.6.2/platform/common/src/sl_core_cortexm.o
                0x0000000008005e14                CORE_EnterAtomic
 text_clock_manager_timecritical1352
                0x0000000008005e20        0xa ./simplicity_sdk_2025.6.2/platform/service/clock_manager/src/sl_clock_manager.o
                0x0000000008005e20                sl_clock_manager_get_clock_branch_frequency
 text_clock_manager_timecritical2380
                0x0000000008005e2a        0x6 ./simplicity_sdk_2025.6.2/platform/service/clock_manager/src/sl_clock_manager.o
                0x0000000008005e2a                sl_clock_manager_enable_bus_clock
 text_clock_manager_timecritical3394
                0x0000000008005e30        0x6 ./simplicity_sdk_2025.6.2/platform/service/clock_manager/src/sl_clock_manager.o
                0x0000000008005e30                sl_clock_manager_disable_bus_clock
 text_clock_manager_timecritical2561
                0x0000000008005e36       0xc4 ./simplicity_sdk_2025.6.2/platform/service/clock_manager/src/sl_clock_manager_hal_s2.o
                0x0000000008005e36                sli_clock_manager_hal_get_clock_branch_frequency
                0x0000000008005f00                . = ALIGN (0x20)
 *fill*         0x0000000008005efa        0x6 
                0x0000000008005f00                linker_code_end = .
 *(.init)
 .init          0x0000000008005f00        0x4 /home/developer/SimplicityStudio_v5/developer/toolchains/gnu_arm/12.2.rel1_2023.7/bin/../lib/gcc/arm-none-eabi/12.2.1/thumb/v8-m.main+fp/hard/crti.o
                0x0000000008005f00                _init
 .init          0x0000000008005f04        0x8 /home/developer/SimplicityStudio_v5/developer/toolchains/gnu_arm/12.2.rel1_2023.7/bin/../lib/gcc/arm-none-eabi/12.2.1/thumb/v8-m.main+fp/hard/crtn.o
 *(.fini)
 .fini          0x0000000008005f0c        0x4 /home/developer/SimplicityStudio_v5/developer/toolchains/gnu_arm/12.2.rel1_2023.7/bin/../lib/gcc/arm-none-eabi/12.2.1/thumb/v8-m.main+fp/hard/crti.o
                0x0000000008005f0c                _fini
 .fini          0x0000000008005f10        0x8 /home/developer/SimplicityStudio_v5/developer/toolchains/gnu_arm/12.2.rel1_2023.7/bin/../lib/gcc/arm-none-eabi/12.2.1/thumb/v8-m.main+fp/hard/crtn.o
 *crtbegin.o(.ctors)
 *crtbegin?.o(.ctors)
 *(EXCLUDE_FILE(*crtend.o *crtend?.o) .ctors)
 *(SORT_BY_NAME(.ctors.*))
 *(.ctors)
 *crtbegin.o(.dtors)
 *crtbegin?.o(.dtors)
 *(EXCLUDE_FILE(*crtend.o *crtend?.o) .dtors)
 *(SORT_BY_NAME(.dtors.*))
 *(.dtors)
 *(.rodata*)
 .rodata.app_init.str1.1
                0x0000000008005f18       0x1e ./app.o
 .rodata.app_process_action.str1.1
                0x0000000008005f36       0x1e ./app.o
 .rodata.sl_iostream_usart_init_exp.str1.1
                0x0000000008005f54       0x2e ./autogen/sl_iostream_init_usart_instances.o
 .rodata.str1.1
                0x0000000008005f82        0x4 ./autogen/sl_iostream_init_usart_instances.o
 *fill*         0x0000000008005f86        0x2 
 .rodata        0x0000000008005f88       0x1c ./autogen/sl_iostream_init_usart_instances.o
 .rodata        0x0000000008005fa4       0x3a ./simplicity_sdk_2025.6.2/hardware/driver/mx25_flash_shutdown/src/sl_mx25_flash_shutdown_eusart/sl_mx25_flash_shutdown.o
 .rodata.sl_slist_push.str1.1
                0x0000000008005fde       0x56 ./simplicity_sdk_2025.6.2/platform/common/src/sl_slist.o
 .rodata.str1.1
                0x0000000008006034       0x5a ./simplicity_sdk_2025.6.2/platform/driver/gpio/src/sl_gpio.o
 .rodata.CSWTCH.74
                0x000000000800608e        0x6 ./simplicity_sdk_2025.6.2/platform/driver/gpio/src/sl_gpio.o
 .rodata        0x0000000008006094        0x4 ./simplicity_sdk_2025.6.2/platform/emdrv/dmadrv/src/dmadrv.o
 .rodata.traceClkGet.str1.1
                0x0000000008006098       0x53 ./simplicity_sdk_2025.6.2/platform/emlib/src/em_cmu.o
 .rodata.EMU_VScaleEM01.str1.1
                0x00000000080060eb       0x53 ./simplicity_sdk_2025.6.2/platform/emlib/src/em_emu.o
 .rodata.EUSART_Enable.str1.1
                0x000000000800613e       0x56 ./simplicity_sdk_2025.6.2/platform/emlib/src/em_eusart.o
 .rodata.BUS_RegBitWrite.str1.1
                0x0000000008006194       0x54 ./simplicity_sdk_2025.6.2/platform/emlib/src/em_gpio.o
 .rodata.GPIO_PinOutSet.str1.1
                0x00000000080061e8       0x55 ./simplicity_sdk_2025.6.2/platform/emlib/src/em_gpio.o
 .rodata.GPIO_ExtIntConfig.str1.1
                0x000000000800623d       0x54 ./simplicity_sdk_2025.6.2/platform/emlib/src/em_gpio.o
 *fill*         0x0000000008006291        0x1 
 .rodata.CSWTCH.32
                0x0000000008006292        0x8 ./simplicity_sdk_2025.6.2/platform/emlib/src/em_gpio.o
 .rodata.LDMA_EnableChannelRequest.str1.1
                0x000000000800629a       0x54 ./simplicity_sdk_2025.6.2/platform/emlib/src/em_ldma.o
                                         0xa8 (size before relaxing)
 .rodata.USART_BaudrateAsyncSet.str1.1
                0x00000000080062ee       0x55 ./simplicity_sdk_2025.6.2/platform/emlib/src/em_usart.o
 .rodata.str1.1
                0x0000000008006343       0x5e ./simplicity_sdk_2025.6.2/platform/peripheral/src/sl_hal_gpio.o
 .rodata.sl_hal_gpio_set_pin_mode.str1.1
                0x00000000080063a1       0x5d ./simplicity_sdk_2025.6.2/platform/peripheral/src/sl_hal_gpio.o
 .rodata.sl_hal_gpio_configure_external_interrupt.str1.1
                0x00000000080063fe       0x5d ./simplicity_sdk_2025.6.2/platform/peripheral/src/sl_hal_gpio.o
 *fill*         0x000000000800645b        0x1 
 .rodata.CSWTCH.54
                0x000000000800645c        0x6 ./simplicity_sdk_2025.6.2/platform/peripheral/src/sl_hal_gpio.o
 .rodata.str1.1
                0x0000000008006462       0x74 ./simplicity_sdk_2025.6.2/platform/service/clock_manager/src/sl_clock_manager_hal_s2.o
                                         0xc8 (size before relaxing)
 .rodata.sli_clock_manager_hal_init.str1.1
                0x00000000080064d6       0x79 ./simplicity_sdk_2025.6.2/platform/service/clock_manager/src/sl_clock_manager_init_hal_s2.o
 *fill*         0x000000000800654f        0x1 
 .rodata        0x0000000008006550       0x3c ./simplicity_sdk_2025.6.2/platform/service/clock_manager/src/sl_clock_manager_init_hal_s2.o
 .rodata        0x000000000800658c        0x7 ./simplicity_sdk_2025.6.2/platform/service/device_init/src/sl_device_init_dcdc_s2.o
 *fill*         0x0000000008006593        0x1 
 .rodata.SL_BUS_CLOCK_SYSRTC0_VALUE
                0x0000000008006594        0x4 ./simplicity_sdk_2025.6.2/platform/service/device_manager/clocks/sl_device_clock_efr32xg24.o
                0x0000000008006594                SL_BUS_CLOCK_SYSRTC0_VALUE
 .rodata.SL_BUS_CLOCK_LFRCO_VALUE
                0x0000000008006598        0x4 ./simplicity_sdk_2025.6.2/platform/service/device_manager/clocks/sl_device_clock_efr32xg24.o
                0x0000000008006598                SL_BUS_CLOCK_LFRCO_VALUE
 .rodata.SL_BUS_CLOCK_GPIO_VALUE
                0x000000000800659c        0x4 ./simplicity_sdk_2025.6.2/platform/service/device_manager/clocks/sl_device_clock_efr32xg24.o
                0x000000000800659c                SL_BUS_CLOCK_GPIO_VALUE
 .rodata.SL_BUS_CLOCK_EUSART1_VALUE
                0x00000000080065a0        0x4 ./simplicity_sdk_2025.6.2/platform/service/device_manager/clocks/sl_device_clock_efr32xg24.o
                0x00000000080065a0                SL_BUS_CLOCK_EUSART1_VALUE
 .rodata.sl_interrupt_manager_disable_irq.str1.1
                0x00000000080065a4       0x7d ./simplicity_sdk_2025.6.2/platform/service/interrupt_manager/src/sl_interrupt_manager_cortexm.o
 .rodata._write.str1.1
                0x0000000008006621       0x72 ./simplicity_sdk_2025.6.2/platform/service/iostream/src/sl_iostream_retarget_stdio.o
 .rodata.__rx_buffer_full.str1.1
                0x0000000008006693       0x68 ./simplicity_sdk_2025.6.2/platform/service/iostream/src/sl_iostream_uart.o
 .rodata.sl_iostream_usart_irq_handler.str1.1
                0x00000000080066fb       0x69 ./simplicity_sdk_2025.6.2/platform/service/iostream/src/sl_iostream_usart.o
 .rodata.sl_udelay_wait.str1.1
                0x0000000008006764       0x5f ./simplicity_sdk_2025.6.2/platform/service/udelay/src/sl_udelay.o
 .rodata._vfprintf_r.str1.1
                0x00000000080067c3       0x11 /home/developer/SimplicityStudio_v5/developer/toolchains/gnu_arm/12.2.rel1_2023.7/bin/../lib/gcc/arm-none-eabi/12.2.1/../../../../arm-none-eabi/lib/thumb/v8-m.main+fp/hard/libc_nano.a(libc_a-nano-vfprintf.o)
 .rodata._printf_i.str1.1
                0x00000000080067d4       0x22 /home/developer/SimplicityStudio_v5/developer/toolchains/gnu_arm/12.2.rel1_2023.7/bin/../lib/gcc/arm-none-eabi/12.2.1/../../../../arm-none-eabi/lib/thumb/v8-m.main+fp/hard/libc_nano.a(libc_a-nano-vfprintf_i.o)
 *(.eh_frame*)
 *fill*         0x00000000080067f6        0x2 
 .eh_frame      0x00000000080067f8        0x0 /home/developer/SimplicityStudio_v5/developer/toolchains/gnu_arm/12.2.rel1_2023.7/bin/../lib/gcc/arm-none-eabi/12.2.1/thumb/v8-m.main+fp/hard/crtbegin.o

.glue_7         0x00000000080067f8        0x0
 .glue_7        0x00000000080067f8        0x0 linker stubs

.glue_7t        0x00000000080067f8        0x0
 .glue_7t       0x00000000080067f8        0x0 linker stubs

.vfp11_veneer   0x00000000080067f8        0x0
 .vfp11_veneer  0x00000000080067f8        0x0 linker stubs

.v4_bx          0x00000000080067f8        0x0
 .v4_bx         0x00000000080067f8        0x0 linker stubs

.iplt           0x00000000080067f8        0x0
 .iplt          0x00000000080067f8        0x0 /home/developer/SimplicityStudio_v5/developer/toolchains/gnu_arm/12.2.rel1_2023.7/bin/../lib/gcc/arm-none-eabi/12.2.1/thumb/v8-m.main+fp/hard/crtbegin.o

.ARM.extab
 *(.ARM.extab* .gnu.linkonce.armextab.*)
                0x00000000080067f8                __exidx_start = .

.ARM.exidx      0x00000000080067f8        0x8
 *(.ARM.exidx* .gnu.linkonce.armexidx.*)
 .ARM.exidx     0x00000000080067f8        0x8 /home/developer/SimplicityStudio_v5/developer/toolchains/gnu_arm/12.2.rel1_2023.7/bin/../lib/gcc/arm-none-eabi/12.2.1/../../../../arm-none-eabi/lib/thumb/v8-m.main+fp/hard/crt0.o
                                         0x10 (size before relaxing)
                0x0000000008006800                __exidx_end = .

.copy.table     0x0000000008006800        0xc
                0x0000000008006800                . = ALIGN (0x4)
                0x0000000008006800                __copy_table_start__ = .
                0x0000000008006800        0x4 LONG 0x800680c __etext
                0x0000000008006804        0x4 LONG 0x20001550 __data_start__
                0x0000000008006808        0x4 LONG 0x2a ((__data_end__ - __data_start__) / 0x4)
                0x000000000800680c                __copy_table_end__ = .

.rel.dyn        0x000000000800680c        0x0
 .rel.iplt      0x000000000800680c        0x0 /home/developer/SimplicityStudio_v5/developer/toolchains/gnu_arm/12.2.rel1_2023.7/bin/../lib/gcc/arm-none-eabi/12.2.1/thumb/v8-m.main+fp/hard/crtbegin.o

.zero.table     0x000000000800680c        0x0
                0x000000000800680c                . = ALIGN (0x4)
                0x000000000800680c                __zero_table_start__ = .
                0x000000000800680c                __zero_table_end__ = .
                0x000000000800680c                __etext = .

.data           0x0000000020001550       0xa8 load address 0x000000000800680c
                0x0000000020001550                . = ALIGN (0x4)
                0x0000000020001550                __data_start__ = .
 *(vtable)
 *(SORT_BY_ALIGNMENT(.data*))
 .data.sl_iostream_instances_info
                0x0000000020001550        0x4 ./autogen/sl_iostream_handles.o
                0x0000000020001550                sl_iostream_instances_info
 .data.sl_iostream_instance_exp_info
                0x0000000020001554       0x10 ./autogen/sl_iostream_init_usart_instances.o
                0x0000000020001554                sl_iostream_instance_exp_info
 .data.uart_periph_exp
                0x0000000020001564       0x14 ./autogen/sl_iostream_init_usart_instances.o
 .data.SystemCoreClock
                0x0000000020001578        0x4 ./simplicity_sdk_2025.6.2/platform/Device/SiliconLabs/EFR32MG24/Source/system_efr32mg24.o
                0x0000000020001578                SystemCoreClock
 .data.SystemHFRCODPLLClock
                0x000000002000157c        0x4 ./simplicity_sdk_2025.6.2/platform/Device/SiliconLabs/EFR32MG24/Source/system_efr32mg24.o
 .data.SystemLFXOClock
                0x0000000020001580        0x4 ./simplicity_sdk_2025.6.2/platform/Device/SiliconLabs/EFR32MG24/Source/system_efr32mg24.o
 .data.SystemHFXOClock
                0x0000000020001584        0x4 ./simplicity_sdk_2025.6.2/platform/Device/SiliconLabs/EFR32MG24/Source/system_efr32mg24.o
 .data.heap_end.0
                0x0000000020001588        0x4 ./simplicity_sdk_2025.6.2/platform/service/memory_manager/src/sl_memory_manager_region.o
 .data._impure_ptr
                0x000000002000158c        0x4 /home/developer/SimplicityStudio_v5/developer/toolchains/gnu_arm/12.2.rel1_2023.7/bin/../lib/gcc/arm-none-eabi/12.2.1/../../../../arm-none-eabi/lib/thumb/v8-m.main+fp/hard/libc_nano.a(libc_a-impure.o)
                0x000000002000158c                _impure_ptr
 .data._impure_data
                0x0000000020001590       0x4c /home/developer/SimplicityStudio_v5/developer/toolchains/gnu_arm/12.2.rel1_2023.7/bin/../lib/gcc/arm-none-eabi/12.2.1/../../../../arm-none-eabi/lib/thumb/v8-m.main+fp/hard/libc_nano.a(libc_a-impure.o)
                0x0000000020001590                _impure_data
 .data.__sglue  0x00000000200015dc        0xc /home/developer/SimplicityStudio_v5/developer/toolchains/gnu_arm/12.2.rel1_2023.7/bin/../lib/gcc/arm-none-eabi/12.2.1/../../../../arm-none-eabi/lib/thumb/v8-m.main+fp/hard/libc_nano.a(libc_a-findfp.o)
                0x00000000200015dc                __sglue
 .data.hfxo_precision
                0x00000000200015e8        0x2 ./simplicity_sdk_2025.6.2/platform/emlib/src/em_cmu.o
 .data.lfxo_precision
                0x00000000200015ea        0x2 ./simplicity_sdk_2025.6.2/platform/emlib/src/em_cmu.o
 .data.level_mask
                0x00000000200015ec        0x1 ./simplicity_sdk_2025.6.2/app/common/util/app_log/app_log.o
 .data.level_filter_threshold