Archive member included to satisfy reference by file (symbol)

/home/developer/SimplicityStudio_v5/developer/toolchains/gnu_arm/12.2.rel1_2023.7/bin/../lib/gcc/arm-none-eabi/12.2.1/thumb/v8-m.main+fp/hard/libgcc.a(_aeabi_ldivmod.o)
                              ./simplicity_sdk_2025.6.2/platform/emlib/src/em_eusart.o (__aeabi_ldivmod)
/home/developer/SimplicityStudio_v5/developer/toolchains/gnu_arm/12.2.rel1_2023.7/bin/../lib/gcc/arm-none-eabi/12.2.1/thumb/v8-m.main+fp/hard/libgcc.a(_aeabi_uldivmod.o)
                              ./simplicity_sdk_2025.6.2/platform/emlib/src/em_eusart.o (__aeabi_uldivmod)
/home/developer/SimplicityStudio_v5/developer/toolchains/gnu_arm/12.2.rel1_2023.7/bin/../lib/gcc/arm-none-eabi/12.2.1/thumb/v8-m.main+fp/hard/libgcc.a(_udivmoddi4.o)
                              /home/developer/SimplicityStudio_v5/developer/toolchains/gnu_arm/12.2.rel1_2023.7/bin/../lib/gcc/arm-none-eabi/12.2.1/thumb/v8-m.main+fp/hard/libgcc.a(_aeabi_ldivmod.o) (__udivmoddi4)
/home/developer/SimplicityStudio_v5/developer/toolchains/gnu_arm/12.2.rel1_2023.7/bin/../lib/gcc/arm-none-eabi/12.2.1/thumb/v8-m.main+fp/hard/libgcc.a(_dvmd_tls.o)
                              /home/developer/SimplicityStudio_v5/developer/toolchains/gnu_arm/12.2.rel1_2023.7/bin/../lib/gcc/arm-none-eabi/12.2.1/thumb/v8-m.main+fp/hard/libgcc.a(_aeabi_ldivmod.o) (__aeabi_ldiv0)
/home/developer/SimplicityStudio_v5/developer/toolchains/gnu_arm/12.2.rel1_2023.7/bin/../lib/gcc/arm-none-eabi/12.2.1/../../../../arm-none-eabi/lib/thumb/v8-m.main+fp/hard/libc_nano.a(libc_a-exit.o)
                              /home/developer/SimplicityStudio_v5/developer/toolchains/gnu_arm/12.2.rel1_2023.7/bin/../lib/gcc/arm-none-eabi/12.2.1/../../../../arm-none-eabi/lib/thumb/v8-m.main+fp/hard/crt0.o (exit)
/home/developer/SimplicityStudio_v5/developer/toolchains/gnu_arm/12.2.rel1_2023.7/bin/../lib/gcc/arm-none-eabi/12.2.1/../../../../arm-none-eabi/lib/thumb/v8-m.main+fp/hard/libc_nano.a(libc_a-init.o)
                              /home/developer/SimplicityStudio_v5/developer/toolchains/gnu_arm/12.2.rel1_2023.7/bin/../lib/gcc/arm-none-eabi/12.2.1/../../../../arm-none-eabi/lib/thumb/v8-m.main+fp/hard/crt0.o (__libc_init_array)
/home/developer/SimplicityStudio_v5/developer/toolchains/gnu_arm/12.2.rel1_2023.7/bin/../lib/gcc/arm-none-eabi/12.2.1/../../../../arm-none-eabi/lib/thumb/v8-m.main+fp/hard/libc_nano.a(libc_a-strcmp.o)
                              ./autogen/sl_iostream_handles.o (strcmp)
/home/developer/SimplicityStudio_v5/developer/toolchains/gnu_arm/12.2.rel1_2023.7/bin/../lib/gcc/arm-none-eabi/12.2.1/../../../../arm-none-eabi/lib/thumb/v8-m.main+fp/hard/libc_nano.a(libc_a-vprintf.o)
                              ./simplicity_sdk_2025.6.2/platform/service/iostream/src/sl_iostream.o (vprintf)
/home/developer/SimplicityStudio_v5/developer/toolchains/gnu_arm/12.2.rel1_2023.7/bin/../lib/gcc/arm-none-eabi/12.2.1/../../../../arm-none-eabi/lib/thumb/v8-m.main+fp/hard/libc_nano.a(libc_a-impure.o)
                              ./simplicity_sdk_2025.6.2/platform/service/iostream/src/sl_iostream_stdlib_config.o (_impure_ptr)
/home/developer/SimplicityStudio_v5/developer/toolchains/gnu_arm/12.2.rel1_2023.7/bin/../lib/gcc/arm-none-eabi/12.2.1/../../../../arm-none-eabi/lib/thumb/v8-m.main+fp/hard/libc_nano.a(libc_a-memcpy-stub.o)
                              ./simplicity_sdk_2025.6.2/platform/service/iostream/src/sl_iostream_uart.o (memcpy)
/home/developer/SimplicityStudio_v5/developer/toolchains/gnu_arm/12.2.rel1_2023.7/bin/../lib/gcc/arm-none-eabi/12.2.1/../../../../arm-none-eabi/lib/thumb/v8-m.main+fp/hard/libc_nano.a(libc_a-findfp.o)
                              /home/developer/SimplicityStudio_v5/developer/toolchains/gnu_arm/12.2.rel1_2023.7/bin/../lib/gcc/arm-none-eabi/12.2.1/../../../../arm-none-eabi/lib/thumb/v8-m.main+fp/hard/libc_nano.a(libc_a-exit.o) (__stdio_exit_handler)
/home/developer/SimplicityStudio_v5/developer/toolchains/gnu_arm/12.2.rel1_2023.7/bin/../lib/gcc/arm-none-eabi/12.2.1/../../../../arm-none-eabi/lib/thumb/v8-m.main+fp/hard/libc_nano.a(libc_a-setvbuf.o)
                              ./simplicity_sdk_2025.6.2/platform/service/iostream/src/sl_iostream_stdlib_config.o (setvbuf)
/home/developer/SimplicityStudio_v5/developer/toolchains/gnu_arm/12.2.rel1_2023.7/bin/../lib/gcc/arm-none-eabi/12.2.1/../../../../arm-none-eabi/lib/thumb/v8-m.main+fp/hard/libc_nano.a(libc_a-stdio.o)
                              /home/developer/SimplicityStudio_v5/developer/toolchains/gnu_arm/12.2.rel1_2023.7/bin/../lib/gcc/arm-none-eabi/12.2.1/../../../../arm-none-eabi/lib/thumb/v8-m.main+fp/hard/libc_nano.a(libc_a-findfp.o) (__sread)
/home/developer/SimplicityStudio_v5/developer/toolchains/gnu_arm/12.2.rel1_2023.7/bin/../lib/gcc/arm-none-eabi/12.2.1/../../../../arm-none-eabi/lib/thumb/v8-m.main+fp/hard/libc_nano.a(libc_a-ctype_.o)
                              ./simplicity_sdk_2025.6.2/platform/common/src/sl_string.o (_ctype_)
[...]
Memory Configuration

Name             Origin             Length             Attributes
FLASH            0x0000000008000000 0x000000000017e000 xr
RAM              0x0000000020000000 0x0000000000040000 xrw
*default*        0x0000000000000000 0xffffffffffffffff

Linker script and memory map

LOAD /home/developer/SimplicityStudio_v5/developer/toolchains/gnu_arm/12.2.rel1_2023.7/bin/../lib/gcc/arm-none-eabi/12.2.1/thumb/v8-m.main+fp/hard/crti.o
LOAD /home/developer/SimplicityStudio_v5/developer/toolchains/gnu_arm/12.2.rel1_2023.7/bin/../lib/gcc/arm-none-eabi/12.2.1/thumb/v8-m.main+fp/hard/crtbegin.o
LOAD /home/developer/SimplicityStudio_v5/developer/toolchains/gnu_arm/12.2.rel1_2023.7/bin/../lib/gcc/arm-none-eabi/12.2.1/../../../../arm-none-eabi/lib/thumb/v8-m.main+fp/hard/crt0.o
START GROUP
LOAD ./app.o
LOAD ./main.o
LOAD ./autogen/sl_board_default_init.o
LOAD ./autogen/sl_event_handler.o
LOAD ./autogen/sl_iostream_handles.o
LOAD ./autogen/sl_iostream_init_usart_instances.o
LOAD ./simplicity_sdk_2025.6.2/app/common/util/app_log/app_log.o
LOAD ./simplicity_sdk_2025.6.2/hardware/board/src/sl_board_control_gpio.o
LOAD ./simplicity_sdk_2025.6.2/hardware/board/src/sl_board_init.o
LOAD ./simplicity_sdk_2025.6.2/hardware/driver/configuration_over_swo/src/sl_cos.o
LOAD ./simplicity_sdk_2025.6.2/hardware/driver/mx25_flash_shutdown/src/sl_mx25_flash_shutdown_eusart/sl_mx25_flash_shutdown.o
LOAD ./simplicity_sdk_2025.6.2/platform/Device/SiliconLabs/EFR32MG24/Source/startup_efr32mg24.o
LOAD ./simplicity_sdk_2025.6.2/platform/Device/SiliconLabs/EFR32MG24/Source/system_efr32mg24.o
LOAD ./simplicity_sdk_2025.6.2/platform/common/src/sl_assert.o
LOAD ./simplicity_sdk_2025.6.2/platform/common/src/sl_core_cortexm.o
LOAD ./simplicity_sdk_2025.6.2/platform/common/src/sl_slist.o
LOAD ./simplicity_sdk_2025.6.2/platform/common/src/sl_string.o
LOAD ./simplicity_sdk_2025.6.2/platform/common/src/sl_syscalls.o
LOAD ./simplicity_sdk_2025.6.2/platform/driver/debug/src/sl_debug_swo.o
LOAD ./simplicity_sdk_2025.6.2/platform/driver/gpio/src/sl_gpio.o
LOAD ./simplicity_sdk_2025.6.2/platform/emdrv/dmadrv/src/dmadrv.o
LOAD ./simplicity_sdk_2025.6.2/platform/emlib/src/em_burtc.o
LOAD ./simplicity_sdk_2025.6.2/platform/emlib/src/em_cmu.o
LOAD ./simplicity_sdk_2025.6.2/platform/emlib/src/em_emu.o
LOAD ./simplicity_sdk_2025.6.2/platform/emlib/src/em_eusart.o
LOAD ./simplicity_sdk_2025.6.2/platform/emlib/src/em_gpio.o
LOAD ./simplicity_sdk_2025.6.2/platform/emlib/src/em_ldma.o
LOAD ./simplicity_sdk_2025.6.2/platform/emlib/src/em_msc.o
LOAD ./simplicity_sdk_2025.6.2/platform/emlib/src/em_prs.o
LOAD ./simplicity_sdk_2025.6.2/platform/emlib/src/em_system.o
LOAD ./simplicity_sdk_2025.6.2/platform/emlib/src/em_timer.o
LOAD ./simplicity_sdk_2025.6.2/platform/emlib/src/em_usart.o
LOAD ./simplicity_sdk_2025.6.2/platform/peripheral/src/sl_hal_gpio.o
LOAD ./simplicity_sdk_2025.6.2/platform/peripheral/src/sl_hal_sysrtc.o
LOAD ./simplicity_sdk_2025.6.2/platform/service/clock_manager/src/sl_clock_manager.o
LOAD ./simplicity_sdk_2025.6.2/platform/service/clock_manager/src/sl_clock_manager_hal_s2.o
LOAD ./simplicity_sdk_2025.6.2/platform/service/clock_manager/src/sl_clock_manager_init.o
LOAD ./simplicity_sdk_2025.6.2/platform/service/clock_manager/src/sl_clock_manager_init_hal_s2.o
LOAD ./simplicity_sdk_2025.6.2/platform/service/device_init/src/sl_device_init_dcdc_s2.o
LOAD ./simplicity_sdk_2025.6.2/platform/service/device_init/src/sl_device_init_emu_s2.o
LOAD ./simplicity_sdk_2025.6.2/platform/service/device_manager/clocks/sl_device_clock_efr32xg24.o
LOAD ./simplicity_sdk_2025.6.2/platform/service/device_manager/devices/sl_device_peripheral_hal_efr32xg24.o
LOAD ./simplicity_sdk_2025.6.2/platform/service/device_manager/src/sl_device_clock.o
LOAD ./simplicity_sdk_2025.6.2/platform/service/device_manager/src/sl_device_gpio.o
LOAD ./simplicity_sdk_2025.6.2/platform/service/device_manager/src/sl_device_peripheral.o
LOAD ./simplicity_sdk_2025.6.2/platform/service/interrupt_manager/src/sl_interrupt_manager_cortexm.o
LOAD ./simplicity_sdk_2025.6.2/platform/service/iostream/src/sl_iostream.o
LOAD ./simplicity_sdk_2025.6.2/platform/service/iostream/src/sl_iostream_retarget_stdio.o
LOAD ./simplicity_sdk_2025.6.2/platform/service/iostream/src/sl_iostream_stdlib_config.o
LOAD ./simplicity_sdk_2025.6.2/platform/service/iostream/src/sl_iostream_uart.o
LOAD ./simplicity_sdk_2025.6.2/platform/service/iostream/src/sl_iostream_usart.o
LOAD ./simplicity_sdk_2025.6.2/platform/service/memory_manager/src/sl_memory_manager_region.o
LOAD ./simplicity_sdk_2025.6.2/platform/service/sl_main/sl_system_compatibility/src/sl_system_compatibility.o
LOAD ./simplicity_sdk_2025.6.2/platform/service/sl_main/src/sl_main_init.o
LOAD ./simplicity_sdk_2025.6.2/platform/service/sl_main/src/sl_main_init_memory.o
LOAD ./simplicity_sdk_2025.6.2/platform/service/sl_main/src/sl_main_process_action.o
LOAD ./simplicity_sdk_2025.6.2/platform/service/sleeptimer/src/sl_sleeptimer.o
LOAD ./simplicity_sdk_2025.6.2/platform/service/sleeptimer/src/sl_sleeptimer_hal_burtc.o
LOAD ./simplicity_sdk_2025.6.2/platform/service/sleeptimer/src/sl_sleeptimer_hal_sysrtc.o
LOAD ./simplicity_sdk_2025.6.2/platform/service/sleeptimer/src/sl_sleeptimer_hal_timer.o
LOAD ./simplicity_sdk_2025.6.2/platform/service/udelay/src/sl_udelay.o
LOAD ./simplicity_sdk_2025.6.2/platform/service/udelay/src/sl_udelay_armv6m_gcc.o
LOAD /home/developer/SimplicityStudio_v5/developer/toolchains/gnu_arm/12.2.rel1_2023.7/bin/../lib/gcc/arm-none-eabi/12.2.1/thumb/v8-m.main+fp/hard/libgcc.a
LOAD /home/developer/SimplicityStudio_v5/developer/toolchains/gnu_arm/12.2.rel1_2023.7/bin/../lib/gcc/arm-none-eabi/12.2.1/../../../../arm-none-eabi/lib/thumb/v8-m.main+fp/hard/libc_nano.a
LOAD /home/developer/SimplicityStudio_v5/developer/toolchains/gnu_arm/12.2.rel1_2023.7/bin/../lib/gcc/arm-none-eabi/12.2.1/../../../../arm-none-eabi/lib/thumb/v8-m.main+fp/hard/libm.a
LOAD /home/developer/SimplicityStudio_v5/developer/toolchains/gnu_arm/12.2.rel1_2023.7/bin/../lib/gcc/arm-none-eabi/12.2.1/../../../../arm-none-eabi/lib/thumb/v8-m.main+fp/hard/libnosys.a
END GROUP
START GROUP
LOAD /home/developer/SimplicityStudio_v5/developer/toolchains/gnu_arm/12.2.rel1_2023.7/bin/../lib/gcc/arm-none-eabi/12.2.1/thumb/v8-m.main+fp/hard/libgcc.a
LOAD /home/developer/SimplicityStudio_v5/developer/toolchains/gnu_arm/12.2.rel1_2023.7/bin/../lib/gcc/arm-none-eabi/12.2.1/../../../../arm-none-eabi/lib/thumb/v8-m.main+fp/hard/libc_nano.a
LOAD /home/developer/SimplicityStudio_v5/developer/toolchains/gnu_arm/12.2.rel1_2023.7/bin/../lib/gcc/arm-none-eabi/12.2.1/../../../../arm-none-eabi/lib/thumb/v8-m.main+fp/hard/libnosys.a
END GROUP
START GROUP
LOAD /home/developer/SimplicityStudio_v5/developer/toolchains/gnu_arm/12.2.rel1_2023.7/bin/../lib/gcc/arm-none-eabi/12.2.1/thumb/v8-m.main+fp/hard/libgcc.a
LOAD /home/developer/SimplicityStudio_v5/developer/toolchains/gnu_arm/12.2.rel1_2023.7/bin/../lib/gcc/arm-none-eabi/12.2.1/../../../../arm-none-eabi/lib/thumb/v8-m.main+fp/hard/libg_nano.a
LOAD /home/developer/SimplicityStudio_v5/developer/toolchains/gnu_arm/12.2.rel1_2023.7/bin/../lib/gcc/arm-none-eabi/12.2.1/../../../../arm-none-eabi/lib/thumb/v8-m.main+fp/hard/libc_nano.a
END GROUP
START GROUP
LOAD /home/developer/SimplicityStudio_v5/developer/toolchains/gnu_arm/12.2.rel1_2023.7/bin/../lib/gcc/arm-none-eabi/12.2.1/thumb/v8-m.main+fp/hard/libgcc.a
LOAD /home/developer/SimplicityStudio_v5/developer/toolchains/gnu_arm/12.2.rel1_2023.7/bin/../lib/gcc/arm-none-eabi/12.2.1/../../../../arm-none-eabi/lib/thumb/v8-m.main+fp/hard/libc_nano.a
END GROUP
LOAD /home/developer/SimplicityStudio_v5/developer/toolchains/gnu_arm/12.2.rel1_2023.7/bin/../lib/gcc/arm-none-eabi/12.2.1/thumb/v8-m.main+fp/hard/crtend.o
LOAD /home/developer/SimplicityStudio_v5/developer/toolchains/gnu_arm/12.2.rel1_2023.7/bin/../lib/gcc/arm-none-eabi/12.2.1/thumb/v8-m.main+fp/hard/crtn.o

.vectors        0x0000000008000000      0x170
                0x0000000008000000                linker_vectors_begin = .
 *(.vectors)
 .vectors       0x0000000008000000      0x170 ./simplicity_sdk_2025.6.2/platform/Device/SiliconLabs/EFR32MG24/Source/startup_efr32mg24.o
                0x0000000008000000                __Vectors
                0x0000000008000170                linker_vectors_end = .
                0x0000000008000170                __Vectors_End = .
                0x0000000008000170                __Vectors_Size = (__Vectors_End - __Vectors)

.stack          0x0000000020000000     0x1000
                0x0000000020000000                . = ALIGN (0x8)
                0x0000000020000000                __StackLimit = .
 *(.stack*)
 .stack         0x0000000020000000     0x1000 ./simplicity_sdk_2025.6.2/platform/service/memory_manager/src/sl_memory_manager_region.o
                0x0000000020001000                . = ALIGN (0x4)
                0x0000000020001000                __StackTop = .
                0x0000000020001000                PROVIDE (__stack = __StackTop)

.bss            0x0000000020001000      0x568
                0x0000000020001000                . = ALIGN (0x4)
                0x0000000020001000                __bss_start__ = .
 *(SORT_BY_ALIGNMENT(.bss*))
 .bss.object.0  0x0000000020001000       0x18 /home/developer/SimplicityStudio_v5/developer/toolchains/gnu_arm/12.2.rel1_2023.7/bin/../lib/gcc/arm-none-eabi/12.2.1/thumb/v8-m.main+fp/hard/crtbegin.o
 .bss.sl_iostream_recommended_console_stream
                0x0000000020001018        0x4 ./autogen/sl_iostream_handles.o
                0x0000000020001018                sl_iostream_recommended_console_stream
 .bss.context_exp
                0x000000002000101c       0xb4 ./autogen/sl_iostream_init_usart_instances.o
 .bss.sl_iostream_exp
                0x00000000200010d0       0x1c ./autogen/sl_iostream_init_usart_instances.o
 .bss.app_log_iostream
                0x00000000200010ec        0x4 ./simplicity_sdk_2025.6.2/app/common/util/app_log/app_log.o
                0x00000000200010ec                app_log_iostream
 .bss.gpio_interrupts
                0x00000000200010f0      0x168 ./simplicity_sdk_2025.6.2/platform/driver/gpio/src/sl_gpio.o
 .bss.dmaXfer   0x0000000020001258      0x100 ./simplicity_sdk_2025.6.2/platform/emdrv/dmadrv/src/dmadrv.o
 .bss.chTable   0x0000000020001358       0x80 ./simplicity_sdk_2025.6.2/platform/emdrv/dmadrv/src/dmadrv.o
 .bss.sli_iostream_default
                0x00000000200013d8        0x4 ./simplicity_sdk_2025.6.2/platform/service/iostream/src/sl_iostream.o
 .bss.max_millisecond_conversion
                0x00000000200013dc        0x4 ./simplicity_sdk_2025.6.2/platform/service/sleeptimer/src/sl_sleeptimer.o
 .bss.last_delta_update_count
                0x00000000200013e0        0x4 ./simplicity_sdk_2025.6.2/platform/service/sleeptimer/src/sl_sleeptimer.o
 .bss.timer_head
                0x00000000200013e4        0x4 ./simplicity_sdk_2025.6.2/platform/service/sleeptimer/src/sl_sleeptimer.o
 .bss.timer_frequency
                0x00000000200013e8        0x4 ./simplicity_sdk_2025.6.2/platform/service/sleeptimer/src/sl_sleeptimer.o
 .bss.overflow_counter
                0x00000000200013ec        0x4 ./simplicity_sdk_2025.6.2/platform/service/sleeptimer/src/sl_sleeptimer.o
 .bss.__sf      0x00000000200013f0      0x138 /home/developer/SimplicityStudio_v5/developer/toolchains/gnu_arm/12.2.rel1_2023.7/bin/../lib/gcc/arm-none-eabi/12.2.1/../../../../arm-none-eabi/lib/thumb/v8-m.main+fp/hard/libc_nano.a(libc_a-findfp.o)
                0x00000000200013f0                __sf
 .bss.__stdio_exit_handler
                0x0000000020001528        0x4 /home/developer/SimplicityStudio_v5/developer/toolchains/gnu_arm/12.2.rel1_2023.7/bin/../lib/gcc/arm-none-eabi/12.2.1/../../../../arm-none-eabi/lib/thumb/v8-m.main+fp/hard/libc_nano.a(libc_a-findfp.o)
                0x0000000020001528                __stdio_exit_handler
 .bss.errno     0x000000002000152c        0x4 /home/developer/SimplicityStudio_v5/developer/toolchains/gnu_arm/12.2.rel1_2023.7/bin/../lib/gcc/arm-none-eabi/12.2.1/../../../../arm-none-eabi/lib/thumb/v8-m.main+fp/hard/libc_nano.a(libc_a-reent.o)
                0x000000002000152c                errno
 .bss.__malloc_sbrk_start
                0x0000000020001530        0x4 /home/developer/SimplicityStudio_v5/developer/toolchains/gnu_arm/12.2.rel1_2023.7/bin/../lib/gcc/arm-none-eabi/12.2.1/../../../../arm-none-eabi/lib/thumb/v8-m.main+fp/hard/libc_nano.a(libc_a-mallocr.o)
                0x0000000020001530                __malloc_sbrk_start
 .bss.__malloc_free_list
                0x0000000020001534        0x4 /home/developer/SimplicityStudio_v5/developer/toolchains/gnu_arm/12.2.rel1_2023.7/bin/../lib/gcc/arm-none-eabi/12.2.1/../../../../arm-none-eabi/lib/thumb/v8-m.main+fp/hard/libc_nano.a(libc_a-mallocr.o)
                0x0000000020001534                __malloc_free_list
 .bss.completed.1
                0x0000000020001538        0x1 /home/developer/SimplicityStudio_v5/developer/toolchains/gnu_arm/12.2.rel1_2023.7/bin/../lib/gcc/arm-none-eabi/12.2.1/thumb/v8-m.main+fp/hard/crtbegin.o
 .bss.timeout_flag
                0x0000000020001539        0x1 ./app.o
 .bss.rx_buffer_exp
                0x000000002000153a       0x20 ./autogen/sl_iostream_init_usart_instances.o
 .bss.level_mask_enabled
                0x000000002000155a        0x1 ./simplicity_sdk_2025.6.2/app/common/util/app_log/app_log.o
 .bss.initialized
                0x000000002000155b        0x1 ./simplicity_sdk_2025.6.2/platform/emdrv/dmadrv/src/dmadrv.o
 .bss.pclkDiv   0x000000002000155c        0x1 ./simplicity_sdk_2025.6.2/platform/emlib/src/em_cmu.o
 .bss.vScaleEM01Config
                0x000000002000155d        0x1 ./simplicity_sdk_2025.6.2/platform/emlib/src/em_emu.o
 .bss.is_interrupt_manager_initialized
                0x000000002000155e        0x1 ./simplicity_sdk_2025.6.2/platform/service/interrupt_manager/src/sl_interrupt_manager_cortexm.o
 .bss.null_byte
                0x000000002000155f        0x1 ./simplicity_sdk_2025.6.2/platform/service/iostream/src/sl_iostream_uart.o
 .bss.sleep_on_isr_exit
                0x0000000020001560        0x1 ./simplicity_sdk_2025.6.2/platform/service/sleeptimer/src/sl_sleeptimer.o
 .bss.next_timer_to_expire_is_power_manager
                0x0000000020001561        0x1 ./simplicity_sdk_2025.6.2/platform/service/sleeptimer/src/sl_sleeptimer.o
 .bss.is_sleeptimer_initialized
                0x0000000020001562        0x1 ./simplicity_sdk_2025.6.2/platform/service/sleeptimer/src/sl_sleeptimer.o
 .bss.__lock___malloc_recursive_mutex
                0x0000000020001563        0x1 /home/developer/SimplicityStudio_v5/developer/toolchains/gnu_arm/12.2.rel1_2023.7/bin/../lib/gcc/arm-none-eabi/12.2.1/../../../../arm-none-eabi/lib/thumb/v8-m.main+fp/hard/libc_nano.a(libc_a-lock.o)
                0x0000000020001563                __lock___malloc_recursive_mutex
 .bss.__lock___sfp_recursive_mutex
                0x0000000020001564        0x1 /home/developer/SimplicityStudio_v5/developer/toolchains/gnu_arm/12.2.rel1_2023.7/bin/../lib/gcc/arm-none-eabi/12.2.1/../../../../arm-none-eabi/lib/thumb/v8-m.main+fp/hard/libc_nano.a(libc_a-lock.o)
                0x0000000020001564                __lock___sfp_recursive_mutex
 *(COMMON)
                0x0000000020001568                . = ALIGN (0x4)
 *fill*         0x0000000020001565        0x3 
                0x0000000020001568                __bss_end__ = .

.noinit
 *(.noinit*)

text_application_ram
                0x0000000020001568        0x0 load address 0x0000000008000170
                0x0000000020001568                . = ALIGN (0x4)
                0x0000000020001568                __vma_ramfuncs_start__ = .
                0x0000000020001568                __text_application_ram_start__ = .
 *(text_application_ram)
                0x0000000020001568                . = ALIGN (0x4)
                0x0000000020001568                __vma_ramfuncs_end__ = .
                0x0000000020001568                __text_application_ram_end__ = .
                0x0000000008000170                __lma_ramfuncs_start__ = LOADADDR (text_application_ram)
                0x0000000008000170                __lma_ramfuncs_end__ = (LOADADDR (text_application_ram) + SIZEOF (text_application_ram))

.rodata         0x0000000008000170        0x0
                0x0000000008000170                __rodata_end__ = .

.text           0x0000000008000170     0x60ec
                0x0000000008000170                linker_code_begin = .
 *(SORT_BY_ALIGNMENT(.text*))
 .text          0x0000000008000170        0x8 ./simplicity_sdk_2025.6.2/platform/service/udelay/src/sl_udelay_armv6m_gcc.o
                0x0000000008000170                sli_delay_loop
 .text.deregister_tm_clones
                0x0000000008000178       0x1c /home/developer/SimplicityStudio_v5/developer/toolchains/gnu_arm/12.2.rel1_2023.7/bin/../lib/gcc/arm-none-eabi/12.2.1/thumb/v8-m.main+fp/hard/crtbegin.o
 .text.register_tm_clones
                0x0000000008000194       0x28 /home/developer/SimplicityStudio_v5/developer/toolchains/gnu_arm/12.2.rel1_2023.7/bin/../lib/gcc/arm-none-eabi/12.2.1/thumb/v8-m.main+fp/hard/crtbegin.o
 .text.__do_global_dtors_aux
                0x00000000080001bc       0x28 /home/developer/SimplicityStudio_v5/developer/toolchains/gnu_arm/12.2.rel1_2023.7/bin/../lib/gcc/arm-none-eabi/12.2.1/thumb/v8-m.main+fp/hard/crtbegin.o
 .text.frame_dummy
                0x00000000080001e4       0x24 /home/developer/SimplicityStudio_v5/developer/toolchains/gnu_arm/12.2.rel1_2023.7/bin/../lib/gcc/arm-none-eabi/12.2.1/thumb/v8-m.main+fp/hard/crtbegin.o
 .text          0x0000000008000208       0x7c /home/developer/SimplicityStudio_v5/developer/toolchains/gnu_arm/12.2.rel1_2023.7/bin/../lib/gcc/arm-none-eabi/12.2.1/../../../../arm-none-eabi/lib/thumb/v8-m.main+fp/hard/crt0.o
                0x0000000008000208                _stack_init
                0x0000000008000210                _mainCRTStartup
                0x0000000008000210                _start
 .text.app_process_action
                0x0000000008000284        0xc ./app.o
                0x0000000008000284                app_process_action
 .text.sl_iostream_set_console_instance
                0x0000000008000290       0x24 ./autogen/sl_iostream_handles.o
                0x0000000008000290                sl_iostream_set_console_instance
 .text.sl_iostream_usart_init_exp
                0x00000000080002b4       0xc0 ./autogen/sl_iostream_init_usart_instances.o
                0x00000000080002b4                sl_iostream_usart_init_exp
 .text.sl_iostream_usart_init_instances
                0x0000000008000374       0x1c ./autogen/sl_iostream_init_usart_instances.o
                0x0000000008000374                sl_iostream_usart_init_instances
 .text.USART0_RX_IRQHandler
                0x0000000008000390        0xc ./autogen/sl_iostream_init_usart_instances.o
                0x0000000008000390                USART0_RX_IRQHandler
 .text.app_log_init
                0x000000000800039c       0x38 ./simplicity_sdk_2025.6.2/app/common/util/app_log/app_log.o
                0x000000000800039c                app_log_init
 .text.sl_board_init
                0x00000000080003d4       0x18 ./simplicity_sdk_2025.6.2/hardware/board/src/sl_board_init.o
                0x00000000080003d4                sl_board_init
 .text.sl_board_preinit
                0x00000000080003ec        0xc ./simplicity_sdk_2025.6.2/hardware/board/src/sl_board_init.o
                0x00000000080003ec                sl_board_preinit
 .text.sl_mx25_flash_shutdown
                0x00000000080003f8      0x170 ./simplicity_sdk_2025.6.2/hardware/driver/mx25_flash_shutdown/src/sl_mx25_flash_shutdown_eusart/sl_mx25_flash_shutdown.o
                0x00000000080003f8                sl_mx25_flash_shutdown
 .text.CopyToRam
                0x0000000008000568       0x1c ./simplicity_sdk_2025.6.2/platform/Device/SiliconLabs/EFR32MG24/Source/startup_efr32mg24.o
                0x0000000008000568                CopyToRam
 .text.Reset_Handler
                0x0000000008000584       0x6c ./simplicity_sdk_2025.6.2/platform/Device/SiliconLabs/EFR32MG24/Source/startup_efr32mg24.o
                0x0000000008000584                Reset_Handler
 .text.SystemInit
                0x00000000080005f0       0x64 ./simplicity_sdk_2025.6.2/platform/Device/SiliconLabs/EFR32MG24/Source/system_efr32mg24.o
                0x00000000080005f0                SystemInit
 .text.SystemHFRCODPLLClockSet
                0x0000000008000654        0xc ./simplicity_sdk_2025.6.2/platform/Device/SiliconLabs/EFR32MG24/Source/system_efr32mg24.o
                0x0000000008000654                SystemHFRCODPLLClockSet
 .text.SystemHFXOClockSet
                0x0000000008000660       0x20 ./simplicity_sdk_2025.6.2/platform/Device/SiliconLabs/EFR32MG24/Source/system_efr32mg24.o
                0x0000000008000660                SystemHFXOClockSet
 .text.sl_slist_push_back
                0x0000000008000680       0x24 ./simplicity_sdk_2025.6.2/platform/common/src/sl_slist.o
                0x0000000008000680                sl_slist_push_back
 .text.sl_slist_pop
                0x00000000080006a4       0x20 ./simplicity_sdk_2025.6.2/platform/common/src/sl_slist.o
                0x00000000080006a4                sl_slist_pop
 .text.sl_debug_swo_init
                0x00000000080006c4       0xcc ./simplicity_sdk_2025.6.2/platform/driver/debug/src/sl_debug_swo.o
                0x00000000080006c4                sl_debug_swo_init
 .text.sl_gpio_dispatch_interrupt
                0x0000000008000790       0x5c ./simplicity_sdk_2025.6.2/platform/driver/gpio/src/sl_gpio.o
 .text.sl_gpio_init
                0x00000000080007ec       0x38 ./simplicity_sdk_2025.6.2/platform/driver/gpio/src/sl_gpio.o
                0x00000000080007ec                sl_gpio_init
 .text.sl_gpio_set_pin_mode
                0x0000000008000824       0x84 ./simplicity_sdk_2025.6.2/platform/driver/gpio/src/sl_gpio.o
                0x0000000008000824                sl_gpio_set_pin_mode
 .text.sl_gpio_set_pin
                0x00000000080008a8       0x5c ./simplicity_sdk_2025.6.2/platform/driver/gpio/src/sl_gpio.o
                0x00000000080008a8                sl_gpio_set_pin
 .text.sl_gpio_clear_pin
                0x0000000008000904       0x5c ./simplicity_sdk_2025.6.2/platform/driver/gpio/src/sl_gpio.o
                0x0000000008000904                sl_gpio_clear_pin
 .text.GPIO_EVEN_IRQHandler
                0x0000000008000960       0x20 ./simplicity_sdk_2025.6.2/platform/driver/gpio/src/sl_gpio.o
                0x0000000008000960                GPIO_EVEN_IRQHandler
 .text.GPIO_ODD_IRQHandler
                0x0000000008000980       0x20 ./simplicity_sdk_2025.6.2/platform/driver/gpio/src/sl_gpio.o
                0x0000000008000980                GPIO_ODD_IRQHandler
 .text.StartTransfer
                0x00000000080009a0      0x17c ./simplicity_sdk_2025.6.2/platform/emdrv/dmadrv/src/dmadrv.o
 .text.DMADRV_AllocateChannel
                0x0000000008000b1c       0x60 ./simplicity_sdk_2025.6.2/platform/emdrv/dmadrv/src/dmadrv.o
                0x0000000008000b1c                DMADRV_AllocateChannel
 .text.DMADRV_DeInit
                0x0000000008000b7c       0x44 ./simplicity_sdk_2025.6.2/platform/emdrv/dmadrv/src/dmadrv.o
                0x0000000008000b7c                DMADRV_DeInit
 .text.DMADRV_FreeChannel
                0x0000000008000bc0       0x4c ./simplicity_sdk_2025.6.2/platform/emdrv/dmadrv/src/dmadrv.o
                0x0000000008000bc0                DMADRV_FreeChannel
 .text.DMADRV_Init
                0x0000000008000c0c       0x68 ./simplicity_sdk_2025.6.2/platform/emdrv/dmadrv/src/dmadrv.o
                0x0000000008000c0c                DMADRV_Init
 .text.DMADRV_LdmaStartTransfer
                0x0000000008000c74       0x4c ./simplicity_sdk_2025.6.2/platform/emdrv/dmadrv/src/dmadrv.o
                0x0000000008000c74                DMADRV_LdmaStartTransfer
 .text.DMADRV_PauseTransfer
                0x0000000008000cc0       0x40 ./simplicity_sdk_2025.6.2/platform/emdrv/dmadrv/src/dmadrv.o
                0x0000000008000cc0                DMADRV_PauseTransfer
 .text.DMADRV_ResumeTransfer
                0x0000000008000d00       0x40 ./simplicity_sdk_2025.6.2/platform/emdrv/dmadrv/src/dmadrv.o
                0x0000000008000d00                DMADRV_ResumeTransfer
 .text.LDMA_IRQHandler
                0x0000000008000d40       0x74 ./simplicity_sdk_2025.6.2/platform/emdrv/dmadrv/src/dmadrv.o
                0x0000000008000d40                LDMA_IRQHandler
 .text.EMU_VScaleGet
                0x0000000008000db4       0x18 ./simplicity_sdk_2025.6.2/platform/emlib/src/em_cmu.o
 .text.dpllRefClkGet
                0x0000000008000dcc       0x48 ./simplicity_sdk_2025.6.2/platform/emlib/src/em_cmu.o
 .text.em23GrpaClkGet
                0x0000000008000e14       0x48 ./simplicity_sdk_2025.6.2/platform/emlib/src/em_cmu.o
 .text.em4GrpaClkGet
                0x0000000008000e5c       0x48 ./simplicity_sdk_2025.6.2/platform/emlib/src/em_cmu.o
 .text.sysrtcClkGet
                0x0000000008000ea4       0x48 ./simplicity_sdk_2025.6.2/platform/emlib/src/em_cmu.o
 .text.traceClkGet
                0x0000000008000eec       0x54 ./simplicity_sdk_2025.6.2/platform/emlib/src/em_cmu.o
 .text.em01GrpaClkGet
                0x0000000008000f40       0x74 ./simplicity_sdk_2025.6.2/platform/emlib/src/em_cmu.o
 .text.em01GrpcClkGet
                0x0000000008000fb4       0x70 ./simplicity_sdk_2025.6.2/platform/emlib/src/em_cmu.o
 .text.eusart0ClkGet
                0x0000000008001024       0x74 ./simplicity_sdk_2025.6.2/platform/emlib/src/em_cmu.o
 .text.iadcClkGet
                0x0000000008001098       0x60 ./simplicity_sdk_2025.6.2/platform/emlib/src/em_cmu.o
 .text.wdog0ClkGet
                0x00000000080010f8       0x64 ./simplicity_sdk_2025.6.2/platform/emlib/src/em_cmu.o
 .text.wdog1ClkGet
                0x000000000800115c       0x64 ./simplicity_sdk_2025.6.2/platform/emlib/src/em_cmu.o
 .text.vdac0ClkGet
                0x00000000080011c0       0x70 ./simplicity_sdk_2025.6.2/platform/emlib/src/em_cmu.o
 .text.vdac1ClkGet
                0x0000000008001230       0x70 ./simplicity_sdk_2025.6.2/platform/emlib/src/em_cmu.o
 .text.pcnt0ClkGet
                0x00000000080012a0       0x4c ./simplicity_sdk_2025.6.2/platform/emlib/src/em_cmu.o
 .text.HFRCODPLLDevinfoGet
                0x00000000080012ec      0x108 ./simplicity_sdk_2025.6.2/platform/emlib/src/em_cmu.o
 .text.CMU_ClockDivGet
                0x00000000080013f4       0x78 ./simplicity_sdk_2025.6.2/platform/emlib/src/em_cmu.o
                0x00000000080013f4                CMU_ClockDivGet
 .text.flashWaitStateControl
                0x000000000800146c       0x58 ./simplicity_sdk_2025.6.2/platform/emlib/src/em_cmu.o
 .text.CMU_ClockEnable
                0x00000000080014c4       0x50 ./simplicity_sdk_2025.6.2/platform/emlib/src/em_cmu.o
                0x00000000080014c4                CMU_ClockEnable
 .text.CMU_ClockFreqGet
                0x0000000008001514      0x210 ./simplicity_sdk_2025.6.2/platform/emlib/src/em_cmu.o
                0x0000000008001514                CMU_ClockFreqGet
 .text.rhclkPrescOptimize
                0x0000000008001724       0x20 ./simplicity_sdk_2025.6.2/platform/emlib/src/em_cmu.o
 .text.CMU_ClockSelectGet
                0x0000000008001744      0x208 ./simplicity_sdk_2025.6.2/platform/emlib/src/em_cmu.o
                0x0000000008001744                CMU_ClockSelectGet
 .text.sli_em_cmu_SYSTICEXTCLKENClear
                0x000000000800194c       0x30 ./simplicity_sdk_2025.6.2/platform/emlib/src/em_cmu.o
                0x000000000800194c                sli_em_cmu_SYSTICEXTCLKENClear
 .text.CMU_HFXOInit
                0x000000000800197c      0x224 ./simplicity_sdk_2025.6.2/platform/emlib/src/em_cmu.o
                0x000000000800197c                CMU_HFXOInit
 .text.CMU_HFXOCTuneDeltaGet
                0x0000000008001ba0        0xc ./simplicity_sdk_2025.6.2/platform/emlib/src/em_cmu.o
                0x0000000008001ba0                CMU_HFXOCTuneDeltaGet
 .text.CMU_LFXOInit
                0x0000000008001bac       0xc4 ./simplicity_sdk_2025.6.2/platform/emlib/src/em_cmu.o
                0x0000000008001bac                CMU_LFXOInit
 .text.CMU_LFXOPrecisionSet
                0x0000000008001c70        0xc ./simplicity_sdk_2025.6.2/platform/emlib/src/em_cmu.o
                0x0000000008001c70                CMU_LFXOPrecisionSet
 .text.CMU_HFXOPrecisionSet
                0x0000000008001c7c        0xc ./simplicity_sdk_2025.6.2/platform/emlib/src/em_cmu.o
                0x0000000008001c7c                CMU_HFXOPrecisionSet
 .text.CMU_LFRCOSetPrecision
                0x0000000008001c88       0x80 ./simplicity_sdk_2025.6.2/platform/emlib/src/em_cmu.o
                0x0000000008001c88                CMU_LFRCOSetPrecision
 .text.CMU_ClockDivSet
                0x0000000008001d08      0x12c ./simplicity_sdk_2025.6.2/platform/emlib/src/em_cmu.o
                0x0000000008001d08                CMU_ClockDivSet
 .text.sli_em_cmu_SYSCLKInitPreClockSelect
                0x0000000008001e34       0x30 ./simplicity_sdk_2025.6.2/platform/emlib/src/em_cmu.o
                0x0000000008001e34                sli_em_cmu_SYSCLKInitPreClockSelect
 .text.pclkDivOptimize
                0x0000000008001e64       0x24 ./simplicity_sdk_2025.6.2/platform/emlib/src/em_cmu.o
 .text.sli_em_cmu_SYSCLKInitPostClockSelect
                0x0000000008001e88       0x40 ./simplicity_sdk_2025.6.2/platform/emlib/src/em_cmu.o
                0x0000000008001e88                sli_em_cmu_SYSCLKInitPostClockSelect
 .text.CMU_HFRCODPLLBandSet
                0x0000000008001ec8      0x11c ./simplicity_sdk_2025.6.2/platform/emlib/src/em_cmu.o
                0x0000000008001ec8                CMU_HFRCODPLLBandSet
 .text.CMU_HFRCOEM23BandSet
                0x0000000008001fe4      0x168 ./simplicity_sdk_2025.6.2/platform/emlib/src/em_cmu.o
                0x0000000008001fe4                CMU_HFRCOEM23BandSet
 .text.EMU_DCDCSync
                0x000000000800214c       0x10 ./simplicity_sdk_2025.6.2/platform/emlib/src/em_emu.o
 .text.EMU_EM4Init
                0x000000000800215c       0x14 ./simplicity_sdk_2025.6.2/platform/emlib/src/em_emu.o
                0x000000000800215c                EMU_EM4Init
 .text.EMU_VScaleEM01
                0x0000000008002170       0xa8 ./simplicity_sdk_2025.6.2/platform/emlib/src/em_emu.o
                0x0000000008002170                EMU_VScaleEM01
 .text.EMU_VScaleEM01ByClock
                0x0000000008002218       0x30 ./simplicity_sdk_2025.6.2/platform/emlib/src/em_emu.o
                0x0000000008002218                EMU_VScaleEM01ByClock
 .text.EMU_DCDCModeSet
                0x0000000008002248       0xac ./simplicity_sdk_2025.6.2/platform/emlib/src/em_emu.o
                0x0000000008002248                EMU_DCDCModeSet
 .text.EMU_DCDCInit
                0x00000000080022f4       0x70 ./simplicity_sdk_2025.6.2/platform/emlib/src/em_emu.o
                0x00000000080022f4                EMU_DCDCInit
 .text.EMU_DCDCSetPFMXModePeakCurrent
                0x0000000008002364       0x6c ./simplicity_sdk_2025.6.2/platform/emlib/src/em_emu.o
                0x0000000008002364                EMU_DCDCSetPFMXModePeakCurrent
 .text.EUSART_Reset
                0x00000000080023d0       0x54 ./simplicity_sdk_2025.6.2/platform/emlib/src/em_eusart.o
                0x00000000080023d0                EUSART_Reset
 .text.EUSART_Enable
                0x0000000008002424       0x6c ./simplicity_sdk_2025.6.2/platform/emlib/src/em_eusart.o
                0x0000000008002424                EUSART_Enable
 .text.EUSART_BaudrateSet
                0x0000000008002490      0x1cc ./simplicity_sdk_2025.6.2/platform/emlib/src/em_eusart.o
                0x0000000008002490                EUSART_BaudrateSet
 .text.EUSART_SpiInit
                0x000000000800265c      0x1fc ./simplicity_sdk_2025.6.2/platform/emlib/src/em_eusart.o
                0x000000000800265c                EUSART_SpiInit
 .text.GPIO_PinOutSet
                0x0000000008002858       0x3c ./simplicity_sdk_2025.6.2/platform/emlib/src/em_gpio.o
 .text.GPIO_PinOutClear
                0x0000000008002894       0x3c ./simplicity_sdk_2025.6.2/platform/emlib/src/em_gpio.o
 .text.GPIO_PinModeSet
                0x00000000080028d0       0x94 ./simplicity_sdk_2025.6.2/platform/emlib/src/em_gpio.o
                0x00000000080028d0                GPIO_PinModeSet
 .text.LDMA_DeInit
                0x0000000008002964       0x2c ./simplicity_sdk_2025.6.2/platform/emlib/src/em_ldma.o
                0x0000000008002964                LDMA_DeInit
 .text.LDMA_EnableChannelRequest
                0x0000000008002990       0x40 ./simplicity_sdk_2025.6.2/platform/emlib/src/em_ldma.o
                0x0000000008002990                LDMA_EnableChannelRequest
 .text.LDMA_Init
                0x00000000080029d0       0x90 ./simplicity_sdk_2025.6.2/platform/emlib/src/em_ldma.o
                0x00000000080029d0                LDMA_Init
 .text.LDMA_StartTransfer
                0x0000000008002a60       0xf8 ./simplicity_sdk_2025.6.2/platform/emlib/src/em_ldma.o
                0x0000000008002a60                LDMA_StartTransfer
 .text.LDMA_StopTransfer
                0x0000000008002b58       0x38 ./simplicity_sdk_2025.6.2/platform/emlib/src/em_ldma.o
                0x0000000008002b58                LDMA_StopTransfer
 .text.LDMA_TransferDone
                0x0000000008002b90       0x44 ./simplicity_sdk_2025.6.2/platform/emlib/src/em_ldma.o
                0x0000000008002b90                LDMA_TransferDone
 .text.LDMA_TransferRemainingCount
                0x0000000008002bd4       0x44 ./simplicity_sdk_2025.6.2/platform/emlib/src/em_ldma.o
                0x0000000008002bd4                LDMA_TransferRemainingCount
 .text.USART_BaudrateAsyncSet
                0x0000000008002c18       0xe0 ./simplicity_sdk_2025.6.2/platform/emlib/src/em_usart.o
                0x0000000008002c18                USART_BaudrateAsyncSet
 .text.USART_Enable
                0x0000000008002cf8       0x3c ./simplicity_sdk_2025.6.2/platform/emlib/src/em_usart.o
                0x0000000008002cf8                USART_Enable
 .text.USART_Reset
                0x0000000008002d34       0x58 ./simplicity_sdk_2025.6.2/platform/emlib/src/em_usart.o
                0x0000000008002d34                USART_Reset
 .text.USART_InitAsync
                0x0000000008002d8c       0xd0 ./simplicity_sdk_2025.6.2/platform/emlib/src/em_usart.o
                0x0000000008002d8c                USART_InitAsync
 .text.sl_hal_gpio_clear_pin
                0x0000000008002e5c       0x58 ./simplicity_sdk_2025.6.2/platform/peripheral/src/sl_hal_gpio.o
                0x0000000008002e5c                sl_hal_gpio_clear_pin
 .text.sl_hal_gpio_get_enabled_pending_interrupts
                0x0000000008002eb4       0x14 ./simplicity_sdk_2025.6.2/platform/peripheral/src/sl_hal_gpio.o
                0x0000000008002eb4                sl_hal_gpio_get_enabled_pending_interrupts
 .text.sl_hal_gpio_set_pin_mode
                0x0000000008002ec8       0xd0 ./simplicity_sdk_2025.6.2/platform/peripheral/src/sl_hal_gpio.o
                0x0000000008002ec8                sl_hal_gpio_set_pin_mode
 .text.sl_hal_sysrtc_wait_ready
                0x0000000008002f98       0x1c ./simplicity_sdk_2025.6.2/platform/peripheral/src/sl_hal_sysrtc.o
                0x0000000008002f98                sl_hal_sysrtc_wait_ready
 .text.sl_hal_sysrtc_stop
                0x0000000008002fb4       0x28 ./simplicity_sdk_2025.6.2/platform/peripheral/src/sl_hal_sysrtc.o
                0x0000000008002fb4                sl_hal_sysrtc_stop
 .text.sl_hal_sysrtc_enable
                0x0000000008002fdc       0x18 ./simplicity_sdk_2025.6.2/platform/peripheral/src/sl_hal_sysrtc.o
                0x0000000008002fdc                sl_hal_sysrtc_enable
 .text.sl_hal_sysrtc_disable
                0x0000000008002ff4       0x1c ./simplicity_sdk_2025.6.2/platform/peripheral/src/sl_hal_sysrtc.o
                0x0000000008002ff4                sl_hal_sysrtc_disable
 .text.sl_hal_sysrtc_init
                0x0000000008003010       0x24 ./simplicity_sdk_2025.6.2/platform/peripheral/src/sl_hal_sysrtc.o
                0x0000000008003010                sl_hal_sysrtc_init
 .text.sl_hal_sysrtc_init_group
                0x0000000008003034       0x44 ./simplicity_sdk_2025.6.2/platform/peripheral/src/sl_hal_sysrtc.o
                0x0000000008003034                sl_hal_sysrtc_init_group
 .text.sli_clock_manager_hal_init
                0x0000000008003078      0x268 ./simplicity_sdk_2025.6.2/platform/service/clock_manager/src/sl_clock_manager_init_hal_s2.o
                0x0000000008003078                sli_clock_manager_hal_init
 .text.sl_device_init_dcdc
                0x00000000080032e0       0x2c ./simplicity_sdk_2025.6.2/platform/service/device_init/src/sl_device_init_dcdc_s2.o
                0x00000000080032e0                sl_device_init_dcdc
 .text.sl_device_init_emu
                0x000000000800330c       0x24 ./simplicity_sdk_2025.6.2/platform/service/device_init/src/sl_device_init_emu_s2.o
                0x000000000800330c                sl_device_init_emu
 .text.sl_interrupt_manager_disable_irq
                0x0000000008003330       0x3c ./simplicity_sdk_2025.6.2/platform/service/interrupt_manager/src/sl_interrupt_manager_cortexm.o
                0x0000000008003330                sl_interrupt_manager_disable_irq
 .text.sl_interrupt_manager_enable_irq
                0x000000000800336c       0x34 ./simplicity_sdk_2025.6.2/platform/service/interrupt_manager/src/sl_interrupt_manager_cortexm.o
                0x000000000800336c                sl_interrupt_manager_enable_irq
 .text.sl_interrupt_manager_is_irq_disabled
                0x00000000080033a0       0x30 ./simplicity_sdk_2025.6.2/platform/service/interrupt_manager/src/sl_interrupt_manager_cortexm.o
                0x00000000080033a0                sl_interrupt_manager_is_irq_disabled
 .text.sl_interrupt_manager_clear_irq_pending
                0x00000000080033d0       0x1c ./simplicity_sdk_2025.6.2/platform/service/interrupt_manager/src/sl_interrupt_manager_cortexm.o
                0x00000000080033d0                sl_interrupt_manager_clear_irq_pending
 .text.sl_interrupt_manager_set_irq_priority
                0x00000000080033ec       0x54 ./simplicity_sdk_2025.6.2/platform/service/interrupt_manager/src/sl_interrupt_manager_cortexm.o
                0x00000000080033ec                sl_interrupt_manager_set_irq_priority
 .text.sl_interrupt_manager_init
                0x0000000008003440       0x34 ./simplicity_sdk_2025.6.2/platform/service/interrupt_manager/src/sl_interrupt_manager_cortexm.o
                0x0000000008003440                sl_interrupt_manager_init
 .text.sl_iostream_set_default
                0x0000000008003474       0x18 ./simplicity_sdk_2025.6.2/platform/service/iostream/src/sl_iostream.o
                0x0000000008003474                sl_iostream_set_default
 .text.sl_iostream_get_default
                0x000000000800348c       0x18 ./simplicity_sdk_2025.6.2/platform/service/iostream/src/sl_iostream.o
                0x000000000800348c                sl_iostream_get_default
 .text._write   0x00000000080034a4       0x20 ./simplicity_sdk_2025.6.2/platform/service/iostream/src/sl_iostream_retarget_stdio.o
                0x00000000080034a4                _write
 .text.sl_iostream_stdlib_disable_buffering
                0x00000000080034c4       0x14 ./simplicity_sdk_2025.6.2/platform/service/iostream/src/sl_iostream_stdlib_config.o
                0x00000000080034c4                sl_iostream_stdlib_disable_buffering
 .text.__rx_buffer_empty
                0x00000000080034d8       0x34 ./simplicity_sdk_2025.6.2/platform/service/iostream/src/sl_iostream_uart.o
 .text.__rx_buffer_full
                0x000000000800350c       0x4c ./simplicity_sdk_2025.6.2/platform/service/iostream/src/sl_iostream_uart.o
 .text.__get_write_ptr
                0x0000000008003558       0x60 ./simplicity_sdk_2025.6.2/platform/service/iostream/src/sl_iostream_uart.o
 .text.__uart_async_start_write
                0x00000000080035b8       0x74 ./simplicity_sdk_2025.6.2/platform/service/iostream/src/sl_iostream_uart.o
 .text.set_new_data_detect
                0x000000000800362c      0x174 ./simplicity_sdk_2025.6.2/platform/service/iostream/src/sl_iostream_uart.o
 .text.__uart_async_tx_dma_callback
                0x00000000080037a0       0x40 ./simplicity_sdk_2025.6.2/platform/service/iostream/src/sl_iostream_uart.o
 .text.rx_buffer_empty
                0x00000000080037e0       0x38 ./simplicity_sdk_2025.6.2/platform/service/iostream/src/sl_iostream_uart.o
 .text.uart_read
                0x0000000008003818      0x2cc ./simplicity_sdk_2025.6.2/platform/service/iostream/src/sl_iostream_uart.o
 .text.uart_write
                0x0000000008003ae4      0x124 ./simplicity_sdk_2025.6.2/platform/service/iostream/src/sl_iostream_uart.o
 .text.sli_iostream_uart_context_init
                0x0000000008003c08      0x150 ./simplicity_sdk_2025.6.2/platform/service/iostream/src/sl_iostream_uart.o
                0x0000000008003c08                sli_iostream_uart_context_init
 .text.uart_deinit
                0x0000000008003d58       0x9c ./simplicity_sdk_2025.6.2/platform/service/iostream/src/sl_iostream_uart.o
 .text.sl_iostream_usart_init
                0x0000000008003df4      0x174 ./simplicity_sdk_2025.6.2/platform/service/iostream/src/sl_iostream_usart.o
                0x0000000008003df4                sl_iostream_usart_init
 .text.sl_iostream_usart_irq_handler
                0x0000000008003f68        0xc ./simplicity_sdk_2025.6.2/platform/service/iostream/src/sl_iostream_usart.o
                0x0000000008003f68                sl_iostream_usart_irq_handler
 .text._sbrk    0x0000000008003f74       0x20 ./simplicity_sdk_2025.6.2/platform/service/memory_manager/src/sl_memory_manager_region.o
                0x0000000008003f74                _sbrk
 .text.sl_sleeptimer_init
                0x0000000008003f94       0x74 ./simplicity_sdk_2025.6.2/platform/service/sleeptimer/src/sl_sleeptimer.o
                0x0000000008003f94                sl_sleeptimer_init
 .text.sleeptimer_hal_init_timer
                0x0000000008004008       0x6c ./simplicity_sdk_2025.6.2/platform/service/sleeptimer/src/sl_sleeptimer_hal_sysrtc.o
                0x0000000008004008                sleeptimer_hal_init_timer
 .text.sl_udelay_wait
                0x0000000008004074       0x58 ./simplicity_sdk_2025.6.2/platform/service/udelay/src/sl_udelay.o
                0x0000000008004074                sl_udelay_wait
 .text          0x00000000080040cc       0x30 /home/developer/SimplicityStudio_v5/developer/toolchains/gnu_arm/12.2.rel1_2023.7/bin/../lib/gcc/arm-none-eabi/12.2.1/thumb/v8-m.main+fp/hard/libgcc.a(_aeabi_uldivmod.o)
                0x00000000080040cc                __aeabi_uldivmod
 .text.__udivmoddi4
                0x00000000080040fc      0x2ec /home/developer/SimplicityStudio_v5/developer/toolchains/gnu_arm/12.2.rel1_2023.7/bin/../lib/gcc/arm-none-eabi/12.2.1/thumb/v8-m.main+fp/hard/libgcc.a(_udivmoddi4.o)
                0x00000000080040fc                __udivmoddi4
 .text          0x00000000080043e8        0x4 /home/developer/SimplicityStudio_v5/developer/toolchains/gnu_arm/12.2.rel1_2023.7/bin/../lib/gcc/arm-none-eabi/12.2.1/thumb/v8-m.main+fp/hard/libgcc.a(_dvmd_tls.o)
                0x00000000080043e8                __aeabi_ldiv0
                0x00000000080043e8                __aeabi_idiv0
 .text.exit     0x00000000080043ec       0x24 /home/developer/SimplicityStudio_v5/developer/toolchains/gnu_arm/12.2.rel1_2023.7/bin/../lib/gcc/arm-none-eabi/12.2.1/../../../../arm-none-eabi/lib/thumb/v8-m.main+fp/hard/libc_nano.a(libc_a-exit.o)
                0x00000000080043ec                exit
 .text.__libc_init_array
                0x0000000008004410       0x48 /home/developer/SimplicityStudio_v5/developer/toolchains/gnu_arm/12.2.rel1_2023.7/bin/../lib/gcc/arm-none-eabi/12.2.1/../../../../arm-none-eabi/lib/thumb/v8-m.main+fp/hard/libc_nano.a(libc_a-init.o)
                0x0000000008004410                __libc_init_array
 .text.std      0x0000000008004458       0x6c /home/developer/SimplicityStudio_v5/developer/toolchains/gnu_arm/12.2.rel1_2023.7/bin/../lib/gcc/arm-none-eabi/12.2.1/../../../../arm-none-eabi/lib/thumb/v8-m.main+fp/hard/libc_nano.a(libc_a-findfp.o)
 .text.stdio_exit_handler
                0x00000000080044c4       0x18 /home/developer/SimplicityStudio_v5/developer/toolchains/gnu_arm/12.2.rel1_2023.7/bin/../lib/gcc/arm-none-eabi/12.2.1/../../../../arm-none-eabi/lib/thumb/v8-m.main+fp/hard/libc_nano.a(libc_a-findfp.o)
 .text.cleanup_stdio
                0x00000000080044dc       0x40 /home/developer/SimplicityStudio_v5/developer/toolchains/gnu_arm/12.2.rel1_2023.7/bin/../lib/gcc/arm-none-eabi/12.2.1/../../../../arm-none-eabi/lib/thumb/v8-m.main+fp/hard/libc_nano.a(libc_a-findfp.o)
 .text.global_stdio_init.part.0
                0x000000000800451c       0x3c /home/developer/SimplicityStudio_v5/developer/toolchains/gnu_arm/12.2.rel1_2023.7/bin/../lib/gcc/arm-none-eabi/12.2.1/../../../../arm-none-eabi/lib/thumb/v8-m.main+fp/hard/libc_nano.a(libc_a-findfp.o)
 .text.__sfp_lock_acquire
                0x0000000008004558        0xc /home/developer/SimplicityStudio_v5/developer/toolchains/gnu_arm/12.2.rel1_2023.7/bin/../lib/gcc/arm-none-eabi/12.2.1/../../../../arm-none-eabi/lib/thumb/v8-m.main+fp/hard/libc_nano.a(libc_a-findfp.o)
                0x0000000008004558                __sfp_lock_acquire
 .text.__sfp_lock_release
                0x0000000008004564        0xc /home/developer/SimplicityStudio_v5/developer/toolchains/gnu_arm/12.2.rel1_2023.7/bin/../lib/gcc/arm-none-eabi/12.2.1/../../../../arm-none-eabi/lib/thumb/v8-m.main+fp/hard/libc_nano.a(libc_a-findfp.o)
                0x0000000008004564                __sfp_lock_release
 .text.__sinit  0x0000000008004570       0x30 /home/developer/SimplicityStudio_v5/developer/toolchains/gnu_arm/12.2.rel1_2023.7/bin/../lib/gcc/arm-none-eabi/12.2.1/../../../../arm-none-eabi/lib/thumb/v8-m.main+fp/hard/libc_nano.a(libc_a-findfp.o)
                0x0000000008004570                __sinit
 .text.setvbuf  0x00000000080045a0      0x168 /home/developer/SimplicityStudio_v5/developer/toolchains/gnu_arm/12.2.rel1_2023.7/bin/../lib/gcc/arm-none-eabi/12.2.1/../../../../arm-none-eabi/lib/thumb/v8-m.main+fp/hard/libc_nano.a(libc_a-setvbuf.o)
                0x00000000080045a0                setvbuf
 .text._write_r
                0x0000000008004708       0x24 /home/developer/SimplicityStudio_v5/developer/toolchains/gnu_arm/12.2.rel1_2023.7/bin/../lib/gcc/arm-none-eabi/12.2.1/../../../../arm-none-eabi/lib/thumb/v8-m.main+fp/hard/libc_nano.a(libc_a-writer.o)
                0x0000000008004708                _write_r
 .text._free_r  0x000000000800472c       0x94 /home/developer/SimplicityStudio_v5/developer/toolchains/gnu_arm/12.2.rel1_2023.7/bin/../lib/gcc/arm-none-eabi/12.2.1/../../../../arm-none-eabi/lib/thumb/v8-m.main+fp/hard/libc_nano.a(libc_a-freer.o)
                0x000000000800472c                _free_r
 .text._close_r
                0x00000000080047c0       0x20 /home/developer/SimplicityStudio_v5/developer/toolchains/gnu_arm/12.2.rel1_2023.7/bin/../lib/gcc/arm-none-eabi/12.2.1/../../../../arm-none-eabi/lib/thumb/v8-m.main+fp/hard/libc_nano.a(libc_a-closer.o)
                0x00000000080047c0                _close_r
 .text.malloc   0x00000000080047e0       0x10 /home/developer/SimplicityStudio_v5/developer/toolchains/gnu_arm/12.2.rel1_2023.7/bin/../lib/gcc/arm-none-eabi/12.2.1/../../../../arm-none-eabi/lib/thumb/v8-m.main+fp/hard/libc_nano.a(libc_a-malloc.o)
                0x00000000080047e0                malloc
 .text.sbrk_aligned
                0x00000000080047f0       0x44 /home/developer/SimplicityStudio_v5/developer/toolchains/gnu_arm/12.2.rel1_2023.7/bin/../lib/gcc/arm-none-eabi/12.2.1/../../../../arm-none-eabi/lib/thumb/v8-m.main+fp/hard/libc_nano.a(libc_a-mallocr.o)
 .text._malloc_r
                0x0000000008004834       0xf0 /home/developer/SimplicityStudio_v5/developer/toolchains/gnu_arm/12.2.rel1_2023.7/bin/../lib/gcc/arm-none-eabi/12.2.1/../../../../arm-none-eabi/lib/thumb/v8-m.main+fp/hard/libc_nano.a(libc_a-mallocr.o)
                0x0000000008004834                _malloc_r
 .text._fstat_r
                0x0000000008004924       0x24 /home/developer/SimplicityStudio_v5/developer/toolchains/gnu_arm/12.2.rel1_2023.7/bin/../lib/gcc/arm-none-eabi/12.2.1/../../../../arm-none-eabi/lib/thumb/v8-m.main+fp/hard/libc_nano.a(libc_a-fstatr.o)
                0x0000000008004924                _fstat_r
 .text._lseek_r
                0x0000000008004948       0x24 /home/developer/SimplicityStudio_v5/developer/toolchains/gnu_arm/12.2.rel1_2023.7/bin/../lib/gcc/arm-none-eabi/12.2.1/../../../../arm-none-eabi/lib/thumb/v8-m.main+fp/hard/libc_nano.a(libc_a-lseekr.o)
                0x0000000008004948                _lseek_r
 .text._read_r  0x000000000800496c       0x24 /home/developer/SimplicityStudio_v5/developer/toolchains/gnu_arm/12.2.rel1_2023.7/bin/../lib/gcc/arm-none-eabi/12.2.1/../../../../arm-none-eabi/lib/thumb/v8-m.main+fp/hard/libc_nano.a(libc_a-readr.o)
                0x000000000800496c                _read_r
 .text.__malloc_lock
                0x0000000008004990        0xc /home/developer/SimplicityStudio_v5/developer/toolchains/gnu_arm/12.2.rel1_2023.7/bin/../lib/gcc/arm-none-eabi/12.2.1/../../../../arm-none-eabi/lib/thumb/v8-m.main+fp/hard/libc_nano.a(libc_a-mlock.o)
                0x0000000008004990                __malloc_lock
 .text.__malloc_unlock
                0x000000000800499c        0xc /home/developer/SimplicityStudio_v5/developer/toolchains/gnu_arm/12.2.rel1_2023.7/bin/../lib/gcc/arm-none-eabi/12.2.1/../../../../arm-none-eabi/lib/thumb/v8-m.main+fp/hard/libc_nano.a(libc_a-mlock.o)
                0x000000000800499c                __malloc_unlock
 .text._sbrk_r  0x00000000080049a8       0x20 /home/developer/SimplicityStudio_v5/developer/toolchains/gnu_arm/12.2.rel1_2023.7/bin/../lib/gcc/arm-none-eabi/12.2.1/../../../../arm-none-eabi/lib/thumb/v8-m.main+fp/hard/libc_nano.a(libc_a-sbrkr.o)
                0x00000000080049a8                _sbrk_r
 .text.app_init
                0x00000000080049c8        0x2 ./app.o
                0x00000000080049c8                app_init
 .text.startup.main
                0x00000000080049ca       0x14 ./main.o
                0x00000000080049ca                main
 .text.sl_board_default_init
                0x00000000080049de        0x2 ./autogen/sl_board_default_init.o
                0x00000000080049de                sl_board_default_init
 .text.sli_driver_permanent_allocation
                0x00000000080049e0        0x2 ./autogen/sl_event_handler.o
                0x00000000080049e0                sli_driver_permanent_allocation
 .text.sli_service_permanent_allocation
                0x00000000080049e2        0x2 ./autogen/sl_event_handler.o
                0x00000000080049e2                sli_service_permanent_allocation
 .text.sli_stack_permanent_allocation
                0x00000000080049e4        0x2 ./autogen/sl_event_handler.o
                0x00000000080049e4                sli_stack_permanent_allocation
 .text.sli_internal_permanent_allocation
                0x00000000080049e6        0x2 ./autogen/sl_event_handler.o
                0x00000000080049e6                sli_internal_permanent_allocation
 .text.sl_platform_init
                0x00000000080049e8       0x12 ./autogen/sl_event_handler.o
                0x00000000080049e8                sl_platform_init
 .text.sli_internal_init_early
                0x00000000080049fa        0x2 ./autogen/sl_event_handler.o
                0x00000000080049fa                sli_internal_init_early
 .text.sl_driver_init
                0x00000000080049fc       0x12 ./autogen/sl_event_handler.o
                0x00000000080049fc                sl_driver_init
 .text.sl_service_init
                0x0000000008004a0e       0x16 ./autogen/sl_event_handler.o
                0x0000000008004a0e                sl_service_init
 .text.sl_stack_init
                0x0000000008004a24        0x2 ./autogen/sl_event_handler.o
                0x0000000008004a24                sl_stack_init
 .text.sl_internal_app_init
                0x0000000008004a26        0x4 ./autogen/sl_event_handler.o
                0x0000000008004a26                sl_internal_app_init
 .text.sli_platform_process_action
                0x0000000008004a2a        0x2 ./autogen/sl_event_handler.o
                0x0000000008004a2a                sli_platform_process_action
 .text.sli_service_process_action
                0x0000000008004a2c        0x2 ./autogen/sl_event_handler.o
                0x0000000008004a2c                sli_service_process_action
 .text.sli_stack_process_action
                0x0000000008004a2e        0x2 ./autogen/sl_event_handler.o
                0x0000000008004a2e                sli_stack_process_action
 .text.sli_internal_app_process_action
                0x0000000008004a30        0x2 ./autogen/sl_event_handler.o
                0x0000000008004a30                sli_internal_app_process_action
 .text.USART0_TX_IRQHandler
                0x0000000008004a32        0x4 ./autogen/sl_iostream_init_usart_instances.o
                0x0000000008004a32                USART0_TX_IRQHandler
 .text.sl_board_configure_vcom
                0x0000000008004a36        0x4 ./simplicity_sdk_2025.6.2/hardware/board/src/sl_board_control_gpio.o
                0x0000000008004a36                sl_board_configure_vcom
 .text.sl_cos_send_config
                0x0000000008004a3a       0x12 ./simplicity_sdk_2025.6.2/hardware/driver/configuration_over_swo/src/sl_cos.o
                0x0000000008004a3a                sl_cos_send_config
 .text.Default_Handler
                0x0000000008004a4c        0x2 ./simplicity_sdk_2025.6.2/platform/Device/SiliconLabs/EFR32MG24/Source/startup_efr32mg24.o
                0x0000000008004a4c                ULFRCO_IRQHandler
                0x0000000008004a4c                AHB2AHB1_IRQHandler
                0x0000000008004a4c                SW2_IRQHandler
                0x0000000008004a4c                TIMER2_IRQHandler
                0x0000000008004a4c                DebugMon_Handler
                0x0000000008004a4c                IADC_IRQHandler
                0x0000000008004a4c                EUSART0_TX_IRQHandler
                0x0000000008004a4c                I2C0_IRQHandler
                0x0000000008004a4c                LFXO_IRQHandler
                0x0000000008004a4c                HardFault_Handler
                0x0000000008004a4c                SMU_SECURE_IRQHandler
                0x0000000008004a4c                SysTick_Handler
                0x0000000008004a4c                SYSRTC_SEQ_IRQHandler
                0x0000000008004a4c                EMUEFP_IRQHandler
                0x0000000008004a4c                PendSV_Handler
                0x0000000008004a4c                NMI_Handler
                0x0000000008004a4c                SYNTH_IRQHandler
                0x0000000008004a4c                HOSTMAILBOX_IRQHandler
                0x0000000008004a4c                HFXO0_IRQHandler
                0x0000000008004a4c                I2C1_IRQHandler
                0x0000000008004a4c                WDOG0_IRQHandler
                0x0000000008004a4c                TIMER3_IRQHandler
                0x0000000008004a4c                SYSCFG_IRQHandler
                0x0000000008004a4c                RFECA1_IRQHandler
                0x0000000008004a4c                EMUDG_IRQHandler
                0x0000000008004a4c                MSC_IRQHandler
                0x0000000008004a4c                DPLL0_IRQHandler
                0x0000000008004a4c                UsageFault_Handler
                0x0000000008004a4c                WDOG1_IRQHandler
                0x0000000008004a4c                M33CTI1_IRQHandler
                0x0000000008004a4c                TIMER4_IRQHandler
                0x0000000008004a4c                VDAC0_IRQHandler
                0x0000000008004a4c                SEMBTX_IRQHandler
                0x0000000008004a4c                SW0_IRQHandler
                0x0000000008004a4c                TIMER0_IRQHandler
                0x0000000008004a4c                MVP_IRQHandler
                0x0000000008004a4c                LETIMER0_IRQHandler
                0x0000000008004a4c                EUSART1_RX_IRQHandler
                0x0000000008004a4c                TIMER1_IRQHandler
                0x0000000008004a4c                HFRCO0_IRQHandler
                0x0000000008004a4c                SecureFault_Handler
                0x0000000008004a4c                BUFC_IRQHandler
                0x0000000008004a4c                DCDC_IRQHandler
                0x0000000008004a4c                MODEM_IRQHandler
                0x0000000008004a4c                Default_Handler
                0x0000000008004a4c                RAC_SEQ_IRQHandler
                0x0000000008004a4c                FRC_PRI_IRQHandler
                0x0000000008004a4c                EMU_IRQHandler
                0x0000000008004a4c                SW3_IRQHandler
                0x0000000008004a4c                KERNEL0_IRQHandler
                0x0000000008004a4c                FRC_IRQHandler
                0x0000000008004a4c                PCNT0_IRQHandler
                0x0000000008004a4c                KERNEL1_IRQHandler
                0x0000000008004a4c                AGC_IRQHandler
                0x0000000008004a4c                EUSART1_TX_IRQHandler
                0x0000000008004a4c                KEYSCAN_IRQHandler
                0x0000000008004a4c                sl_app_properties
                0x0000000008004a4c                HFRCOEM23_IRQHandler
                0x0000000008004a4c                BURTC_IRQHandler
                0x0000000008004a4c                SEMBRX_IRQHandler
                0x0000000008004a4c                RFECA0_IRQHandler
                0x0000000008004a4c                LFRCO_IRQHandler
                0x0000000008004a4c                VDAC1_IRQHandler
                0x0000000008004a4c                ACMP0_IRQHandler
                0x0000000008004a4c                MemManage_Handler
                0x0000000008004a4c                AHB2AHB0_IRQHandler
                0x0000000008004a4c                SVC_Handler
                0x0000000008004a4c                SMU_S_PRIVILEGED_IRQHandler
                0x0000000008004a4c                SW1_IRQHandler
                0x0000000008004a4c                CMU_IRQHandler
                0x0000000008004a4c                EUSART0_RX_IRQHandler
                0x0000000008004a4c                RAC_RSM_IRQHandler
                0x0000000008004a4c                SETAMPERHOST_IRQHandler
                0x0000000008004a4c                AES_IRQHandler
                0x0000000008004a4c                M33CTI0_IRQHandler
                0x0000000008004a4c                ICACHE0_IRQHandler
                0x0000000008004a4c                SMU_NS_PRIVILEGED_IRQHandler
                0x0000000008004a4c                FPUEXH_IRQHandler
                0x0000000008004a4c                PROTIMER_IRQHandler
                0x0000000008004a4c                ACMP1_IRQHandler
                0x0000000008004a4c                BusFault_Handler
                0x0000000008004a4c                MPAHBRAM_IRQHandler
 .text.CopyMemory
                0x0000000008004a4e       0x1a ./simplicity_sdk_2025.6.2/platform/Device/SiliconLabs/EFR32MG24/Source/startup_efr32mg24.o
                0x0000000008004a4e                CopyMemory
 .text.assertEFM
                0x0000000008004a68        0x2 ./simplicity_sdk_2025.6.2/platform/common/src/sl_assert.o
                0x0000000008004a68                assertEFM
 .text.sl_slist_init
                0x0000000008004a6a        0x6 ./simplicity_sdk_2025.6.2/platform/common/src/sl_slist.o
                0x0000000008004a6a                sl_slist_init
 .text.sl_debug_swo_enable_itm
                0x0000000008004a70       0x16 ./simplicity_sdk_2025.6.2/platform/driver/debug/src/sl_debug_swo.o
                0x0000000008004a70                sl_debug_swo_enable_itm
 .text.sl_debug_swo_disable_itm
                0x0000000008004a86       0x18 ./simplicity_sdk_2025.6.2/platform/driver/debug/src/sl_debug_swo.o
                0x0000000008004a86                sl_debug_swo_disable_itm
 .text.DMADRV_PeripheralMemory
                0x0000000008004a9e       0x34 ./simplicity_sdk_2025.6.2/platform/emdrv/dmadrv/src/dmadrv.o
                0x0000000008004a9e                DMADRV_PeripheralMemory
 .text.BUS_RegMaskedWrite
                0x0000000008004ad2       0x1e ./simplicity_sdk_2025.6.2/platform/emlib/src/em_cmu.o
 .text.waitStateMax
                0x0000000008004af0       0x10 ./simplicity_sdk_2025.6.2/platform/emlib/src/em_cmu.o
 .text.CMU_UpdateWaitStates
                0x0000000008004b00        0xc ./simplicity_sdk_2025.6.2/platform/emlib/src/em_cmu.o
                0x0000000008004b00                CMU_UpdateWaitStates
 .text.pclkDivMax
                0x0000000008004b0c        0xa ./simplicity_sdk_2025.6.2/platform/emlib/src/em_cmu.o
 .text.EMU_EFPEM01VScale
                0x0000000008004b16        0x2 ./simplicity_sdk_2025.6.2/platform/emlib/src/em_emu.o
                0x0000000008004b16                EMU_EFPEM01VScale
 .text.EMU_DCDCUpdatedHook
                0x0000000008004b18        0x2 ./simplicity_sdk_2025.6.2/platform/emlib/src/em_emu.o
                0x0000000008004b18                EMU_DCDCUpdatedHook
 .text.eusart_sync
                0x0000000008004b1a        0x8 ./simplicity_sdk_2025.6.2/platform/emlib/src/em_eusart.o
 .text.EUSART_Disable
                0x0000000008004b22       0x34 ./simplicity_sdk_2025.6.2/platform/emlib/src/em_eusart.o
 .text.EUSART_Spi_TxRx
                0x0000000008004b56       0x14 ./simplicity_sdk_2025.6.2/platform/emlib/src/em_eusart.o
                0x0000000008004b56                EUSART_Spi_TxRx
 .text.BUS_RegMaskedWrite
                0x0000000008004b6a       0x1e ./simplicity_sdk_2025.6.2/platform/emlib/src/em_gpio.o
 .text.USART_Tx
                0x0000000008004b88        0xa ./simplicity_sdk_2025.6.2/platform/emlib/src/em_usart.o
                0x0000000008004b88                USART_Tx
 .text.sl_hal_bus_reg_write_mask
                0x0000000008004b92       0x1e ./simplicity_sdk_2025.6.2/platform/peripheral/src/sl_hal_gpio.o
 .text.sl_clock_manager_runtime_init
                0x0000000008004bb0        0x4 ./simplicity_sdk_2025.6.2/platform/service/clock_manager/src/sl_clock_manager.o
                0x0000000008004bb0                sl_clock_manager_runtime_init
 .text.sli_clock_manager_hal_runtime_init
                0x0000000008004bb4        0x4 ./simplicity_sdk_2025.6.2/platform/service/clock_manager/src/sl_clock_manager_hal_s2.o
                0x0000000008004bb4                sli_clock_manager_hal_runtime_init
 .text.sl_clock_manager_init
                0x0000000008004bb8        0x4 ./simplicity_sdk_2025.6.2/platform/service/clock_manager/src/sl_clock_manager_init.o
                0x0000000008004bb8                sl_clock_manager_init
 .text.sl_iostream_write
                0x0000000008004bbc       0x22 ./simplicity_sdk_2025.6.2/platform/service/iostream/src/sl_iostream.o
                0x0000000008004bbc                sl_iostream_write
 .text.sl_iostream_read
                0x0000000008004bde       0x30 ./simplicity_sdk_2025.6.2/platform/service/iostream/src/sl_iostream.o
                0x0000000008004bde                sl_iostream_read
 .text._close   0x0000000008004c0e        0x4 ./simplicity_sdk_2025.6.2/platform/service/iostream/src/sl_iostream_retarget_stdio.o
                0x0000000008004c0e                _close
 .text._exit    0x0000000008004c12        0x2 ./simplicity_sdk_2025.6.2/platform/service/iostream/src/sl_iostream_retarget_stdio.o
                0x0000000008004c12                _exit
 .text._fstat   0x0000000008004c14        0xa ./simplicity_sdk_2025.6.2/platform/service/iostream/src/sl_iostream_retarget_stdio.o
                0x0000000008004c14                _fstat
 .text._lseek   0x0000000008004c1e        0x4 ./simplicity_sdk_2025.6.2/platform/service/iostream/src/sl_iostream_retarget_stdio.o
                0x0000000008004c1e                _lseek
 .text._read    0x0000000008004c22       0x1c ./simplicity_sdk_2025.6.2/platform/service/iostream/src/sl_iostream_retarget_stdio.o
                0x0000000008004c22                _read
 .text.set_auto_cr_lf
                0x0000000008004c3e        0x6 ./simplicity_sdk_2025.6.2/platform/service/iostream/src/sl_iostream_uart.o
 .text.get_auto_cr_lf
                0x0000000008004c44        0x6 ./simplicity_sdk_2025.6.2/platform/service/iostream/src/sl_iostream_uart.o
 .text.__uart_async_rx_dma_callback
                0x0000000008004c4a       0x70 ./simplicity_sdk_2025.6.2/platform/service/iostream/src/sl_iostream_uart.o
 .text.uart_write_async
                0x0000000008004cba       0x46 ./simplicity_sdk_2025.6.2/platform/service/iostream/src/sl_iostream_uart.o
 .text.sli_iostream_uart_unsubscribe_to_new_data
                0x0000000008004d00       0x1c ./simplicity_sdk_2025.6.2/platform/service/iostream/src/sl_iostream_uart.o
                0x0000000008004d00                sli_iostream_uart_unsubscribe_to_new_data
 .text.usart_rx
                0x0000000008004d1c       0x14 ./simplicity_sdk_2025.6.2/platform/service/iostream/src/sl_iostream_usart.o
 .text.usart_deinit
                0x0000000008004d30       0x76 ./simplicity_sdk_2025.6.2/platform/service/iostream/src/sl_iostream_usart.o
 .text.usart_tx
                0x0000000008004da6        0xe ./simplicity_sdk_2025.6.2/platform/service/iostream/src/sl_iostream_usart.o
 .text.__wrap_sl_system_init
                0x0000000008004db4        0x4 ./simplicity_sdk_2025.6.2/platform/service/sl_main/sl_system_compatibility/src/sl_system_compatibility.o
                0x0000000008004db4                __wrap_sl_system_init
 .text.__wrap_sl_system_process_action
                0x0000000008004db8        0x4 ./simplicity_sdk_2025.6.2/platform/service/sl_main/sl_system_compatibility/src/sl_system_compatibility.o
                0x0000000008004db8                __wrap_sl_system_process_action
 .text.app_init_pre_clock
                0x0000000008004dbc        0x2 ./simplicity_sdk_2025.6.2/platform/service/sl_main/src/sl_main_init.o
                0x0000000008004dbc                app_init_pre_clock
 .text.app_init_early
                0x0000000008004dbe        0x2 ./simplicity_sdk_2025.6.2/platform/service/sl_main/src/sl_main_init.o
                0x0000000008004dbe                app_init_early
 .text.sl_main_second_stage_init
                0x0000000008004dc0       0x1a ./simplicity_sdk_2025.6.2/platform/service/sl_main/src/sl_main_init.o
                0x0000000008004dc0                sl_main_second_stage_init
 .text.sl_main_init
                0x0000000008004dda       0x2e ./simplicity_sdk_2025.6.2/platform/service/sl_main/src/sl_main_init.o
                0x0000000008004dda                sl_main_init
 .text.app_permanent_memory_alloc
                0x0000000008004e08        0x2 ./simplicity_sdk_2025.6.2/platform/service/sl_main/src/sl_main_init_memory.o
                0x0000000008004e08                app_permanent_memory_alloc
 .text.sli_allocate_permanent_memory
                0x0000000008004e0a       0x18 ./simplicity_sdk_2025.6.2/platform/service/sl_main/src/sl_main_init_memory.o
                0x0000000008004e0a                sli_allocate_permanent_memory
 .text.sl_main_process_action
                0x0000000008004e22       0x16 ./simplicity_sdk_2025.6.2/platform/service/sl_main/src/sl_main_process_action.o
                0x0000000008004e22                sl_main_process_action
 .text.memcpy   0x0000000008004e38       0x1a /home/developer/SimplicityStudio_v5/developer/toolchains/gnu_arm/12.2.rel1_2023.7/bin/../lib/gcc/arm-none-eabi/12.2.1/../../../../arm-none-eabi/lib/thumb/v8-m.main+fp/hard/libc_nano.a(libc_a-memcpy-stub.o)
                0x0000000008004e38                memcpy
 .text.__sread  0x0000000008004e52       0x22 /home/developer/SimplicityStudio_v5/developer/toolchains/gnu_arm/12.2.rel1_2023.7/bin/../lib/gcc/arm-none-eabi/12.2.1/../../../../arm-none-eabi/lib/thumb/v8-m.main+fp/hard/libc_nano.a(libc_a-stdio.o)
                0x0000000008004e52                __sread
 .text.__swrite
                0x0000000008004e74       0x38 /home/developer/SimplicityStudio_v5/developer/toolchains/gnu_arm/12.2.rel1_2023.7/bin/../lib/gcc/arm-none-eabi/12.2.1/../../../../arm-none-eabi/lib/thumb/v8-m.main+fp/hard/libc_nano.a(libc_a-stdio.o)
                0x0000000008004e74                __swrite
 .text.__sseek  0x0000000008004eac       0x24 /home/developer/SimplicityStudio_v5/developer/toolchains/gnu_arm/12.2.rel1_2023.7/bin/../lib/gcc/arm-none-eabi/12.2.1/../../../../arm-none-eabi/lib/thumb/v8-m.main+fp/hard/libc_nano.a(libc_a-stdio.o)
                0x0000000008004eac                __sseek
 .text.__sclose
                0x0000000008004ed0        0x8 /home/developer/SimplicityStudio_v5/developer/toolchains/gnu_arm/12.2.rel1_2023.7/bin/../lib/gcc/arm-none-eabi/12.2.1/../../../../arm-none-eabi/lib/thumb/v8-m.main+fp/hard/libc_nano.a(libc_a-stdio.o)
                0x0000000008004ed0                __sclose
 .text._fwalk_sglue
                0x0000000008004ed8       0x3c /home/developer/SimplicityStudio_v5/developer/toolchains/gnu_arm/12.2.rel1_2023.7/bin/../lib/gcc/arm-none-eabi/12.2.1/../../../../arm-none-eabi/lib/thumb/v8-m.main+fp/hard/libc_nano.a(libc_a-fwalk.o)
                0x0000000008004ed8                _fwalk_sglue
 .text.memset   0x0000000008004f14       0x10 /home/developer/SimplicityStudio_v5/developer/toolchains/gnu_arm/12.2.rel1_2023.7/bin/../lib/gcc/arm-none-eabi/12.2.1/../../../../arm-none-eabi/lib/thumb/v8-m.main+fp/hard/libc_nano.a(libc_a-memset.o)
                0x0000000008004f14                memset
 .text.__retarget_lock_init_recursive
                0x0000000008004f24        0x2 /home/developer/SimplicityStudio_v5/developer/toolchains/gnu_arm/12.2.rel1_2023.7/bin/../lib/gcc/arm-none-eabi/12.2.1/../../../../arm-none-eabi/lib/thumb/v8-m.main+fp/hard/libc_nano.a(libc_a-lock.o)
                0x0000000008004f24                __retarget_lock_init_recursive
 .text.__retarget_lock_acquire_recursive
                0x0000000008004f26        0x2 /home/developer/SimplicityStudio_v5/developer/toolchains/gnu_arm/12.2.rel1_2023.7/bin/../lib/gcc/arm-none-eabi/12.2.1/../../../../arm-none-eabi/lib/thumb/v8-m.main+fp/hard/libc_nano.a(libc_a-lock.o)
                0x0000000008004f26                __retarget_lock_acquire_recursive
 .text.__retarget_lock_release_recursive
                0x0000000008004f28        0x2 /home/developer/SimplicityStudio_v5/developer/toolchains/gnu_arm/12.2.rel1_2023.7/bin/../lib/gcc/arm-none-eabi/12.2.1/../../../../arm-none-eabi/lib/thumb/v8-m.main+fp/hard/libc_nano.a(libc_a-lock.o)
                0x0000000008004f28                __retarget_lock_release_recursive
 .text.__swhatbuf_r
                0x0000000008004f2a       0x4a /home/developer/SimplicityStudio_v5/developer/toolchains/gnu_arm/12.2.rel1_2023.7/bin/../lib/gcc/arm-none-eabi/12.2.1/../../../../arm-none-eabi/lib/thumb/v8-m.main+fp/hard/libc_nano.a(libc_a-makebuf.o)
                0x0000000008004f2a                __swhatbuf_r
 .text.__sflush_r
                0x0000000008004f74      0x106 /home/developer/SimplicityStudio_v5/developer/toolchains/gnu_arm/12.2.rel1_2023.7/bin/../lib/gcc/arm-none-eabi/12.2.1/../../../../arm-none-eabi/lib/thumb/v8-m.main+fp/hard/libc_nano.a(libc_a-fflush.o)
                0x0000000008004f74                __sflush_r
 .text._fflush_r
                0x000000000800507a       0x50 /home/developer/SimplicityStudio_v5/developer/toolchains/gnu_arm/12.2.rel1_2023.7/bin/../lib/gcc/arm-none-eabi/12.2.1/../../../../arm-none-eabi/lib/thumb/v8-m.main+fp/hard/libc_nano.a(libc_a-fflush.o)
                0x000000000800507a                _fflush_r
 *(SORT_BY_ALIGNMENT(text_*))
 *fill*         0x00000000080050ca        0x2 
 text_system_timecritical19225
                0x00000000080050cc        0xc ./simplicity_sdk_2025.6.2/platform/Device/SiliconLabs/EFR32MG24/Source/system_efr32mg24.o
                0x00000000080050cc                SystemHFRCODPLLClockGet
 text_system_timecritical20228
                0x00000000080050d8       0x40 ./simplicity_sdk_2025.6.2/platform/Device/SiliconLabs/EFR32MG24/Source/system_efr32mg24.o
                0x00000000080050d8                SystemSYSCLKGet
 text_system_timecritical16181
                0x0000000008005118       0x24 ./simplicity_sdk_2025.6.2/platform/Device/SiliconLabs/EFR32MG24/Source/system_efr32mg24.o
                0x0000000008005118                SystemHCLKGet
 text_system_timecritical21230
                0x000000000800513c        0x8 ./simplicity_sdk_2025.6.2/platform/Device/SiliconLabs/EFR32MG24/Source/system_efr32mg24.o
                0x000000000800513c                SystemMaxCoreClockGet
 text_system_timecritical22232
                0x0000000008005144        0x8 ./simplicity_sdk_2025.6.2/platform/Device/SiliconLabs/EFR32MG24/Source/system_efr32mg24.o
                0x0000000008005144                SystemFSRCOClockGet
 text_system_timecritical23234
                0x000000000800514c        0xc ./simplicity_sdk_2025.6.2/platform/Device/SiliconLabs/EFR32MG24/Source/system_efr32mg24.o
                0x000000000800514c                SystemHFXOClockGet
 text_system_timecritical24237
                0x0000000008005158        0x8 ./simplicity_sdk_2025.6.2/platform/Device/SiliconLabs/EFR32MG24/Source/system_efr32mg24.o
                0x0000000008005158                SystemCLKIN0Get
 text_system_timecritical25239
                0x0000000008005160       0x90 ./simplicity_sdk_2025.6.2/platform/Device/SiliconLabs/EFR32MG24/Source/system_efr32mg24.o
                0x0000000008005160                SystemHFRCOEM23ClockGet
 text_system_timecritical26241
                0x00000000080051f0        0xc ./simplicity_sdk_2025.6.2/platform/Device/SiliconLabs/EFR32MG24/Source/system_efr32mg24.o
                0x00000000080051f0                SystemLFXOClockGet
 text_dmadrv_timecritical29166
                0x00000000080051fc       0x40 ./simplicity_sdk_2025.6.2/platform/emdrv/dmadrv/src/dmadrv.o
                0x00000000080051fc                DMADRV_StopTransfer
 text_dmadrv_timecritical32174
                0x000000000800523c       0x44 ./simplicity_sdk_2025.6.2/platform/emdrv/dmadrv/src/dmadrv.o
                0x000000000800523c                DMADRV_TransferDone
 text_dmadrv_timecritical33177
                0x0000000008005280       0x44 ./simplicity_sdk_2025.6.2/platform/emdrv/dmadrv/src/dmadrv.o
                0x0000000008005280                DMADRV_TransferRemainingCount
 text_hal_gpio_timecritical29429
                0x00000000080052c4       0x58 ./simplicity_sdk_2025.6.2/platform/peripheral/src/sl_hal_gpio.o
                0x00000000080052c4                sl_hal_gpio_set_pin
 text_hal_sysrtc_timecritical29261
                0x000000000800531c       0x14 ./simplicity_sdk_2025.6.2/platform/peripheral/src/sl_hal_sysrtc.o
                0x000000000800531c                sl_hal_sysrtc_wait_sync
 text_hal_sysrtc_timecritical31625
                0x0000000008005330       0x24 ./simplicity_sdk_2025.6.2/platform/peripheral/src/sl_hal_sysrtc.o
                0x0000000008005330                sl_hal_sysrtc_wait_sync_group
 text_hal_sysrtc_timecritical32658
                0x0000000008005354       0x1c ./simplicity_sdk_2025.6.2/platform/peripheral/src/sl_hal_sysrtc.o
                0x0000000008005354                sl_hal_sysrtc_enable_group_interrupts
 text_hal_sysrtc_timecritical33674
                0x0000000008005370       0x1c ./simplicity_sdk_2025.6.2/platform/peripheral/src/sl_hal_sysrtc.o
                0x0000000008005370                sl_hal_sysrtc_disable_group_interrupts
 text_hal_sysrtc_timecritical34690
                0x000000000800538c       0x1c ./simplicity_sdk_2025.6.2/platform/peripheral/src/sl_hal_sysrtc.o
                0x000000000800538c                sl_hal_sysrtc_clear_group_interrupts
 text_hal_sysrtc_timecritical35709
                0x00000000080053a8       0x20 ./simplicity_sdk_2025.6.2/platform/peripheral/src/sl_hal_sysrtc.o
                0x00000000080053a8                sl_hal_sysrtc_get_group_interrupts
 text_hal_sysrtc_timecritical36758
                0x00000000080053c8       0x28 ./simplicity_sdk_2025.6.2/platform/peripheral/src/sl_hal_sysrtc.o
                0x00000000080053c8                sl_hal_sysrtc_get_group_compare_channel_value
 text_hal_sysrtc_timecritical37775
                0x00000000080053f0       0x28 ./simplicity_sdk_2025.6.2/platform/peripheral/src/sl_hal_sysrtc.o
                0x00000000080053f0                sl_hal_sysrtc_set_group_compare_channel_value
 text_clock_manager_timecritical2674
                0x0000000008005418       0x54 ./simplicity_sdk_2025.6.2/platform/service/clock_manager/src/sl_clock_manager_hal_s2.o
                0x0000000008005418                sli_clock_manager_hal_enable_bus_clock
 text_sleeptimer_timecritical66121
                0x000000000800546c       0x40 ./simplicity_sdk_2025.6.2/platform/service/sleeptimer/src/sl_sleeptimer.o
 text_sleeptimer_timecritical67125
                0x00000000080054ac       0x3c ./simplicity_sdk_2025.6.2/platform/service/sleeptimer/src/sl_sleeptimer.o
 text_sleeptimer_timecritical69131
                0x00000000080054e8       0x34 ./simplicity_sdk_2025.6.2/platform/service/sleeptimer/src/sl_sleeptimer.o
 text_sleeptimer_timecritical68128
                0x000000000800551c       0x64 ./simplicity_sdk_2025.6.2/platform/service/sleeptimer/src/sl_sleeptimer.o
 text_sleeptimer_timecritical65151
                0x0000000008005580      0x148 ./simplicity_sdk_2025.6.2/platform/service/sleeptimer/src/sl_sleeptimer.o
                0x0000000008005580                process_timer_irq
 text_sleeptimer_timecritical6454
                0x00000000080056c8       0x10 ./simplicity_sdk_2025.6.2/platform/service/sleeptimer/src/sl_sleeptimer_hal_sysrtc.o
                0x00000000080056c8                sleeptimer_hal_get_counter
 text_sleeptimer_timecritical6885
                0x00000000080056d8       0x18 ./simplicity_sdk_2025.6.2/platform/service/sleeptimer/src/sl_sleeptimer_hal_sysrtc.o
                0x00000000080056d8                sleeptimer_hal_get_timer_frequency
 text_sleeptimer_timecritical6670
                0x00000000080056f0       0x70 ./simplicity_sdk_2025.6.2/platform/service/sleeptimer/src/sl_sleeptimer_hal_sysrtc.o
                0x00000000080056f0                sleeptimer_hal_set_compare
 text_sleeptimer_timecritical70101
                0x0000000008005760       0x24 ./simplicity_sdk_2025.6.2/platform/service/sleeptimer/src/sl_sleeptimer_hal_sysrtc.o
                0x0000000008005760                sleeptimer_hal_disable_int
 text_sleeptimer_timecritical71109
                0x0000000008005784       0x10 ./simplicity_sdk_2025.6.2/platform/service/sleeptimer/src/sl_sleeptimer_hal_sysrtc.o
                0x0000000008005784                sleeptimer_hal_set_int
 text_system_timecritical27244
                0x0000000008005794        0x6 ./simplicity_sdk_2025.6.2/platform/Device/SiliconLabs/EFR32MG24/Source/system_efr32mg24.o
                0x0000000008005794                SystemLFRCOClockGet
 text_system_timecritical28246
                0x000000000800579a        0x6 ./simplicity_sdk_2025.6.2/platform/Device/SiliconLabs/EFR32MG24/Source/system_efr32mg24.o
                0x000000000800579a                SystemULFRCOClockGet
 text_core_timecritical2307
                0x00000000080057a0        0xa ./simplicity_sdk_2025.6.2/platform/common/src/sl_core_cortexm.o
                0x00000000080057a0                CORE_ExitCritical
 text_core_timecritical4331
                0x00000000080057aa        0x8 ./simplicity_sdk_2025.6.2/platform/common/src/sl_core_cortexm.o
                0x00000000080057aa                CORE_EnterCritical
 text_core_timecritical7363
                0x00000000080057b2        0xa ./simplicity_sdk_2025.6.2/platform/common/src/sl_core_cortexm.o
                0x00000000080057b2                CORE_ExitAtomic
 text_core_timecritical9387
                0x00000000080057bc        0xc ./simplicity_sdk_2025.6.2/platform/common/src/sl_core_cortexm.o
                0x00000000080057bc                CORE_EnterAtomic
 text_clock_manager_timecritical1352
                0x00000000080057c8        0xa ./simplicity_sdk_2025.6.2/platform/service/clock_manager/src/sl_clock_manager.o
                0x00000000080057c8                sl_clock_manager_get_clock_branch_frequency
 text_clock_manager_timecritical2380
                0x00000000080057d2        0x6 ./simplicity_sdk_2025.6.2/platform/service/clock_manager/src/sl_clock_manager.o
                0x00000000080057d2                sl_clock_manager_enable_bus_clock
 text_clock_manager_timecritical3394
                0x00000000080057d8        0x6 ./simplicity_sdk_2025.6.2/platform/service/clock_manager/src/sl_clock_manager.o
                0x00000000080057d8                sl_clock_manager_disable_bus_clock
 text_clock_manager_timecritical2561
                0x00000000080057de       0xc4 ./simplicity_sdk_2025.6.2/platform/service/clock_manager/src/sl_clock_manager_hal_s2.o
                0x00000000080057de                sli_clock_manager_hal_get_clock_branch_frequency
 text_sleeptimer_timecritical6562
                0x00000000080058a2        0x8 ./simplicity_sdk_2025.6.2/platform/service/sleeptimer/src/sl_sleeptimer_hal_sysrtc.o
                0x00000000080058a2                sleeptimer_hal_get_compare
 text_sleeptimer_timecritical6993
                0x00000000080058aa       0x12 ./simplicity_sdk_2025.6.2/platform/service/sleeptimer/src/sl_sleeptimer_hal_sysrtc.o
                0x00000000080058aa                sleeptimer_hal_enable_int
 text_sleeptimer_timecritical86325
                0x00000000080058bc       0x34 ./simplicity_sdk_2025.6.2/platform/service/sleeptimer/src/sl_sleeptimer_hal_sysrtc.o
                0x00000000080058bc                SYSRTC_APP_IRQHandler
                0x0000000008005900                . = ALIGN (0x20)
 *fill*         0x00000000080058f0       0x10 
                0x0000000008005900                linker_code_end = .
 *(.init)
 .init          0x0000000008005900        0x4 /home/developer/SimplicityStudio_v5/developer/toolchains/gnu_arm/12.2.rel1_2023.7/bin/../lib/gcc/arm-none-eabi/12.2.1/thumb/v8-m.main+fp/hard/crti.o
                0x0000000008005900                _init
 .init          0x0000000008005904        0x8 /home/developer/SimplicityStudio_v5/developer/toolchains/gnu_arm/12.2.rel1_2023.7/bin/../lib/gcc/arm-none-eabi/12.2.1/thumb/v8-m.main+fp/hard/crtn.o
 *(.fini)
 .fini          0x000000000800590c        0x4 /home/developer/SimplicityStudio_v5/developer/toolchains/gnu_arm/12.2.rel1_2023.7/bin/../lib/gcc/arm-none-eabi/12.2.1/thumb/v8-m.main+fp/hard/crti.o
                0x000000000800590c                _fini
 .fini          0x0000000008005910        0x8 /home/developer/SimplicityStudio_v5/developer/toolchains/gnu_arm/12.2.rel1_2023.7/bin/../lib/gcc/arm-none-eabi/12.2.1/thumb/v8-m.main+fp/hard/crtn.o
 *crtbegin.o(.ctors)
 *crtbegin?.o(.ctors)
 *(EXCLUDE_FILE(*crtend.o *crtend?.o) .ctors)
 *(SORT_BY_NAME(.ctors.*))
 *(.ctors)
 *crtbegin.o(.dtors)
 *crtbegin?.o(.dtors)
 *(EXCLUDE_FILE(*crtend.o *crtend?.o) .dtors)
 *(SORT_BY_NAME(.dtors.*))
 *(.dtors)
 *(.rodata*)
 .rodata.sl_iostream_usart_init_exp.str1.1
                0x0000000008005918       0x2e ./autogen/sl_iostream_init_usart_instances.o
 .rodata.str1.1
                0x0000000008005946        0x4 ./autogen/sl_iostream_init_usart_instances.o
 *fill*         0x000000000800594a        0x2 
 .rodata        0x000000000800594c       0x1c ./autogen/sl_iostream_init_usart_instances.o
 .rodata        0x0000000008005968       0x3a ./simplicity_sdk_2025.6.2/hardware/driver/mx25_flash_shutdown/src/sl_mx25_flash_shutdown_eusart/sl_mx25_flash_shutdown.o
 .rodata.sl_slist_push.str1.1
                0x00000000080059a2       0x56 ./simplicity_sdk_2025.6.2/platform/common/src/sl_slist.o
 .rodata.str1.1
                0x00000000080059f8       0x5a ./simplicity_sdk_2025.6.2/platform/driver/gpio/src/sl_gpio.o
 .rodata.CSWTCH.74
                0x0000000008005a52        0x6 ./simplicity_sdk_2025.6.2/platform/driver/gpio/src/sl_gpio.o
 .rodata        0x0000000008005a58        0x4 ./simplicity_sdk_2025.6.2/platform/emdrv/dmadrv/src/dmadrv.o
 .rodata.traceClkGet.str1.1
                0x0000000008005a5c       0x53 ./simplicity_sdk_2025.6.2/platform/emlib/src/em_cmu.o
 .rodata.EMU_VScaleEM01.str1.1
                0x0000000008005aaf       0x53 ./simplicity_sdk_2025.6.2/platform/emlib/src/em_emu.o
 .rodata.EUSART_Enable.str1.1
                0x0000000008005b02       0x56 ./simplicity_sdk_2025.6.2/platform/emlib/src/em_eusart.o
 .rodata.GPIO_PinOutSet.str1.1
                0x0000000008005b58       0x55 ./simplicity_sdk_2025.6.2/platform/emlib/src/em_gpio.o
 .rodata.GPIO_ExtIntConfig.str1.1
                0x0000000008005bad       0x54 ./simplicity_sdk_2025.6.2/platform/emlib/src/em_gpio.o
 *fill*         0x0000000008005c01        0x1 
 .rodata.CSWTCH.32
                0x0000000008005c02        0x8 ./simplicity_sdk_2025.6.2/platform/emlib/src/em_gpio.o
 .rodata.LDMA_EnableChannelRequest.str1.1
                0x0000000008005c0a       0xa8 ./simplicity_sdk_2025.6.2/platform/emlib/src/em_ldma.o
 .rodata.USART_BaudrateAsyncSet.str1.1
                0x0000000008005cb2       0x55 ./simplicity_sdk_2025.6.2/platform/emlib/src/em_usart.o
 .rodata.str1.1
                0x0000000008005d07       0x5e ./simplicity_sdk_2025.6.2/platform/peripheral/src/sl_hal_gpio.o
 .rodata.sl_hal_gpio_set_pin_mode.str1.1
                0x0000000008005d65       0x5d ./simplicity_sdk_2025.6.2/platform/peripheral/src/sl_hal_gpio.o
 .rodata.CSWTCH.54
                0x0000000008005dc2        0x6 ./simplicity_sdk_2025.6.2/platform/peripheral/src/sl_hal_gpio.o
 .rodata.sl_hal_sysrtc_start.str1.1
                0x0000000008005dc8       0x60 ./simplicity_sdk_2025.6.2/platform/peripheral/src/sl_hal_sysrtc.o
 .rodata.str1.1
                0x0000000008005e28       0x5f ./simplicity_sdk_2025.6.2/platform/peripheral/src/sl_hal_sysrtc.o
 .rodata.str1.1
                0x0000000008005e87       0x74 ./simplicity_sdk_2025.6.2/platform/service/clock_manager/src/sl_clock_manager_hal_s2.o
                                         0xc8 (size before relaxing)
 .rodata.sli_clock_manager_hal_init.str1.1
                0x0000000008005efb       0x79 ./simplicity_sdk_2025.6.2/platform/service/clock_manager/src/sl_clock_manager_init_hal_s2.o
 .rodata        0x0000000008005f74       0x3c ./simplicity_sdk_2025.6.2/platform/service/clock_manager/src/sl_clock_manager_init_hal_s2.o
 .rodata        0x0000000008005fb0        0x7 ./simplicity_sdk_2025.6.2/platform/service/device_init/src/sl_device_init_dcdc_s2.o
 *fill*         0x0000000008005fb7        0x1 
 .rodata.SL_BUS_CLOCK_SYSRTC0_VALUE
                0x0000000008005fb8        0x4 ./simplicity_sdk_2025.6.2/platform/service/device_manager/clocks/sl_device_clock_efr32xg24.o
                0x0000000008005fb8                SL_BUS_CLOCK_SYSRTC0_VALUE
 .rodata.SL_BUS_CLOCK_LFRCO_VALUE
                0x0000000008005fbc        0x4 ./simplicity_sdk_2025.6.2/platform/service/device_manager/clocks/sl_device_clock_efr32xg24.o
                0x0000000008005fbc                SL_BUS_CLOCK_LFRCO_VALUE
 .rodata.SL_BUS_CLOCK_GPIO_VALUE
                0x0000000008005fc0        0x4 ./simplicity_sdk_2025.6.2/platform/service/device_manager/clocks/sl_device_clock_efr32xg24.o
                0x0000000008005fc0                SL_BUS_CLOCK_GPIO_VALUE
 .rodata.SL_BUS_CLOCK_EUSART1_VALUE
                0x0000000008005fc4        0x4 ./simplicity_sdk_2025.6.2/platform/service/device_manager/clocks/sl_device_clock_efr32xg24.o
                0x0000000008005fc4                SL_BUS_CLOCK_EUSART1_VALUE
 .rodata.sl_peripheral_val_sysrtc0
                0x0000000008005fc8        0xc ./simplicity_sdk_2025.6.2/platform/service/device_manager/devices/sl_device_peripheral_hal_efr32xg24.o
                0x0000000008005fc8                sl_peripheral_val_sysrtc0
 .rodata.sl_interrupt_manager_disable_irq.str1.1
                0x0000000008005fd4       0x7d ./simplicity_sdk_2025.6.2/platform/service/interrupt_manager/src/sl_interrupt_manager_cortexm.o
 .rodata._write.str1.1
                0x0000000008006051       0x72 ./simplicity_sdk_2025.6.2/platform/service/iostream/src/sl_iostream_retarget_stdio.o
 .rodata.__rx_buffer_full.str1.1
                0x00000000080060c3       0x68 ./simplicity_sdk_2025.6.2/platform/service/iostream/src/sl_iostream_uart.o
 .rodata.sl_iostream_usart_irq_handler.str1.1
                0x000000000800612b       0x69 ./simplicity_sdk_2025.6.2/platform/service/iostream/src/sl_iostream_usart.o
 .rodata.str1.1
                0x0000000008006194       0x67 ./simplicity_sdk_2025.6.2/platform/service/sleeptimer/src/sl_sleeptimer.o
 .rodata.sl_udelay_wait.str1.1
                0x00000000080061fb       0x5f ./simplicity_sdk_2025.6.2/platform/service/udelay/src/sl_udelay.o
 *(.eh_frame*)
 *fill*         0x000000000800625a        0x2 
 .eh_frame      0x000000000800625c        0x0 /home/developer/SimplicityStudio_v5/developer/toolchains/gnu_arm/12.2.rel1_2023.7/bin/../lib/gcc/arm-none-eabi/12.2.1/thumb/v8-m.main+fp/hard/crtbegin.o

.glue_7         0x000000000800625c        0x0
 .glue_7        0x000000000800625c        0x0 linker stubs

.glue_7t        0x000000000800625c        0x0
 .glue_7t       0x000000000800625c        0x0 linker stubs

.vfp11_veneer   0x000000000800625c        0x0
 .vfp11_veneer  0x000000000800625c        0x0 linker stubs

.v4_bx          0x000000000800625c        0x0
 .v4_bx         0x000000000800625c        0x0 linker stubs

.iplt           0x000000000800625c        0x0
 .iplt          0x000000000800625c        0x0 /home/developer/SimplicityStudio_v5/developer/toolchains/gnu_arm/12.2.rel1_2023.7/bin/../lib/gcc/arm-none-eabi/12.2.1/thumb/v8-m.main+fp/hard/crtbegin.o

.ARM.extab
 *(.ARM.extab* .gnu.linkonce.armextab.*)
                0x000000000800625c                __exidx_start = .

.ARM.exidx      0x000000000800625c        0x8
 *(.ARM.exidx* .gnu.linkonce.armexidx.*)
 .ARM.exidx     0x000000000800625c        0x8 /home/developer/SimplicityStudio_v5/developer/toolchains/gnu_arm/12.2.rel1_2023.7/bin/../lib/gcc/arm-none-eabi/12.2.1/../../../../arm-none-eabi/lib/thumb/v8-m.main+fp/hard/crt0.o
                                         0x10 (size before relaxing)
 .ARM.exidx.text.__udivmoddi4
                0x0000000008006264        0x0 /home/developer/SimplicityStudio_v5/developer/toolchains/gnu_arm/12.2.rel1_2023.7/bin/../lib/gcc/arm-none-eabi/12.2.1/thumb/v8-m.main+fp/hard/libgcc.a(_udivmoddi4.o)
                                          0x8 (size before relaxing)
                0x0000000008006264                __exidx_end = .

.copy.table     0x0000000008006264        0xc
                0x0000000008006264                . = ALIGN (0x4)
                0x0000000008006264                __copy_table_start__ = .
                0x0000000008006264        0x4 LONG 0x8006270 __etext
                0x0000000008006268        0x4 LONG 0x20001568 __data_start__
                0x000000000800626c        0x4 LONG 0x2b ((__data_end__ - __data_start__) / 0x4)
                0x0000000008006270                __copy_table_end__ = .

.rel.dyn        0x0000000008006270        0x0
 .rel.iplt      0x0000000008006270        0x0 /home/developer/SimplicityStudio_v5/developer/toolchains/gnu_arm/12.2.rel1_2023.7/bin/../lib/gcc/arm-none-eabi/12.2.1/thumb/v8-m.main+fp/hard/crtbegin.o

.zero.table     0x0000000008006270        0x0
                0x0000000008006270                . = ALIGN (0x4)
                0x0000000008006270                __zero_table_start__ = .
                0x0000000008006270                __zero_table_end__ = .
                0x0000000008006270                __etext = .

.data           0x0000000020001568       0xac load address 0x0000000008006270
                0x0000000020001568                . = ALIGN (0x4)
                0x0000000020001568                __data_start__ = .
 *(vtable)
 *(SORT_BY_ALIGNMENT(.data*))
 .data.sl_iostream_instances_info
                0x0000000020001568        0x4 ./autogen/sl_iostream_handles.o
                0x0000000020001568                sl_iostream_instances_info
 .data.sl_iostream_instance_exp_info
                0x000000002000156c       0x10 ./autogen/sl_iostream_init_usart_instances.o
                0x000000002000156c                sl_iostream_instance_exp_info
 .data.uart_periph_exp
                0x000000002000157c       0x14 ./autogen/sl_iostream_init_usart_instances.o
 .data.SystemCoreClock
                0x0000000020001590        0x4 ./simplicity_sdk_2025.6.2/platform/Device/SiliconLabs/EFR32MG24/Source/system_efr32mg24.o
                0x0000000020001590                SystemCoreClock
 .data.SystemHFRCODPLLClock
                0x0000000020001594        0x4 ./simplicity_sdk_2025.6.2/platform/Device/SiliconLabs/EFR32MG24/Source/system_efr32mg24.o
 .data.SystemLFXOClock
                0x0000000020001598        0x4 ./simplicity_sdk_2025.6.2/platform/Device/SiliconLabs/EFR32MG24/Source/system_efr32mg24.o
 .data.SystemHFXOClock
                0x000000002000159c        0x4 ./simplicity_sdk_2025.6.2/platform/Device/SiliconLabs/EFR32MG24/Source/system_efr32mg24.o
 .data.heap_end.0
                0x00000000200015a0        0x4 ./simplicity_sdk_2025.6.2/platform/service/memory_manager/src/sl_memory_manager_region.o
 .data._impure_ptr
                0x00000000200015a4        0x4 /home/developer/SimplicityStudio_v5/developer/toolchains/gnu_arm/12.2.rel1_2023.7/bin/../lib/gcc/arm-none-eabi/12.2.1/../../../../arm-none-eabi/lib/thumb/v8-m.main+fp/hard/libc_nano.a(libc_a-impure.o)
                0x00000000200015a4                _impure_ptr
 .data._impure_data